
 Ansys Mechanical Enterprise Academic Student      


 *------------------------------------------------------------------*
 |                                                                  |
 |   W E L C O M E   T O   T H E   A N S Y S (R)  P R O G R A M     |
 |                                                                  |
 *------------------------------------------------------------------*




 ***************************************************************
 *         ANSYS MAPDL 2025 R2          LEGAL NOTICES          *
 ***************************************************************
 *                                                             *
 * Copyright 1971-2025 Ansys, Inc.  All rights reserved.       *
 * Unauthorized use, distribution or duplication is            *
 * prohibited.                                                 *
 *                                                             *
 * Ansys is a registered trademark of Ansys, Inc. or its       *
 * subsidiaries in the United States or other countries.       *
 * See the Ansys, Inc. online documentation or the Ansys, Inc. *
 * documentation CD or online help for the complete Legal      *
 * Notice.                                                     *
 *                                                             *
 ***************************************************************
 *                                                             *
 * THIS ANSYS SOFTWARE PRODUCT AND PROGRAM DOCUMENTATION       *
 * INCLUDE TRADE SECRETS AND CONFIDENTIAL AND PROPRIETARY      *
 * PRODUCTS OF ANSYS, INC., ITS SUBSIDIARIES, OR LICENSORS.    *
 * The software products and documentation are furnished by    *
 * Ansys, Inc. or its subsidiaries under a software license    *
 * agreement that contains provisions concerning               *
 * non-disclosure, copying, length and nature of use,          *
 * compliance with exporting laws, warranties, disclaimers,    *
 * limitations of liability, and remedies, and other           *
 * provisions.  The software products and documentation may be *
 * used, disclosed, transferred, or copied only in accordance  *
 * with the terms and conditions of that software license      *
 * agreement.                                                  *
 *                                                             *
 * Ansys, Inc. is a UL registered                              *
 * ISO 9001:2015 company.                                      *
 *                                                             *
 ***************************************************************
 *                                                             *
 * This product is subject to U.S. laws governing export and   *
 * re-export.                                                  *
 *                                                             *
 * For U.S. Government users, except as specifically granted   *
 * by the Ansys, Inc. software license agreement, the use,     *
 * duplication, or disclosure by the United States Government  *
 * is subject to restrictions stated in the Ansys, Inc.        *
 * software license agreement and FAR 12.212 (for non-DOD      *
 * licenses).                                                  *
 *                                                             *
 ***************************************************************

 2025 R2 
     
 Point Releases and Patches installed:   
     
 Discovery 2025 R2   
 Core WB Files 2025 R2   
 optiSLang 2025 R2   
 CFX (includes CFD-Post) 2025 R2 
 Chemkin 2025 R2 
 EnSight 2025 R2 
 FENSAP-ICE 2025 R2  
 Fluent (includes CFD-Post) 2025 R2  
 Polyflow (includes CFD-Post) 2025 R2
 Forte (includes EnSight) 2025 R2
 Rocky 2025 R2   
 TurboGrid 2025 R2   
 ACIS Geometry Interface 2025 R2 
 AutoCAD Geometry Interface 2025 R2  
 Catia, Version 4 Geometry Interface 2025 R2 
 Catia, Version 5 Geometry Interface 2025 R2 
 Catia, Version 6 Geometry Interface 2025 R2 
 Creo Elements/Direct Modeling Geometry Interface 2025 R2
 Creo Parametric Geometry Interface 2025 R2  
 Inventor Geometry Interface 2025 R2 
 JTOpen Geometry Interface 2025 R2   
 NX Geometry Interface 2025 R2   
 Parasolid Geometry Interface  2025 R2   
 Solid Edge Geometry Interface 2025 R2   
 SOLIDWORKS Geometry Interface 2025 R2   
 Speos 2025 R2   
 SpaceClaim 2025 R2  
 Speos RPC 2025 R2   
 Zemax OpticStudio 2025 R2   
 Dynamic Reporting 2025 R2   
 Aqwa 2025 R2
 Autodyn 2025 R2 
 Material Calibration App 2025 R2
 Mechanical Products 2025 R2 
 Motion 2025 R2  
 Academic Student 2025 R2


          *****  MAPDL COMMAND LINE ARGUMENTS  *****
  BATCH MODE REQUESTED (-b)    = NOLIST
  INPUT FILE COPY MODE (-c)    = COPY
  DISTRIBUTED MEMORY PARALLEL REQUESTED
       4 PARALLEL PROCESSES REQUESTED WITH SINGLE THREAD PER PROCESS
    TOTAL OF     4 CORES REQUESTED
  INPUT FILE NAME              = C:\Users\admin\Desktop\LIDIX\ansys\_ProjectScratch\ScrFCB5\dummy.dat
  OUTPUT FILE NAME             = C:\Users\admin\Desktop\LIDIX\ansys\_ProjectScratch\ScrFCB5\solve.out
  START-UP FILE MODE           = NOREAD
  STOP FILE MODE               = NOREAD

 RELEASE= 2025 R2              BUILD= 25.2      UP20250519   VERSION=WINDOWS x64 
 CURRENT JOBNAME=file0  17:28:27  DEC 18, 2025 CP=      0.078


 PARAMETER _DS_PROGRESS =     999.0000000    

 /INPUT FILE= ds.dat  LINE=       0



 *** NOTE ***                            CP =       0.188   TIME= 17:28:28
 The /CONFIG,NOELDB command is not valid in a distributed memory         
 parallel solution.  Command is ignored.                                 

 *GET  _WALLSTRT  FROM  ACTI  ITEM=TIME WALL  VALUE=  17.4744444    

 TITLE= 
 uk_ad_bimorficzny_polimer__1--Modal (B5)                                      

  ACT Extensions:
      LSDYNA, 2025.2
      5f463412-bd3e-484b-87e7-cbc0a665e474, wbex
 /COM,     ANSYSMotion, 2025.2
      20180725-3f81-49eb-9f31-41364844c769, wbex
  

 SET PARAMETER DIMENSIONS ON  _WB_PROJECTSCRATCH_DIR
  TYPE=STRI  DIMENSIONS=      248        1        1

 PARAMETER _WB_PROJECTSCRATCH_DIR(1) = C:\Users\admin\Desktop\LIDIX\ansys\_ProjectScratch\ScrFCB5\
 --- Data in consistent MKS units. See Solving Units in the help system for more

 MKS UNITS SPECIFIED FOR INTERNAL    
  LENGTH        (l)  = METER (M)
  MASS          (M)  = KILOGRAM (KG)
  TIME          (t)  = SECOND (SEC)
  TEMPERATURE   (T)  = CELSIUS (C)
  TOFFSET            = 273.0
  CHARGE        (Q)  = COULOMB
  FORCE         (f)  = NEWTON (N) (KG-M/SEC2)
  HEAT               = JOULE (N-M)

  PRESSURE           = PASCAL (NEWTON/M**2)
  ENERGY        (W)  = JOULE (N-M)
  POWER         (P)  = WATT (N-M/SEC)
  CURRENT       (i)  = AMPERE (COULOMBS/SEC)
  CAPACITANCE   (C)  = FARAD
  INDUCTANCE    (L)  = HENRY
  MAGNETIC FLUX      = WEBER
  RESISTANCE    (R)  = OHM
  ELECTRIC POTENTIAL = VOLT

 INPUT  UNITS ARE ALSO SET TO MKS 

 *** MAPDL - ENGINEERING ANALYSIS SYSTEM  RELEASE 2025 R2          25.2     ***
 Ansys Mechanical Enterprise Academic Student      
 01055371  VERSION=WINDOWS x64   17:28:28  DEC 18, 2025 CP=      0.219

 uk_ad_bimorficzny_polimer__1--Modal (B5)                                      



          ***** MAPDL ANALYSIS DEFINITION (PREP7) *****
 *********** Send User Defined Coordinate System(s) ***********
 *********** Nodes for the whole assembly ***********
 *********** Elements for Body 1 'piezo' ***********
 *********** Elements for Body 2 'masa' ***********
 *********** Elements for Body 3 'piezo' ***********
 *********** Elements for Body 4 'belka' ***********
 *********** Set Reference Temperature ***********
 *********** Send Materials ***********
 *********** Create Contact "Contact Region" ***********
             Real Constant Set For Above Contact Is 6 & 5
 *********** Create Contact "Contact Region 2" ***********
             Real Constant Set For Above Contact Is 8 & 7
 *********** Create Contact "Contact Region 3" ***********
             Real Constant Set For Above Contact Is 10 & 9
 *********** Send Named Selection as Element Component ***********
 *********** Send Named Selection as Element Component ***********
 *********** Fixed Supports ***********


 ***** ROUTINE COMPLETED *****  CP =         0.281


 --- Number of total nodes = 3905
 --- Number of contact elements = 846
 --- Number of spring elements = 0
 --- Number of bearing elements = 0
 --- Number of solid elements = 531
 --- Number of condensed parts = 0
 --- Number of total elements = 1377

 *GET  _WALLBSOL  FROM  ACTI  ITEM=TIME WALL  VALUE=  17.4744444    

 *****  MAPDL SOLUTION ROUTINE  *****


 PERFORM A MODAL ANALYSIS
  THIS WILL BE A NEW ANALYSIS

 PARAMETER _THICKRATIO =    0.2500000000    

 THERMAL STRAINS ARE NOT INCLUDED IN THE LOAD VECTOR.


 USE SYM. BLOCK LANCZOS MODE EXTRACTION METHOD
  EXTRACT     3 MODES
  NORMALIZE THE MODE SHAPES TO THE MASS MATRIX

 ERASE THE CURRENT DATABASE OUTPUT CONTROL TABLE.


 WRITE ALL  ITEMS TO THE DATABASE WITH A FREQUENCY OF NONE
   FOR ALL APPLICABLE ENTITIES

 WRITE NSOL ITEMS TO THE DATABASE WITH A FREQUENCY OF ALL 
   FOR ALL APPLICABLE ENTITIES


 EXPAND ALL EXTRACTED MODES
  DO NOT CALCULATE ELEMENT RESULTS

 DO NOT COMBINE ELEMENT SAVE DATA FILES (.esav) AFTER DISTRIBUTED PARALLEL SOLUTION

 DO NOT COMBINE ELEMENT MATRIX FILES (.emat) AFTER DISTRIBUTED PARALLEL SOLUTION

 DO NOT COMBINE ASSEMBLED MATRIX FILES (.full) AFTER DISTRIBUTED PARALLEL SOLUTION

 *GET  ANSINTER_  FROM  ACTI  ITEM=INT        VALUE=  0.00000000    

 *IF  ANSINTER_  ( =   0.00000     )  NE  
      0  ( =   0.00000     )  THEN    

 *ENDIF

 *** NOTE ***                            CP =       0.344   TIME= 17:28:28
 The automatic domain decomposition logic has selected the MESH domain   
 decomposition method with 4 processes per solution.                     

 *****  MAPDL SOLVE    COMMAND  *****

 *** WARNING ***                         CP =       0.344   TIME= 17:28:28
 Element shape checking is currently inactive.  Issue SHPP,ON or         
 SHPP,WARN to reactivate, if desired.                                    

 *** NOTE ***                            CP =       0.344   TIME= 17:28:28
 The model data was checked and warning messages were found.             
  Please review output or errors file (                                  
 C:\Users\admin\Desktop\LIDIX\ansys\_ProjectScratch\ScrFCB5\file0.err )  
 for these warning messages.                                             

 *** SELECTION OF ELEMENT TECHNOLOGIES FOR APPLICABLE ELEMENTS ***
      --- GIVE SUGGESTIONS AND RESET THE KEY OPTIONS ---

 ELEMENT TYPE         1 IS SOLID186. KEYOPT(2)=0 IS SUGGESTED AND HAS BEEN RESET.
  KEYOPT(1-12)=    0    0    0    0    0    0    0    0    0    0    0    0

 ELEMENT TYPE         2 IS SOLID186. KEYOPT(2)=0 IS SUGGESTED AND HAS BEEN RESET.
  KEYOPT(1-12)=    0    0    0    0    0    0    0    0    0    0    0    0

 ELEMENT TYPE         3 IS SOLID186. KEYOPT(2)=0 IS SUGGESTED AND HAS BEEN RESET.
  KEYOPT(1-12)=    0    0    0    0    0    0    0    0    0    0    0    0

 ELEMENT TYPE         4 IS SOLID186. KEYOPT(2)=0 IS SUGGESTED AND HAS BEEN RESET.
  KEYOPT(1-12)=    0    0    0    0    0    0    0    0    0    0    0    0



 *** MAPDL - ENGINEERING ANALYSIS SYSTEM  RELEASE 2025 R2          25.2     ***
 Ansys Mechanical Enterprise Academic Student      
 01055371  VERSION=WINDOWS x64   17:28:28  DEC 18, 2025 CP=      0.344

 uk_ad_bimorficzny_polimer__1--Modal (B5)                                      



                       S O L U T I O N   O P T I O N S

   PROBLEM DIMENSIONALITY. . . . . . . . . . . . .3-D                  
   DEGREES OF FREEDOM. . . . . . UX   UY   UZ  
   ANALYSIS TYPE . . . . . . . . . . . . . . . . .MODAL                
      EXTRACTION METHOD. . . . . . . . . . . . . .BLOCK LANCZOS
   OFFSET TEMPERATURE FROM ABSOLUTE ZERO . . . . .  273.15    
   THERMAL EXPANSION . . . . . . . . . . . . . . .OFF
   NUMBER OF MODES TO EXTRACT. . . . . . . . . . .     3
   GLOBALLY ASSEMBLED MATRIX . . . . . . . . . . .SYMMETRIC  
   NUMBER OF MODES TO EXPAND . . . . . . . . . . .ALL
   ELEMENT RESULTS CALCULATION . . . . . . . . . .OFF

 *** NOTE ***                            CP =       0.344   TIME= 17:28:28
 The conditions for direct assembly have been met.  No .emat or .erot    
 files will be produced.                                                 

 *** NOTE ***                            CP =       0.469   TIME= 17:28:28
 Symmetric Deformable- deformable contact pair identified by real        
 constant set 5 and contact element type 5 has been set up.  The         
 companion pair has real constant set ID 6.  Both pairs should have the  
 same behavior.                                                          
 MAPDL will keep the current pair and deactivate its companion pair,     
 resulting in asymmetric contact.                                        
 Linear contact is defined
 Contact algorithm: Augmented Lagrange method
 Contact detection at: Gauss integration point
 Contact stiffness factor FKN                  10.000    
 The resulting initial contact stiffness      0.20000E+15
 Default penetration tolerance factor FTOLN   0.10000    
 The resulting penetration tolerance          0.20000E-03
 Default opening contact stiffness OPSF will be used.
 Default tangent stiffness factor FKT          1.0000    
 Use constant contact stiffness
 Default Max. friction stress TAUMAX          0.10000E+21
 Average contact surface length               0.31808E-02
 Average contact pair depth                   0.20000E-02
 Average target surface length                0.51316E-02
 Default pinball region factor PINB           0.25000    
 The resulting pinball region                 0.50000E-03
 Initial penetration/gap is excluded.
 Bonded contact (always) is defined.

 *** NOTE ***                            CP =       0.469   TIME= 17:28:28
 Max.  Initial penetration 0 was detected between contact element 1706   
 and target element 1909.                                                
 ****************************************
  

 *** NOTE ***                            CP =       0.469   TIME= 17:28:28
 Symmetric Deformable- deformable contact pair identified by real        
 constant set 6 and contact element type 5 has been set up.  The         
 companion pair has real constant set ID 5.  Both pairs should have the  
 same behavior.                                                          
 MAPDL will deactivate the current pair and keep its companion pair,     
 resulting in asymmetric contact.                                        
 Linear contact is defined
 Contact algorithm: Augmented Lagrange method
 Contact detection at: Gauss integration point
 Contact stiffness factor FKN                  10.000    
 The resulting initial contact stiffness      0.20000E+15
 Default penetration tolerance factor FTOLN   0.10000    
 The resulting penetration tolerance          0.15596E-03
 Default opening contact stiffness OPSF will be used.
 Default tangent stiffness factor FKT          1.0000    
 Use constant contact stiffness
 Default Max. friction stress TAUMAX          0.10000E+21
 Average contact surface length               0.51986E-02
 Average contact pair depth                   0.15596E-02
 Average target surface length                0.30157E-02
 Default pinball region factor PINB           0.25000    
 The resulting pinball region                 0.38990E-03
 Initial penetration/gap is excluded.
 Bonded contact (always) is defined.

 *** NOTE ***                            CP =       0.469   TIME= 17:28:28
 Max.  Initial penetration 0 was detected between contact element 1815   
 and target element 1677.                                                
 ****************************************
  

 *** NOTE ***                            CP =       0.469   TIME= 17:28:28
 Symmetric Deformable- deformable contact pair identified by real        
 constant set 7 and contact element type 7 has been set up.  The         
 companion pair has real constant set ID 8.  Both pairs should have the  
 same behavior.                                                          
 MAPDL will keep the current pair and deactivate its companion pair,     
 resulting in asymmetric contact.                                        
 Linear contact is defined
 Contact algorithm: Augmented Lagrange method
 Contact detection at: Gauss integration point
 Contact stiffness factor FKN                  10.000    
 The resulting initial contact stiffness      0.24600E+17
 Default penetration tolerance factor FTOLN   0.10000    
 The resulting penetration tolerance          0.33333E-03
 Default opening contact stiffness OPSF will be used.
 Default tangent stiffness factor FKT          1.0000    
 Use constant contact stiffness
 Default Max. friction stress TAUMAX          0.10000E+21
 Average contact surface length               0.30867E-02
 Average contact pair depth                   0.33333E-02
 Average target surface length                0.51316E-02
 Default pinball region factor PINB           0.25000    
 The resulting pinball region                 0.83333E-03
 Initial penetration/gap is excluded.
 Bonded contact (always) is defined.

 *** NOTE ***                            CP =       0.469   TIME= 17:28:28
 Max.  Initial penetration 4.33680869E-19 was detected between contact   
 element 2014 and target element 2098.                                   
 ****************************************
  

 *** NOTE ***                            CP =       0.469   TIME= 17:28:28
 Symmetric Deformable- deformable contact pair identified by real        
 constant set 8 and contact element type 7 has been set up.  The         
 companion pair has real constant set ID 7.  Both pairs should have the  
 same behavior.                                                          
 MAPDL will deactivate the current pair and keep its companion pair,     
 resulting in asymmetric contact.                                        
 Linear contact is defined
 Contact algorithm: Augmented Lagrange method
 Contact detection at: Gauss integration point
 Contact stiffness factor FKN                  10.000    
 The resulting initial contact stiffness      0.24600E+17
 Default penetration tolerance factor FTOLN   0.10000    
 The resulting penetration tolerance          0.15201E-03
 Default opening contact stiffness OPSF will be used.
 Default tangent stiffness factor FKT          1.0000    
 Use constant contact stiffness
 Default Max. friction stress TAUMAX          0.10000E+21
 Average contact surface length               0.50671E-02
 Average contact pair depth                   0.15201E-02
 Average target surface length                0.31667E-02
 Default pinball region factor PINB           0.25000    
 The resulting pinball region                 0.38003E-03
 Initial penetration/gap is excluded.
 Bonded contact (always) is defined.

 *** NOTE ***                            CP =       0.469   TIME= 17:28:28
 Max.  Initial penetration 2.168404345E-19 was detected between contact  
 element 2074 and target element 1955.                                   
 ****************************************
  

 *** NOTE ***                            CP =       0.469   TIME= 17:28:28
 Symmetric Deformable- deformable contact pair identified by real        
 constant set 9 and contact element type 9 has been set up.  The         
 companion pair has real constant set ID 10.  Both pairs should have     
 the same behavior.                                                      
 MAPDL will keep the current pair and deactivate its companion pair,     
 resulting in asymmetric contact.                                        
 Linear contact is defined
 Contact algorithm: Augmented Lagrange method
 Contact detection at: Gauss integration point
 Contact stiffness factor FKN                  10.000    
 The resulting initial contact stiffness      0.20000E+15
 Default penetration tolerance factor FTOLN   0.10000    
 The resulting penetration tolerance          0.20000E-03
 Default opening contact stiffness OPSF will be used.
 Default tangent stiffness factor FKT          1.0000    
 Use constant contact stiffness
 Default Max. friction stress TAUMAX          0.10000E+21
 Average contact surface length               0.35376E-02
 Average contact pair depth                   0.20000E-02
 Average target surface length                0.51316E-02
 Default pinball region factor PINB           0.25000    
 The resulting pinball region                 0.50000E-03
 Initial penetration/gap is excluded.
 Bonded contact (always) is defined.

 *** NOTE ***                            CP =       0.469   TIME= 17:28:28
 Max.  Initial penetration 4.33680869E-19 was detected between contact   
 element 2223 and target element 2411.                                   
 ****************************************
  

 *** NOTE ***                            CP =       0.469   TIME= 17:28:28
 Symmetric Deformable- deformable contact pair identified by real        
 constant set 10 and contact element type 9 has been set up.  The        
 companion pair has real constant set ID 9.  Both pairs should have the  
 same behavior.                                                          
 MAPDL will deactivate the current pair and keep its companion pair,     
 resulting in asymmetric contact.                                        
 Linear contact is defined
 Contact algorithm: Augmented Lagrange method
 Contact detection at: Gauss integration point
 Contact stiffness factor FKN                  10.000    
 The resulting initial contact stiffness      0.20000E+15
 Default penetration tolerance factor FTOLN   0.10000    
 The resulting penetration tolerance          0.15201E-03
 Default opening contact stiffness OPSF will be used.
 Default tangent stiffness factor FKT          1.0000    
 Use constant contact stiffness
 Default Max. friction stress TAUMAX          0.10000E+21
 Average contact surface length               0.50671E-02
 Average contact pair depth                   0.15201E-02
 Average target surface length                0.33753E-02
 Default pinball region factor PINB           0.25000    
 The resulting pinball region                 0.38003E-03
 Initial penetration/gap is excluded.
 Bonded contact (always) is defined.

 *** NOTE ***                            CP =       0.469   TIME= 17:28:28
 Max.  Initial penetration 2.168404345E-19 was detected between contact  
 element 2316 and target element 2198.                                   
 ****************************************
  

 *** WARNING ***                         CP =       0.469   TIME= 17:28:28
 Maximum contact stiffness 2.46E+16 is too big which can cause an        
 accuracy problem, you may scale the force units in the model.           
  
  

  
  
     D I S T R I B U T E D   D O M A I N   D E C O M P O S E R
  
  ...Number of elements: 1377
  ...Number of nodes:    3905
  ...Decompose to 4 CPU domains
  ...Element load balance ratio =     1.438


                      L O A D   S T E P   O P T I O N S

   LOAD STEP NUMBER. . . . . . . . . . . . . . . .     1
   THERMAL STRAINS INCLUDED IN THE LOAD VECTOR . .    NO
   PRINT OUTPUT CONTROLS . . . . . . . . . . . . .NO PRINTOUT
   DATABASE OUTPUT CONTROLS
      ITEM     FREQUENCY   COMPONENT
       ALL       NONE               
      NSOL        ALL               



                         ***********  PRECISE MASS SUMMARY  ***********

   TOTAL RIGID BODY MASS MATRIX ABOUT ORIGIN
               Translational mass               |   Coupled translational/rotational mass
        0.15417        0.0000        0.0000     |     0.0000       0.12580E-01  -0.71233E-03
         0.0000       0.15417        0.0000     |   -0.12580E-01    0.0000       0.30835E-02
         0.0000        0.0000       0.15417     |    0.71233E-03  -0.30835E-02    0.0000    
     ------------------------------------------ | ------------------------------------------
                                                |         Rotational mass (inertia)
                                                |    0.11180E-02  -0.14246E-04  -0.25162E-03
                                                |   -0.14246E-04   0.11944E-02  -0.65051E-04
                                                |   -0.25162E-03  -0.65051E-04   0.86687E-04

   TOTAL MASS = 0.15417    
     The mass principal axes coincide with the global Cartesian axes

   CENTER OF MASS (X,Y,Z)=   0.20001E-01   0.46205E-02   0.81603E-01

   TOTAL INERTIA ABOUT CENTER OF MASS
        0.88099E-04   0.11833E-08   0.77227E-08
        0.11833E-08   0.10610E-03  -0.69228E-05
        0.77227E-08  -0.69228E-05   0.21720E-04

   PRINCIPAL INERTIAS =   0.88099E-04   0.10666E-03   0.21156E-04
   ORIENTATION VECTORS OF THE INERTIA PRINCIPAL AXES IN GLOBAL CARTESIAN
     ( 1.000,-0.000, 0.000) ( 0.000, 0.997,-0.081) (-0.000, 0.081, 0.997) 


  *** MASS SUMMARY BY ELEMENT TYPE ***

  TYPE      MASS
     1  0.363346E-02
     2  0.115500    
     3  0.363346E-02
     4  0.314000E-01

 Range of element maximum matrix coefficients in global coordinates
 Maximum = 1.239442479E+11 at element 2018.                              
 Minimum = 2587634.45 at element 107.                                    

   *** ELEMENT MATRIX FORMULATION TIMES
     TYPE    NUMBER   ENAME      TOTAL CP  AVE CP

        1       108  SOLID186      0.062   0.000579
        2       180  SOLID186      0.062   0.000347
        3        91  SOLID186      0.000   0.000000
        4       152  SOLID186      0.016   0.000103
        5       178  CONTA174      0.016   0.000088
        6       178  TARGE170      0.000   0.000000
        7        84  CONTA174      0.016   0.000186
        8        84  TARGE170      0.000   0.000000
        9       161  CONTA174      0.016   0.000097
       10       161  TARGE170      0.000   0.000000
 Time at end of element matrix formulation CP = 1.03125.                 

  BLOCK LANCZOS CALCULATION OF UP TO     3 EIGENVECTORS.
  NUMBER OF EQUATIONS              =        11586
  MAXIMUM WAVEFRONT                =          194
  MAXIMUM MODES STORED             =            3
  MINIMUM EIGENVALUE               =  0.00000E+00
  MAXIMUM EIGENVALUE               =  0.10000E+31



  Memory allocated on only this MPI rank (rank     0)
  -------------------------------------------------------------------
  Equation solver memory allocated                     =    18.136 MB
  Equation solver memory required for in-core mode     =    17.287 MB
  Equation solver memory required for out-of-core mode =     7.491 MB
  Total (solver and non-solver) memory allocated       =   474.495 MB


  Total memory summed across all MPI ranks on this machines
  -------------------------------------------------------------------
  Equation solver memory allocated                     =    68.791 MB
  Equation solver memory required for in-core mode     =    65.572 MB
  Equation solver memory required for out-of-core mode =    28.158 MB
  Total (solver and non-solver) memory allocated       =   958.107 MB

 *** NOTE ***                            CP =       1.453   TIME= 17:28:28
 The Distributed Sparse Matrix Solver used by the Block Lanczos          
 eigensolver is currently running in the in-core memory mode.  This      
 memory mode uses the most amount of memory in order to avoid using the  
 hard drive as much as possible, which most often results in the         
 fastest solution time.  This mode is recommended if enough physical     
 memory is present to accommodate all of the solver data.                

  Process memory required for in-core LANCZOS Workspace             =     21.073807 MB
  Process memory required for out-of-core LANCZOS Workspace         =     996.296875 KB

  Total   memory required for in-core LANCZOS Workspace             =     46.481354 MB
  Total   memory required for out-of-core LANCZOS Workspace         =     2.991425 MB

  Lanczos Memory Mode : INCORE


  >> Shift # 1 :  |                                  : 3 Eigenvalues Converged


 *** MAPDL - ENGINEERING ANALYSIS SYSTEM  RELEASE 2025 R2          25.2     ***
 Ansys Mechanical Enterprise Academic Student      
 01055371  VERSION=WINDOWS x64   17:28:28  DEC 18, 2025 CP=      1.531

 uk_ad_bimorficzny_polimer__1--Modal (B5)                                      



 *** FREQUENCIES FROM BLOCK LANCZOS ITERATION ***

  MODE    FREQUENCY (HERTZ)      


    1     25.13142028421    
    2     151.9275852368    
    3     316.1304206052    

 *** MAPDL - ENGINEERING ANALYSIS SYSTEM  RELEASE 2025 R2          25.2     ***
 Ansys Mechanical Enterprise Academic Student      
 01055371  VERSION=WINDOWS x64   17:28:28  DEC 18, 2025 CP=      1.547

 uk_ad_bimorficzny_polimer__1--Modal (B5)                                      





          ***** PARTICIPATION FACTOR CALCULATION *****  X  DIRECTION
                                                                                  CUMULATIVE     RATIO EFF.MASS
  MODE   FREQUENCY       PERIOD      PARTIC.FACTOR     RATIO    EFFECTIVE MASS   MASS FRACTION   TO TOTAL MASS
     1     25.1314       0.39791E-01   0.15598E-05    0.000011    0.243291E-11    0.124755E-09    0.157810E-10
     2     151.928       0.65821E-02   0.13965        1.000000    0.195015E-01     1.00000        0.126496    
     3     316.130       0.31633E-02   0.99830E-05    0.000071    0.996601E-10     1.00000        0.646443E-09
 -----------------------------------------------------------------------------------------------------------------
   sum                                                            0.195015E-01                    0.126496    
 -----------------------------------------------------------------------------------------------------------------



          ***** PARTICIPATION FACTOR CALCULATION *****  Y  DIRECTION
                                                                                  CUMULATIVE     RATIO EFF.MASS
  MODE   FREQUENCY       PERIOD      PARTIC.FACTOR     RATIO    EFFECTIVE MASS   MASS FRACTION   TO TOTAL MASS
     1     25.1314       0.39791E-01   0.36768        1.000000    0.135191        0.933694        0.876911    
     2     151.928       0.65821E-02  -0.13364E-04    0.000036    0.178588E-09    0.933694        0.115840E-08
     3     316.130       0.31633E-02   0.97982E-01    0.266485    0.960046E-02     1.00000        0.622732E-01
 -----------------------------------------------------------------------------------------------------------------
   sum                                                            0.144791                        0.939184    
 -----------------------------------------------------------------------------------------------------------------



          ***** PARTICIPATION FACTOR CALCULATION *****  Z  DIRECTION
                                                                                  CUMULATIVE     RATIO EFF.MASS
  MODE   FREQUENCY       PERIOD      PARTIC.FACTOR     RATIO    EFFECTIVE MASS   MASS FRACTION   TO TOTAL MASS
     1     25.1314       0.39791E-01  -0.28113E-01    0.165848    0.790345E-03    0.267692E-01    0.512655E-02
     2     151.928       0.65821E-02   0.20145E-05    0.000012    0.405815E-11    0.267692E-01    0.263231E-10
     3     316.130       0.31633E-02   0.16951        1.000000    0.287341E-01     1.00000        0.186383    
 -----------------------------------------------------------------------------------------------------------------
   sum                                                            0.295244E-01                    0.191510    
 -----------------------------------------------------------------------------------------------------------------



          ***** PARTICIPATION FACTOR CALCULATION *****ROTX DIRECTION
                                                                                  CUMULATIVE     RATIO EFF.MASS
  MODE   FREQUENCY       PERIOD      PARTIC.FACTOR     RATIO    EFFECTIVE MASS   MASS FRACTION   TO TOTAL MASS
     1     25.1314       0.39791E-01  -0.33336E-01    1.000000    0.111131E-02    0.995168        0.994025    
     2     151.928       0.65821E-02   0.43539E-06    0.000013    0.189564E-12    0.995168        0.169557E-09
     3     316.130       0.31633E-02  -0.23229E-02    0.069680    0.539574E-05     1.00000        0.482626E-02
 -----------------------------------------------------------------------------------------------------------------
   sum                                                            0.111671E-02                    0.998851    
 -----------------------------------------------------------------------------------------------------------------



          ***** PARTICIPATION FACTOR CALCULATION *****ROTY DIRECTION
                                                                                  CUMULATIVE     RATIO EFF.MASS
  MODE   FREQUENCY       PERIOD      PARTIC.FACTOR     RATIO    EFFECTIVE MASS   MASS FRACTION   TO TOTAL MASS
     1     25.1314       0.39791E-01   0.56240E-03    0.043551    0.316291E-06    0.177133E-02    0.264816E-03
     2     151.928       0.65821E-02   0.12913E-01    1.000000    0.166757E-03    0.935666        0.139619    
     3     316.130       0.31633E-02  -0.33893E-02    0.262466    0.114876E-04     1.00000        0.961809E-02
 -----------------------------------------------------------------------------------------------------------------
   sum                                                            0.178561E-03                    0.149502    
 -----------------------------------------------------------------------------------------------------------------



          ***** PARTICIPATION FACTOR CALCULATION *****ROTZ DIRECTION
                                                                                  CUMULATIVE     RATIO EFF.MASS
  MODE   FREQUENCY       PERIOD      PARTIC.FACTOR     RATIO    EFFECTIVE MASS   MASS FRACTION   TO TOTAL MASS
     1     25.1314       0.39791E-01   0.73538E-02    1.000000    0.540789E-04    0.662708        0.623844    
     2     151.928       0.65821E-02  -0.48665E-02    0.661758    0.236824E-04    0.952923        0.273196    
     3     316.130       0.31633E-02   0.19600E-02    0.266529    0.384163E-05     1.00000        0.443163E-01
 -----------------------------------------------------------------------------------------------------------------
   sum                                                            0.816029E-04                    0.941356    
 -----------------------------------------------------------------------------------------------------------------





 *** NOTE ***                            CP =       1.547   TIME= 17:28:28
 The modes requested are mass normalized (Nrmkey on MODOPT).  However,   
 the modal masses and kinetic energies below are calculated with unit    
 normalized modes.                                                       

        ***** MODAL MASSES, KINETIC ENERGIES, AND TRANSLATIONAL EFFECTIVE MASSES SUMMARY *****

                                                                         EFFECTIVE MASS
  MODE  FREQUENCY   MODAL MASS     KENE      |      X-DIR      RATIO%   Y-DIR      RATIO%   Z-DIR      RATIO% 
     1   25.13      0.1023       1275.       |    0.2433E-11    0.00  0.1352       87.69  0.7903E-03    0.51
     2   151.9      0.5528E-01  0.2519E+05   |    0.1950E-01   12.65  0.1786E-09    0.00  0.4058E-11    0.00
     3   316.1      0.2977E-01  0.5873E+05   |    0.9966E-10    0.00  0.9600E-02    6.23  0.2873E-01   18.64
 --------------------------------------------------------------------------------------------------------------
   sum                                       |    0.1950E-01   12.65  0.1448       93.92  0.2952E-01   19.15
 --------------------------------------------------------------------------------------------------------------


 *** MAPDL BINARY FILE STATISTICS
  BUFFER SIZE USED= 16384
        0.312 MB WRITTEN ON ELEMENT SAVED DATA FILE: file0.esav
        5.500 MB WRITTEN ON ASSEMBLED MATRIX FILE: file0.full
        0.188 MB WRITTEN ON MODAL MATRIX FILE: file0.mode
        0.625 MB WRITTEN ON RESULTS FILE: file0.rst
 *************** Write FE CONNECTORS *********

 WRITE OUT CONSTRAINT EQUATIONS TO FILE= file.ce                                                                                                                                                                                                                                                             

 *GET  _NMODALSOLPROC  FROM  ACTI  ITEM=NUMC       VALUE=  4.00000000    

 FINISH SOLUTION PROCESSING


 ***** ROUTINE COMPLETED *****  CP =         1.578



 PRINTOUT RESUMED BY /GOP

 *GET  _WALLASOL  FROM  ACTI  ITEM=TIME WALL  VALUE=  17.4744444    

 *** MAPDL - ENGINEERING ANALYSIS SYSTEM  RELEASE 2025 R2          25.2     ***
 Ansys Mechanical Enterprise Academic Student      
 01055371  VERSION=WINDOWS x64   17:28:28  DEC 18, 2025 CP=      1.594

 uk_ad_bimorficzny_polimer__1--Modal (B5)                                      



          ***** MAPDL RESULTS INTERPRETATION (POST1) *****

 *** NOTE ***                            CP =       1.594   TIME= 17:28:28
 Reading results into the database (SET command) will update the current 
 displacement and force boundary conditions in the database with the     
 values from the results file for that load set.  Note that any          
 subsequent solutions will use these values unless action is taken to    
 either SAVE the current values or not overwrite them (/EXIT,NOSAVE).    

 PRINTOUT RESUMED BY /GOP

 Set Encoding of XML File to:ISO-8859-1

 Set Output of XML File to:
     PARM,     ,     ,     ,     ,     ,     ,     ,     ,     ,     ,     ,
         ,     ,     ,     ,     ,     ,     ,

 DATABASE WRITTEN ON FILE  parm.xml                                                                                                                                                                                                                                                            

 EXIT THE MAPDL POST1 DATABASE PROCESSOR


 ***** ROUTINE COMPLETED *****  CP =         1.594



 PRINTOUT RESUMED BY /GOP

 *GET  _WALLDONE  FROM  ACTI  ITEM=TIME WALL  VALUE=  17.4744444    

 PARAMETER _PREPTIME =     0.000000000    

 PARAMETER _SOLVTIME =     0.000000000    

 PARAMETER _POSTTIME =     0.000000000    

 PARAMETER _TOTALTIM =     0.000000000    

 *GET  _DLBRATIO  FROM  ACTI  ITEM=SOLU DLBR  VALUE=  1.43775100    

 *GET  _COMBTIME  FROM  ACTI  ITEM=SOLU COMB  VALUE= 0.874700000E-02

 *GET  _SSMODE   FROM  ACTI  ITEM=SOLU SSMM  VALUE=  2.00000000    

 *GET  _NDOFS    FROM  ACTI  ITEM=SOLU NDOF  VALUE=  11586.0000    

 /FCLEAN COMMAND REMOVING ALL LOCAL FILES
 --- Total number of nodes = 3905
 --- Total number of elements = 1377
 --- Element load balance ratio = 1.437751
 --- Time to combine distributed files = 8.747E-03
 --- Sparse memory mode = 2
 --- Number of DOF = 11586

 EXIT MAPDL WITHOUT SAVING DATABASE


 NUMBER OF WARNING MESSAGES ENCOUNTERED=          2
 NUMBER OF ERROR   MESSAGES ENCOUNTERED=          0

+--------------------- M A P D L   S T A T I S T I C S ------------------------+

Release: 2025 R2            Build: 25.2       Update: UP20250519   Platform: WINDOWS x64 
Date Run: 12/18/2025   Time: 17:28     Process ID: 4380
Operating System: Windows 11  (Build: 26200)

Processor Model: AMD Ryzen 9 5900X 12-Core Processor

Compiler: Intel(R) Fortran Compiler Classic Version 2021.9  (Build: 20230302)
          Intel(R) C/C++ Compiler Classic Version 2021.9  (Build: 20230302)
          AOCL-BLAS 5.0.1 Build 20250320

Number of machines requested            :    1
Total number of cores available         :   24
Number of physical cores available      :   12
Number of processes requested           :    4
Number of threads per process requested :    1
Total number of cores requested         :    4 (Distributed Memory Parallel)               
MPI Type: INTELMPI
MPI Version: Intel(R) MPI Library 2021.14 for Windows* OS


GPU Acceleration: Not Requested

Job Name: file0
Input File: dummy.dat

  Core                Machine Name   Working Directory
 -----------------------------------------------------
     0             DESKTOP-V0OVKMM   C:\Users\admin\Desktop\LIDIX\ansys\_ProjectScratch\ScrFCB5
     1             DESKTOP-V0OVKMM   C:\Users\admin\Desktop\LIDIX\ansys\_ProjectScratch\ScrFCB5
     2             DESKTOP-V0OVKMM   C:\Users\admin\Desktop\LIDIX\ansys\_ProjectScratch\ScrFCB5
     3             DESKTOP-V0OVKMM   C:\Users\admin\Desktop\LIDIX\ansys\_ProjectScratch\ScrFCB5
 
Latency time from master to core     1 =    5.575 microseconds
Latency time from master to core     2 =    5.736 microseconds
Latency time from master to core     3 =    5.757 microseconds
 
Communication speed from master to core     1 = 16217.31 MB/sec
Communication speed from master to core     2 =  7704.68 MB/sec
Communication speed from master to core     3 =  7370.62 MB/sec

Total CPU time for main thread                    :        1.0 seconds
Total CPU time summed for all threads             :        2.2 seconds

Elapsed time spent obtaining a license            :        0.4 seconds
Elapsed time spent pre-processing model (/PREP7)  :        0.0 seconds
Elapsed time spent solution - preprocessing       :        0.1 seconds
Elapsed time spent computing solution             :        0.4 seconds
Elapsed time spent solution - postprocessing      :        0.0 seconds
Elapsed time spent post-processing model (/POST1) :        0.0 seconds
 
Eigensolver used                                  :            Block Lanczos
Equation solver computational rate                :       59.3 Gflops

Sum of disk space used on all processes           :       19.1 MB

Sum of memory used on all processes               :      245.0 MB
Sum of memory allocated on all processes          :     2880.0 MB
Physical memory available                         :         64 GB
Total amount of I/O written to disk               :        0.0 GB
Total amount of I/O read from disk                :        0.0 GB

+------------------ E N D   M A P D L   S T A T I S T I C S -------------------+


 *-----------------------------------------------------------------------------*
 |                                                                             |
 |                               RUN COMPLETED                                 |
 |                                                                             |
 |-----------------------------------------------------------------------------|
 |                                                                             |
 |  Ansys MAPDL 2025 R2         Build 25.2         UP20250519    WINDOWS x64   |
 |                                                                             |
 |-----------------------------------------------------------------------------|
 |                                                                             |
 |  Database Requested(-db)     1024 MB     Scratch Memory Requested   1024 MB |
 |  Max Database Used(Master)      3 MB     Max Scratch Used(Master)     74 MB |
 |  Max Database Used(Workers)     1 MB     Max Scratch Used(Workers)    75 MB |
 |  Sum Database Used(All)         6 MB     Sum Scratch Used(All)       239 MB |
 |                                                                             |
 |-----------------------------------------------------------------------------|
 |                                                                             |
 |        CP Time      (sec) =          2.234       Time  =  17:28:43          |
 |        Elapsed Time (sec) =         17.000       Date  =  12/18/2025        |
 |                                                                             |
 *-----------------------------------------------------------------------------*
