
 Ansys Mechanical Enterprise Academic Student      


 *------------------------------------------------------------------*
 |                                                                  |
 |   W E L C O M E   T O   T H E   A N S Y S (R)  P R O G R A M     |
 |                                                                  |
 *------------------------------------------------------------------*




 ***************************************************************
 *         ANSYS MAPDL 2025 R2          LEGAL NOTICES          *
 ***************************************************************
 *                                                             *
 * Copyright 1971-2025 Ansys, Inc.  All rights reserved.       *
 * Unauthorized use, distribution or duplication is            *
 * prohibited.                                                 *
 *                                                             *
 * Ansys is a registered trademark of Ansys, Inc. or its       *
 * subsidiaries in the United States or other countries.       *
 * See the Ansys, Inc. online documentation or the Ansys, Inc. *
 * documentation CD or online help for the complete Legal      *
 * Notice.                                                     *
 *                                                             *
 ***************************************************************
 *                                                             *
 * THIS ANSYS SOFTWARE PRODUCT AND PROGRAM DOCUMENTATION       *
 * INCLUDE TRADE SECRETS AND CONFIDENTIAL AND PROPRIETARY      *
 * PRODUCTS OF ANSYS, INC., ITS SUBSIDIARIES, OR LICENSORS.    *
 * The software products and documentation are furnished by    *
 * Ansys, Inc. or its subsidiaries under a software license    *
 * agreement that contains provisions concerning               *
 * non-disclosure, copying, length and nature of use,          *
 * compliance with exporting laws, warranties, disclaimers,    *
 * limitations of liability, and remedies, and other           *
 * provisions.  The software products and documentation may be *
 * used, disclosed, transferred, or copied only in accordance  *
 * with the terms and conditions of that software license      *
 * agreement.                                                  *
 *                                                             *
 * Ansys, Inc. is a UL registered                              *
 * ISO 9001:2015 company.                                      *
 *                                                             *
 ***************************************************************
 *                                                             *
 * This product is subject to U.S. laws governing export and   *
 * re-export.                                                  *
 *                                                             *
 * For U.S. Government users, except as specifically granted   *
 * by the Ansys, Inc. software license agreement, the use,     *
 * duplication, or disclosure by the United States Government  *
 * is subject to restrictions stated in the Ansys, Inc.        *
 * software license agreement and FAR 12.212 (for non-DOD      *
 * licenses).                                                  *
 *                                                             *
 ***************************************************************

 2025 R2 
     
 Point Releases and Patches installed:   
     
 Discovery 2025 R2   
 Core WB Files 2025 R2   
 optiSLang 2025 R2   
 CFX (includes CFD-Post) 2025 R2 
 Chemkin 2025 R2 
 EnSight 2025 R2 
 FENSAP-ICE 2025 R2  
 Fluent (includes CFD-Post) 2025 R2  
 Polyflow (includes CFD-Post) 2025 R2
 Forte (includes EnSight) 2025 R2
 Rocky 2025 R2   
 TurboGrid 2025 R2   
 ACIS Geometry Interface 2025 R2 
 AutoCAD Geometry Interface 2025 R2  
 Catia, Version 4 Geometry Interface 2025 R2 
 Catia, Version 5 Geometry Interface 2025 R2 
 Catia, Version 6 Geometry Interface 2025 R2 
 Creo Elements/Direct Modeling Geometry Interface 2025 R2
 Creo Parametric Geometry Interface 2025 R2  
 Inventor Geometry Interface 2025 R2 
 JTOpen Geometry Interface 2025 R2   
 NX Geometry Interface 2025 R2   
 Parasolid Geometry Interface  2025 R2   
 Solid Edge Geometry Interface 2025 R2   
 SOLIDWORKS Geometry Interface 2025 R2   
 Speos 2025 R2   
 SpaceClaim 2025 R2  
 Speos RPC 2025 R2   
 Zemax OpticStudio 2025 R2   
 Dynamic Reporting 2025 R2   
 Aqwa 2025 R2
 Autodyn 2025 R2 
 Material Calibration App 2025 R2
 Mechanical Products 2025 R2 
 Motion 2025 R2  
 Academic Student 2025 R2


          *****  MAPDL COMMAND LINE ARGUMENTS  *****
  BATCH MODE REQUESTED (-b)    = NOLIST
  INPUT FILE COPY MODE (-c)    = COPY
  DISTRIBUTED MEMORY PARALLEL REQUESTED
       4 PARALLEL PROCESSES REQUESTED WITH SINGLE THREAD PER PROCESS
    TOTAL OF     4 CORES REQUESTED
  INPUT FILE NAME              = C:\Users\admin\Desktop\LIDIX\ansys\_ProjectScratch\Scr535F\dummy.dat
  OUTPUT FILE NAME             = C:\Users\admin\Desktop\LIDIX\ansys\_ProjectScratch\Scr535F\solve.out
  START-UP FILE MODE           = NOREAD
  STOP FILE MODE               = NOREAD

 RELEASE= 2025 R2              BUILD= 25.2      UP20250519   VERSION=WINDOWS x64 
 CURRENT JOBNAME=file0  18:09:16  JAN 26, 2026 CP=      0.016


 PARAMETER _DS_PROGRESS =     999.0000000    

 /INPUT FILE= ds.dat  LINE=       0



 *** NOTE ***                            CP =       0.094   TIME= 18:09:16
 The /CONFIG,NOELDB command is not valid in a distributed memory         
 parallel solution.  Command is ignored.                                 

 *GET  _WALLSTRT  FROM  ACTI  ITEM=TIME WALL  VALUE=  18.1547222    

 TITLE= 
 uk_ad_pojedynczy_polimer--Coupled Field Harmonic (D5)                         

  ACT Extensions:
      LSDYNA, 2025.2
      5f463412-bd3e-484b-87e7-cbc0a665e474, wbex
 /COM,     ANSYSMotion, 2025.2
      20180725-3f81-49eb-9f31-41364844c769, wbex
  

 SET PARAMETER DIMENSIONS ON  _WB_PROJECTSCRATCH_DIR
  TYPE=STRI  DIMENSIONS=      248        1        1

 PARAMETER _WB_PROJECTSCRATCH_DIR(1) = C:\Users\admin\Desktop\LIDIX\ansys\_ProjectScratch\Scr535F\
 --- Data in consistent MKS units. See Solving Units in the help system for more

 MKS UNITS SPECIFIED FOR INTERNAL    
  LENGTH        (l)  = METER (M)
  MASS          (M)  = KILOGRAM (KG)
  TIME          (t)  = SECOND (SEC)
  TEMPERATURE   (T)  = CELSIUS (C)
  TOFFSET            = 273.0
  CHARGE        (Q)  = COULOMB
  FORCE         (f)  = NEWTON (N) (KG-M/SEC2)
  HEAT               = JOULE (N-M)

  PRESSURE           = PASCAL (NEWTON/M**2)
  ENERGY        (W)  = JOULE (N-M)
  POWER         (P)  = WATT (N-M/SEC)
  CURRENT       (i)  = AMPERE (COULOMBS/SEC)
  CAPACITANCE   (C)  = FARAD
  INDUCTANCE    (L)  = HENRY
  MAGNETIC FLUX      = WEBER
  RESISTANCE    (R)  = OHM
  ELECTRIC POTENTIAL = VOLT

 INPUT  UNITS ARE ALSO SET TO MKS 

 *** MAPDL - ENGINEERING ANALYSIS SYSTEM  RELEASE 2025 R2          25.2     ***
 Ansys Mechanical Enterprise Academic Student      
 01055371  VERSION=WINDOWS x64   18:09:17  JAN 26, 2026 CP=      0.125

 uk_ad_pojedynczy_polimer--Coupled Field Harmonic (D5)                         



          ***** MAPDL ANALYSIS DEFINITION (PREP7) *****
 *********** Send User Defined Coordinate System(s) ***********
 *********** Nodes for the whole assembly ***********
 *********** Elements for Body 1 'piezo' ***********
 *********** Elements for Body 2 'belka' ***********
 *********** Elements for Body 3 'masa' ***********
 *********** Set Reference Temperature ***********
 *********** Send Materials ***********
 *********** Create Contact "Contact Region" ***********
             Real Constant Set For Above Contact Is 5 & 4
 *********** Create Contact "Contact Region 2" ***********
             Real Constant Set For Above Contact Is 7 & 6
 *********** Fixed Supports ***********
 *********** Define Force Using Surface Effect Elements ***********


 ***** ROUTINE COMPLETED *****  CP =         0.188


 --- Number of total nodes = 3070
 --- Number of contact elements = 554
 --- Number of spring elements = 0
 --- Number of bearing elements = 0
 --- Number of solid elements = 425
 --- Number of condensed parts = 0
 --- Number of total elements = 979

 *GET  _WALLBSOL  FROM  ACTI  ITEM=TIME WALL  VALUE=  18.1547222    

 *****  MAPDL SOLUTION ROUTINE  *****


 PERFORM A HARMONIC ANALYSIS
  THIS WILL BE A NEW ANALYSIS


 PERFORM A FULL HARMONIC RESPONSE ANALYSIS

 THERMAL STRAINS ARE NOT INCLUDED IN THE LOAD VECTOR.

 STEP BOUNDARY CONDITION KEY= 1

 HARMONIC FREQUENCY RANGE - END=  28.000      BEGIN=  0.0000    

 USE    10 SUBSTEP(S) THIS LOAD STEP FOR ALL  DEGREES OF FREEDOM

 ERASE THE CURRENT DATABASE OUTPUT CONTROL TABLE.


 WRITE ALL  ITEMS TO THE DATABASE WITH A FREQUENCY OF NONE
   FOR ALL APPLICABLE ENTITIES

 WRITE NSOL ITEMS TO THE DATABASE WITH A FREQUENCY OF ALL 
   FOR ALL APPLICABLE ENTITIES

 WRITE EANG ITEMS TO THE DATABASE WITH A FREQUENCY OF ALL 
   FOR ALL APPLICABLE ENTITIES

 WRITE ETMP ITEMS TO THE DATABASE WITH A FREQUENCY OF ALL 
   FOR ALL APPLICABLE ENTITIES

 WRITE VENG ITEMS TO THE DATABASE WITH A FREQUENCY OF ALL 
   FOR ALL APPLICABLE ENTITIES

 WRITE STRS ITEMS TO THE DATABASE WITH A FREQUENCY OF ALL 
   FOR ALL APPLICABLE ENTITIES

 WRITE EPEL ITEMS TO THE DATABASE WITH A FREQUENCY OF ALL 
   FOR ALL APPLICABLE ENTITIES

 WRITE RSOL ITEMS TO THE DATABASE WITH A FREQUENCY OF ALL 
   FOR ALL APPLICABLE ENTITIES

 WRITE CONT ITEMS TO THE DATABASE WITH A FREQUENCY OF ALL 
   FOR ALL APPLICABLE ENTITIES

 WRITE MISC ITEMS TO THE DATABASE WITH A FREQUENCY OF ALL 
   FOR ALL APPLICABLE ENTITIES

 WRITE FFLU ITEMS TO THE DATABASE WITH A FREQUENCY OF ALL 
   FOR ALL APPLICABLE ENTITIES

 WRITE FGRA ITEMS TO THE DATABASE WITH A FREQUENCY OF ALL 
   FOR ALL APPLICABLE ENTITIES

 WRITE FMAG ITEMS TO THE DATABASE WITH A FREQUENCY OF ALL 
   FOR ALL APPLICABLE ENTITIES

 WRITE EHEA ITEMS TO THE DATABASE WITH A FREQUENCY OF ALL 
   FOR ALL APPLICABLE ENTITIES

 PRINT COMPLEX DISPLACEMENTS AS REAL AND IMAGINARY COMPONENTS
  CALCULATE AND PRINT AVERAGE, AMPLITUDE AND PEAK OF STIFFNESS AND KINETIC ENERGIES

 *GET  ANSINTER_  FROM  ACTI  ITEM=INT        VALUE=  0.00000000    

 *IF  ANSINTER_  ( =   0.00000     )  NE  
      0  ( =   0.00000     )  THEN    

 *ENDIF

 *** NOTE ***                            CP =       0.250   TIME= 18:09:17
 The automatic domain decomposition logic has selected the FREQ domain   
 decomposition method with 1 processes per frequency solution.           

 *****  MAPDL SOLVE    COMMAND  *****



   D I S T R I B U T E D   D O M A I N   D E C O M P O S E R

 ...Number of frequency solutions:  10
 ...Decompose to 4 frequency domains (with 1 processes per domain)


 *** WARNING ***                         CP =       0.438   TIME= 18:09:17
 Element shape checking is currently inactive.  Issue SHPP,ON or         
 SHPP,WARN to reactivate, if desired.                                    

 *** NOTE ***                            CP =       0.500   TIME= 18:09:17
 The model data was checked and warning messages were found.             
  Please review output or errors file (                                  
 C:\Users\admin\Desktop\LIDIX\ansys\_ProjectScratch\Scr535F\file0.err )  
 for these warning messages.                                             

 *** MAPDL - ENGINEERING ANALYSIS SYSTEM  RELEASE 2025 R2          25.2     ***
 Ansys Mechanical Enterprise Academic Student      
 01055371  VERSION=WINDOWS x64   18:09:17  JAN 26, 2026 CP=      0.500

 uk_ad_pojedynczy_polimer--Coupled Field Harmonic (D5)                         



                       S O L U T I O N   O P T I O N S

   PROBLEM DIMENSIONALITY. . . . . . . . . . . . .3-D                  
   DEGREES OF FREEDOM. . . . . . UX   UY   UZ   VOLT
   ANALYSIS TYPE . . . . . . . . . . . . . . . . .HARMONIC             
      SOLUTION METHOD. . . . . . . . . . . . . . .AUTO
   OFFSET TEMPERATURE FROM ABSOLUTE ZERO . . . . .  273.15    
   THERMAL EXPANSION . . . . . . . . . . . . . . .OFF
   COMPLEX DISPLACEMENT PRINT OPTION . . . . . . .REAL AND IMAGINARY       
   GLOBALLY ASSEMBLED MATRIX . . . . . . . . . . .SYMMETRIC  

 *** WARNING ***                         CP =       0.500   TIME= 18:09:17
 Element 94 (SOLID226) references undefined PERX or DPER for material 2. 

 *** WARNING ***                         CP =       0.500   TIME= 18:09:17
 Element 246 (SOLID226) references undefined PERX or DPER for material   
 3.                                                                      

 *** WARNING ***                         CP =       0.500   TIME= 18:09:17
 Material number 8 (used by element 1736) should normally have at least  
 one MP or one TB type command associated with it.  Output of energy by  
 material may not be available.                                          

 *** NOTE ***                            CP =       0.500   TIME= 18:09:17
 The structural-electrostatic analysis with KEYOPT(1) = 1001 of element  
 SOLID226 will be piezoelectric.                                         

 *** NOTE ***                            CP =       0.500   TIME= 18:09:17
 The structural-electrostatic analysis with KEYOPT(1) = 1001 of element  
 SOLID226 will be piezoelectric.                                         

 *** NOTE ***                            CP =       0.500   TIME= 18:09:17
 The structural-electrostatic analysis with KEYOPT(1) = 1001 of element  
 SOLID226 will be piezoelectric.                                         

 *** NOTE ***                            CP =       0.500   TIME= 18:09:17
 The step data was checked and warning messages were found.              
  Please review output or errors file (                                  
 C:\Users\admin\Desktop\LIDIX\ansys\_ProjectScratch\Scr535F\file0.err )  
 for these warning messages.                                             

 *** NOTE ***                            CP =       0.500   TIME= 18:09:17
 The conditions for direct assembly have been met.  No .emat or .erot    
 files will be produced.                                                 

 *** NOTE ***                            CP =       0.562   TIME= 18:09:17
 Symmetric Deformable- deformable contact pair identified by real        
 constant set 4 and contact element type 4 has been set up.  The         
 companion pair has real constant set ID 5.  Both pairs should have the  
 same behavior.                                                          
 MAPDL will keep the current pair and deactivate its companion pair,     
 resulting in asymmetric contact.                                        
 Piezoelectric contact is activated.
 Linear contact is defined
 Contact algorithm: Augmented Lagrange method
 Contact detection at: Gauss integration point
 Contact stiffness factor FKN                  10.000    
 The resulting initial contact stiffness      0.20000E+15
 Default penetration tolerance factor FTOLN   0.10000    
 The resulting penetration tolerance          0.20000E-03
 Default opening contact stiffness OPSF will be used.
 Default tangent stiffness factor FKT          1.0000    
 Use constant contact stiffness
 Default Max. friction stress TAUMAX          0.10000E+21
 Average contact surface length               0.32088E-02
 Average contact pair depth                   0.20000E-02
 Average target surface length                0.51316E-02
 Default pinball region factor PINB           0.25000    
 The resulting pinball region                 0.50000E-03
 Initial penetration/gap is excluded.
 Bonded contact (always) is defined.
 Electric contact capacitance coef. ECC      0.92686E-05

 *** NOTE ***                            CP =       0.562   TIME= 18:09:17
 Max.  Initial penetration 4.33680869E-19 was detected between contact   
 element 1337 and target element 1515.                                   
 ****************************************
  

 *** WARNING ***                         CP =       0.562   TIME= 18:09:17
 Element shape checking is currently inactive.  Issue SHPP,ON or         
 SHPP,WARN to reactivate, if desired.                                    

 *** WARNING ***                         CP =       0.562   TIME= 18:09:17
 Element shape checking is currently inactive.  Issue SHPP,ON or         
 SHPP,WARN to reactivate, if desired.                                    

 *** WARNING ***                         CP =       0.562   TIME= 18:09:17
 Element shape checking is currently inactive.  Issue SHPP,ON or         
 SHPP,WARN to reactivate, if desired.                                    

 *** WARNING ***                         CP =       0.562   TIME= 18:09:17
 Element 94 (SOLID226) references undefined PERX or DPER for material 2. 

 *** NOTE ***                            CP =       0.562   TIME= 18:09:17
 Symmetric Deformable- deformable contact pair identified by real        
 constant set 5 and contact element type 4 has been set up.  The         
 companion pair has real constant set ID 4.  Both pairs should have the  
 same behavior.                                                          
 MAPDL will deactivate the current pair and keep its companion pair,     
 resulting in asymmetric contact.                                        
 Piezoelectric contact is activated.
 Linear contact is defined
 Contact algorithm: Augmented Lagrange method
 Contact detection at: Gauss integration point
 Contact stiffness factor FKN                  10.000    
 The resulting initial contact stiffness      0.20000E+15
 Default penetration tolerance factor FTOLN   0.10000    
 The resulting penetration tolerance          0.15201E-03
 Default opening contact stiffness OPSF will be used.
 Default tangent stiffness factor FKT          1.0000    
 Use constant contact stiffness
 Default Max. friction stress TAUMAX          0.10000E+21
 Average contact surface length               0.50671E-02
 Average contact pair depth                   0.15201E-02
 Average target surface length                0.32984E-02
 Default pinball region factor PINB           0.25000    
 The resulting pinball region                 0.38003E-03
 Initial penetration/gap is excluded.
 Bonded contact (always) is defined.
 Electric contact capacitance coef. ECC      0.92686E-05

 *** NOTE ***                            CP =       0.562   TIME= 18:09:17
 Max.  Initial penetration 2.168404345E-19 was detected between contact  
 element 1440 and target element 1246.                                   
 ****************************************
  

 *** WARNING ***                         CP =       0.562   TIME= 18:09:17
 Element 94 (SOLID226) references undefined PERX or DPER for material 2. 

 *** WARNING ***                         CP =       0.562   TIME= 18:09:17
 Element 94 (SOLID226) references undefined PERX or DPER for material 2. 

 *** WARNING ***                         CP =       0.562   TIME= 18:09:17
 Element 246 (SOLID226) references undefined PERX or DPER for material   
 3.                                                                      

 *** WARNING ***                         CP =       0.562   TIME= 18:09:17
 Element 246 (SOLID226) references undefined PERX or DPER for material   
 3.                                                                      

 *** NOTE ***                            CP =       0.562   TIME= 18:09:17
 Symmetric Deformable- deformable contact pair identified by real        
 constant set 6 and contact element type 6 has been set up.  The         
 companion pair has real constant set ID 7.  Both pairs should have the  
 same behavior.                                                          
 MAPDL will keep the current pair and deactivate its companion pair,     
 resulting in asymmetric contact.                                        
 Piezoelectric contact is activated.
 Linear contact is defined
 Contact algorithm: Augmented Lagrange method
 Contact detection at: Gauss integration point
 Contact stiffness factor FKN                  10.000    
 The resulting initial contact stiffness      0.24600E+17
 Default penetration tolerance factor FTOLN   0.10000    
 The resulting penetration tolerance          0.15201E-03
 Default opening contact stiffness OPSF will be used.
 Default tangent stiffness factor FKT          1.0000    
 Use constant contact stiffness
 Default Max. friction stress TAUMAX          0.10000E+21
 Average contact surface length               0.50671E-02
 Average contact pair depth                   0.15201E-02
 Average target surface length                0.31667E-02
 Default pinball region factor PINB           0.25000    
 The resulting pinball region                 0.38003E-03
 Initial penetration/gap is excluded.
 Bonded contact (always) is defined.
 Electric contact capacitance coef. ECC      0.92686E-05

 *** NOTE ***                            CP =       0.562   TIME= 18:09:17
 Max.  Initial penetration 2.168404345E-19 was detected between contact  
 element 1592 and target element 1734.                                   
 ****************************************
  

 *** WARNING ***                         CP =       0.562   TIME= 18:09:17
 Element 246 (SOLID226) references undefined PERX or DPER for material   
 3.                                                                      

 *** WARNING ***                         CP =       0.562   TIME= 18:09:17
 Material number 8 (used by element 1736) should normally have at least  
 one MP or one TB type command associated with it.  Output of energy by  
 material may not be available.                                          

 *** NOTE ***                            CP =       0.562   TIME= 18:09:17
 Symmetric Deformable- deformable contact pair identified by real        
 constant set 7 and contact element type 6 has been set up.  The         
 companion pair has real constant set ID 6.  Both pairs should have the  
 same behavior.                                                          
 MAPDL will deactivate the current pair and keep its companion pair,     
 resulting in asymmetric contact.                                        
 Piezoelectric contact is activated.
 Linear contact is defined
 Contact algorithm: Augmented Lagrange method
 Contact detection at: Gauss integration point
 Contact stiffness factor FKN                  10.000    
 The resulting initial contact stiffness      0.24600E+17
 Default penetration tolerance factor FTOLN   0.10000    
 The resulting penetration tolerance          0.33333E-03
 Default opening contact stiffness OPSF will be used.
 Default tangent stiffness factor FKT          1.0000    
 Use constant contact stiffness
 Default Max. friction stress TAUMAX          0.10000E+21
 Average contact surface length               0.30867E-02
 Average contact pair depth                   0.33333E-02
 Average target surface length                0.51316E-02
 Default pinball region factor PINB           0.25000    
 The resulting pinball region                 0.83333E-03
 Initial penetration/gap is excluded.
 Bonded contact (always) is defined.
 Electric contact capacitance coef. ECC      0.92686E-05

 *** NOTE ***                            CP =       0.562   TIME= 18:09:17
 Max.  Initial penetration 4.33680869E-19 was detected between contact   
 element 1621 and target element 1588.                                   
 ****************************************
  

 *** WARNING ***                         CP =       0.562   TIME= 18:09:17
 Maximum contact stiffness 2.46E+16 is too big which can cause an        
 accuracy problem, you may scale the force units in the model.           

 *** WARNING ***                         CP =       0.562   TIME= 18:09:17
 Maximum contact stiffness 2.46E+16 is too big which can cause an        
 accuracy problem, you may scale the force units in the model.           
  
  

 *** WARNING ***                         CP =       0.562   TIME= 18:09:17
 Material number 8 (used by element 1736) should normally have at least  
 one MP or one TB type command associated with it.  Output of energy by  
 material may not be available.                                          

                      L O A D   S T E P   O P T I O N S

   LOAD STEP NUMBER. . . . . . . . . . . . . . . .     1
   FREQUENCY RANGE . . . . . . . . . . . . . . . .  0.0000     TO   28.000    
   NUMBER OF SUBSTEPS. . . . . . . . . . . . . . .    10
   STEP CHANGE BOUNDARY CONDITIONS . . . . . . . .   YES
   PRINT OUTPUT CONTROLS . . . . . . . . . . . . .NO PRINTOUT
   DATABASE OUTPUT CONTROLS
      ITEM     FREQUENCY   COMPONENT
       ALL       NONE               
      NSOL        ALL               
      EANG        ALL               
      ETMP        ALL               
      VENG        ALL               
      STRS        ALL               
      EPEL        ALL               
      RSOL        ALL               
      CONT        ALL               
      MISC        ALL               
      FFLU        ALL               
      FGRA        ALL               
      FMAG        ALL               
      EHEA        ALL               

   AUTO SELECTION OF VT FOR FREQUENCY SWEEP. . . . NO

 *** WARNING ***                         CP =       0.688   TIME= 18:09:17
 Maximum contact stiffness 2.46E+16 is too big which can cause an        
 accuracy problem, you may scale the force units in the model.           

 *** NOTE ***                            CP =       0.688   TIME= 18:09:17
 Symmetric Deformable- deformable contact pair identified by real        
 constant set 4 and contact element type 4 has been set up.  The         
 companion pair has real constant set ID 5.  Both pairs should have the  
 same behavior.                                                          
 MAPDL will keep the current pair and deactivate its companion pair,     
 resulting in asymmetric contact.                                        
 Piezoelectric contact is activated.
 Linear contact is defined
 Contact algorithm: Augmented Lagrange method
 Contact detection at: Gauss integration point
 Contact stiffness factor FKN                  10.000    
 The resulting initial contact stiffness      0.20000E+15
 Default penetration tolerance factor FTOLN   0.10000    
 The resulting penetration tolerance          0.20000E-03
 Default opening contact stiffness OPSF will be used.
 Default tangent stiffness factor FKT          1.0000    
 Use constant contact stiffness
 Default Max. friction stress TAUMAX          0.10000E+21
 Average contact surface length               0.32088E-02
 Average contact pair depth                   0.20000E-02
 Average target surface length                0.51316E-02
 Default pinball region factor PINB           0.25000    
 The resulting pinball region                 0.50000E-03
 Initial penetration/gap is excluded.
 Bonded contact (always) is defined.
 Electric contact capacitance coef. ECC      0.92686E-05

 *** NOTE ***                            CP =       0.688   TIME= 18:09:17
 Max.  Initial penetration 4.33680869E-19 was detected between contact   
 element 1337 and target element 1515.                                   
 ****************************************
  

 *** WARNING ***                         CP =       0.688   TIME= 18:09:17
 Material number 8 (used by element 1736) should normally have at least  
 one MP or one TB type command associated with it.  Output of energy by  
 material may not be available.                                          

 *** WARNING ***                         CP =       0.688   TIME= 18:09:17
 Maximum contact stiffness 2.46E+16 is too big which can cause an        
 accuracy problem, you may scale the force units in the model.           

 *** NOTE ***                            CP =       0.688   TIME= 18:09:17
 Symmetric Deformable- deformable contact pair identified by real        
 constant set 5 and contact element type 4 has been set up.  The         
 companion pair has real constant set ID 4.  Both pairs should have the  
 same behavior.                                                          
 MAPDL will deactivate the current pair and keep its companion pair,     
 resulting in asymmetric contact.                                        
 Piezoelectric contact is activated.
 Linear contact is defined
 Contact algorithm: Augmented Lagrange method
 Contact detection at: Gauss integration point
 Contact stiffness factor FKN                  10.000    
 The resulting initial contact stiffness      0.20000E+15
 Default penetration tolerance factor FTOLN   0.10000    
 The resulting penetration tolerance          0.15201E-03
 Default opening contact stiffness OPSF will be used.
 Default tangent stiffness factor FKT          1.0000    
 Use constant contact stiffness
 Default Max. friction stress TAUMAX          0.10000E+21
 Average contact surface length               0.50671E-02
 Average contact pair depth                   0.15201E-02
 Average target surface length                0.32984E-02
 Default pinball region factor PINB           0.25000    
 The resulting pinball region                 0.38003E-03
 Initial penetration/gap is excluded.
 Bonded contact (always) is defined.
 Electric contact capacitance coef. ECC      0.92686E-05

 *** NOTE ***                            CP =       0.688   TIME= 18:09:17
 Max.  Initial penetration 2.168404345E-19 was detected between contact  
 element 1440 and target element 1246.                                   
 ****************************************
  

 *** NOTE ***                            CP =       0.688   TIME= 18:09:17
 Symmetric Deformable- deformable contact pair identified by real        
 constant set 6 and contact element type 6 has been set up.  The         
 companion pair has real constant set ID 7.  Both pairs should have the  
 same behavior.                                                          
 MAPDL will keep the current pair and deactivate its companion pair,     
 resulting in asymmetric contact.                                        
 Piezoelectric contact is activated.
 Linear contact is defined
 Contact algorithm: Augmented Lagrange method
 Contact detection at: Gauss integration point
 Contact stiffness factor FKN                  10.000    
 The resulting initial contact stiffness      0.24600E+17
 Default penetration tolerance factor FTOLN   0.10000    
 The resulting penetration tolerance          0.15201E-03
 Default opening contact stiffness OPSF will be used.
 Default tangent stiffness factor FKT          1.0000    
 Use constant contact stiffness
 Default Max. friction stress TAUMAX          0.10000E+21
 Average contact surface length               0.50671E-02
 Average contact pair depth                   0.15201E-02
 Average target surface length                0.31667E-02
 Default pinball region factor PINB           0.25000    
 The resulting pinball region                 0.38003E-03
 Initial penetration/gap is excluded.
 Bonded contact (always) is defined.
 Electric contact capacitance coef. ECC      0.92686E-05

 *** NOTE ***                            CP =       0.688   TIME= 18:09:17
 Max.  Initial penetration 2.168404345E-19 was detected between contact  
 element 1592 and target element 1734.                                   
 ****************************************
  

 *** NOTE ***                            CP =       0.688   TIME= 18:09:17
 Symmetric Deformable- deformable contact pair identified by real        
 constant set 7 and contact element type 6 has been set up.  The         
 companion pair has real constant set ID 6.  Both pairs should have the  
 same behavior.                                                          
 MAPDL will deactivate the current pair and keep its companion pair,     
 resulting in asymmetric contact.                                        
 Piezoelectric contact is activated.
 Linear contact is defined
 Contact algorithm: Augmented Lagrange method
 Contact detection at: Gauss integration point
 Contact stiffness factor FKN                  10.000    
 The resulting initial contact stiffness      0.24600E+17
 Default penetration tolerance factor FTOLN   0.10000    
 The resulting penetration tolerance          0.33333E-03
 Default opening contact stiffness OPSF will be used.
 Default tangent stiffness factor FKT          1.0000    
 Use constant contact stiffness
 Default Max. friction stress TAUMAX          0.10000E+21
 Average contact surface length               0.30867E-02
 Average contact pair depth                   0.33333E-02
 Average target surface length                0.51316E-02
 Default pinball region factor PINB           0.25000    
 The resulting pinball region                 0.83333E-03
 Initial penetration/gap is excluded.
 Bonded contact (always) is defined.
 Electric contact capacitance coef. ECC      0.92686E-05

 *** NOTE ***                            CP =       0.688   TIME= 18:09:17
 Max.  Initial penetration 4.33680869E-19 was detected between contact   
 element 1621 and target element 1588.                                   
 ****************************************
  


                         ***********  PRECISE MASS SUMMARY  ***********

   TOTAL RIGID BODY MASS MATRIX ABOUT ORIGIN
               Translational mass               |   Coupled translational/rotational mass
        0.15048        0.0000        0.0000     |     0.0000       0.12427E-01  -0.71586E-03
         0.0000       0.15048        0.0000     |   -0.12427E-01    0.0000       0.30097E-02
         0.0000        0.0000       0.15048     |    0.71586E-03  -0.30097E-02    0.0000    
     ------------------------------------------ | ------------------------------------------
                                                |         Rotational mass (inertia)
                                                |    0.11100E-02  -0.14317E-04  -0.24855E-03
                                                |   -0.14317E-04   0.11848E-02  -0.65235E-04
                                                |   -0.24855E-03  -0.65235E-04   0.85064E-04

   TOTAL MASS = 0.15048    
     The mass principal axes coincide with the global Cartesian axes

   CENTER OF MASS (X,Y,Z)=   0.20000E-01   0.47572E-02   0.82585E-01

   TOTAL INERTIA ABOUT CENTER OF MASS
        0.80261E-04   0.12085E-09   0.11605E-08
        0.12085E-09   0.98244E-04  -0.61156E-05
        0.11605E-08  -0.61156E-05   0.21464E-04

   PRINCIPAL INERTIAS =   0.80261E-04   0.98728E-04   0.20980E-04
   ORIENTATION VECTORS OF THE INERTIA PRINCIPAL AXES IN GLOBAL CARTESIAN
     ( 1.000,-0.000, 0.000) ( 0.000, 0.997,-0.079) (-0.000, 0.079, 0.997) 


  *** MASS SUMMARY BY ELEMENT TYPE ***

  TYPE      MASS
     1  0.358088E-02
     2  0.314000E-01
     3  0.115500    

 Range of element maximum matrix coefficients in global coordinates
 Maximum = 1.111888268E+11 at element 1593.                              
 Minimum = 3142468.03 at element 92.                                     

   *** ELEMENT MATRIX FORMULATION TIMES
     TYPE    NUMBER   ENAME      TOTAL CP  AVE CP

        1        93  SOLID226      0.172   0.001848
        2       152  SOLID226      0.188   0.001234
        3       180  SOLID226      0.141   0.000781
        4       163  CONTA174      0.078   0.000479
        5       163  TARGE170      0.000   0.000000
        6        84  CONTA174      0.016   0.000186
        7        84  TARGE170      0.000   0.000000
        8        60  SURF154       0.000   0.000000
 Time at end of element matrix formulation CP = 1.40625.                 

 SPARSE MATRIX DIRECT SOLVER.
  Number of equations =       11272,    Maximum wavefront =    324


  Memory allocated on this process
  -------------------------------------------------------------------
  Equation solver memory allocated                     =   141.158 MB
  Equation solver memory required for in-core mode     =   135.507 MB
  Equation solver memory required for out-of-core mode =    62.269 MB
  Total (solver and non-solver) memory allocated       =   614.146 MB

 *** NOTE ***                            CP =       1.469   TIME= 18:09:17
 The Sparse Matrix Solver is currently running in the in-core memory     
 mode.  This memory mode uses the most amount of memory in order to      
 avoid using the hard drive as much as possible, which most often        
 results in the fastest solution time.  This mode is recommended if      
 enough physical memory is present to accommodate all of the solver      
 data.                                                                   
 Sparse solver maximum pivot= 2.83531345E+25 at node 2960 VOLT.          
 Sparse solver minimum pivot= 0 at node 2965 VOLT.                       
 Sparse solver minimum pivot in absolute value= 0 at node 2965 VOLT.     

   *** ELEMENT RESULT CALCULATION TIMES
     TYPE    NUMBER   ENAME      TOTAL CP  AVE CP

        1        93  SOLID226      0.016   0.000168
        2       152  SOLID226      0.031   0.000206
        3       180  SOLID226      0.031   0.000174
        4       163  CONTA174      0.031   0.000192
        6        84  CONTA174      0.000   0.000000
        8        60  SURF154       0.016   0.000260

   *** NODAL LOAD CALCULATION TIMES
     TYPE    NUMBER   ENAME      TOTAL CP  AVE CP

        1        93  SOLID226      0.000   0.000000
        2       152  SOLID226      0.000   0.000000
        3       180  SOLID226      0.000   0.000000
        4       163  CONTA174      0.000   0.000000
        6        84  CONTA174      0.000   0.000000
        8        60  SURF154       0.000   0.000000
 *** LOAD STEP     1   SUBSTEP     1  COMPLETED.  FREQUENCY=   2.80000    
 *** LOAD STEP     1   SUBSTEP     2  COMPLETED.  FREQUENCY=   5.60000    
 *** LOAD STEP     1   SUBSTEP     3  COMPLETED.  FREQUENCY=   8.40000    
 *** LOAD STEP     1   SUBSTEP     4  COMPLETED.  FREQUENCY=   11.2000    
 *** LOAD STEP     1   SUBSTEP     5  COMPLETED.  FREQUENCY=   14.0000    
 *** LOAD STEP     1   SUBSTEP     6  COMPLETED.  FREQUENCY=   16.8000    
 *** LOAD STEP     1   SUBSTEP     7  COMPLETED.  FREQUENCY=   19.6000    
 *** LOAD STEP     1   SUBSTEP     8  COMPLETED.  FREQUENCY=   22.4000    
 *** LOAD STEP     1   SUBSTEP     9  COMPLETED.  FREQUENCY=   25.2000    
 *** LOAD STEP     1   SUBSTEP    10  COMPLETED.  FREQUENCY=   28.0000    


 *** MAPDL BINARY FILE STATISTICS
  BUFFER SIZE USED= 16384
        2.438 MB WRITTEN ON ELEMENT SAVED DATA FILE: file0.esav
       12.625 MB WRITTEN ON ASSEMBLED MATRIX FILE: file0.full
        3.625 MB WRITTEN ON RESULTS FILE: file0.rst
 *************** Write FE CONNECTORS *********

 WRITE OUT CONSTRAINT EQUATIONS TO FILE= file.ce                                                                                                                                                                                                                                                             

 FINISH SOLUTION PROCESSING


 ***** ROUTINE COMPLETED *****  CP =         3.469



 PRINTOUT RESUMED BY /GOP

 *GET  _WALLASOL  FROM  ACTI  ITEM=TIME WALL  VALUE=  18.1552778    

 *** MAPDL - ENGINEERING ANALYSIS SYSTEM  RELEASE 2025 R2          25.2     ***
 Ansys Mechanical Enterprise Academic Student      
 01055371  VERSION=WINDOWS x64   18:09:19  JAN 26, 2026 CP=      3.469

 uk_ad_pojedynczy_polimer--Coupled Field Harmonic (D5)                         



          ***** MAPDL RESULTS INTERPRETATION (POST1) *****

 *** NOTE ***                            CP =       3.469   TIME= 18:09:19
 Reading results into the database (SET command) will update the current 
 displacement and force boundary conditions in the database with the     
 values from the results file for that load set.  Note that any          
 subsequent solutions will use these values unless action is taken to    
 either SAVE the current values or not overwrite them (/EXIT,NOSAVE).    

 Set Encoding of XML File to:ISO-8859-1

 Set Output of XML File to:
     PARM,     ,     ,     ,     ,     ,     ,     ,     ,     ,     ,     ,
         ,     ,     ,     ,     ,     ,     ,

 DATABASE WRITTEN ON FILE  parm.xml                                                                                                                                                                                                                                                            

 EXIT THE MAPDL POST1 DATABASE PROCESSOR


 ***** ROUTINE COMPLETED *****  CP =         3.484



 PRINTOUT RESUMED BY /GOP

 *GET  _WALLDONE  FROM  ACTI  ITEM=TIME WALL  VALUE=  18.1552778    

 PARAMETER _PREPTIME =     0.000000000    

 PARAMETER _SOLVTIME =     2.000000000    

 PARAMETER _POSTTIME =     0.000000000    

 PARAMETER _TOTALTIM =     2.000000000    

 *GET  _DLBRATIO  FROM  ACTI  ITEM=SOLU DLBR  VALUE=  0.00000000    

 *GET  _COMBTIME  FROM  ACTI  ITEM=SOLU COMB  VALUE= 0.413901000E-01

 *GET  _SSMODE   FROM  ACTI  ITEM=SOLU SSMM  VALUE=  2.00000000    

 *GET  _NDOFS    FROM  ACTI  ITEM=SOLU NDOF  VALUE=  11272.0000    

 /FCLEAN COMMAND REMOVING ALL LOCAL FILES
 --- Total number of nodes = 3070
 --- Total number of elements = 979
 --- Element load balance ratio = 0
 --- Time to combine distributed files = 4.13901E-02
 --- Sparse memory mode = 2
 --- Number of DOF = 11272

 EXIT MAPDL WITHOUT SAVING DATABASE


 NUMBER OF WARNING MESSAGES ENCOUNTERED=         20
 NUMBER OF ERROR   MESSAGES ENCOUNTERED=          0

+--------------------- M A P D L   S T A T I S T I C S ------------------------+

Release: 2025 R2            Build: 25.2       Update: UP20250519   Platform: WINDOWS x64 
Date Run: 01/26/2026   Time: 18:09     Process ID: 17828
Operating System: Windows 11  (Build: 26200)

Processor Model: AMD Ryzen 9 5900X 12-Core Processor

Compiler: Intel(R) Fortran Compiler Classic Version 2021.9  (Build: 20230302)
          Intel(R) C/C++ Compiler Classic Version 2021.9  (Build: 20230302)
          AOCL-BLAS 5.0.1 Build 20250320

Number of machines requested            :    1
Total number of cores available         :   24
Number of physical cores available      :   12
Number of processes requested           :    4
Number of threads per process requested :    1
Total number of cores requested         :    4 (Distributed Memory Parallel)               
MPI Type: INTELMPI
MPI Version: Intel(R) MPI Library 2021.14 for Windows* OS


GPU Acceleration: Not Requested

Job Name: file0
Input File: dummy.dat

  Core                Machine Name   Working Directory
 -----------------------------------------------------
     0             DESKTOP-V0OVKMM   C:\Users\admin\Desktop\LIDIX\ansys\_ProjectScratch\Scr535F
     1             DESKTOP-V0OVKMM   C:\Users\admin\Desktop\LIDIX\ansys\_ProjectScratch\Scr535F
     2             DESKTOP-V0OVKMM   C:\Users\admin\Desktop\LIDIX\ansys\_ProjectScratch\Scr535F
     3             DESKTOP-V0OVKMM   C:\Users\admin\Desktop\LIDIX\ansys\_ProjectScratch\Scr535F
 
Latency time from master to core     1 =    5.035 microseconds
Latency time from master to core     2 =    5.132 microseconds
Latency time from master to core     3 =    5.222 microseconds
 
Communication speed from master to core     1 = 16664.93 MB/sec
Communication speed from master to core     2 =  8504.03 MB/sec
Communication speed from master to core     3 =  8450.41 MB/sec

Total CPU time for main thread                    :        2.8 seconds
Total CPU time summed for all threads             :        3.6 seconds

Elapsed time spent obtaining a license            :        0.4 seconds
Elapsed time spent pre-processing model (/PREP7)  :        0.0 seconds
Elapsed time spent solution - preprocessing       :        0.1 seconds
Elapsed time spent computing solution             :        2.2 seconds
Elapsed time spent solution - postprocessing      :        0.0 seconds
Elapsed time spent post-processing model (/POST1) :        0.0 seconds
 
Equation solver used                              :            Sparse (symmetric)
Equation solver computational rate                :       10.6 Gflops

Sum of disk space used on all processes           :       85.0 MB

Sum of memory used on all processes               :      677.0 MB
Sum of memory allocated on all processes          :     3237.0 MB
Physical memory available                         :         64 GB
Total amount of I/O written to disk               :        0.1 GB
Total amount of I/O read from disk                :        0.1 GB

+------------------ E N D   M A P D L   S T A T I S T I C S -------------------+


 *-----------------------------------------------------------------------------*
 |                                                                             |
 |                               RUN COMPLETED                                 |
 |                                                                             |
 |-----------------------------------------------------------------------------|
 |                                                                             |
 |  Ansys MAPDL 2025 R2         Build 25.2         UP20250519    WINDOWS x64   |
 |                                                                             |
 |-----------------------------------------------------------------------------|
 |                                                                             |
 |  Database Requested(-db)     1024 MB     Scratch Memory Requested   1024 MB |
 |  Max Database Used(Master)      2 MB     Max Scratch Used(Master)    168 MB |
 |  Max Database Used(Workers)     2 MB     Max Scratch Used(Workers)   167 MB |
 |  Sum Database Used(All)         8 MB     Sum Scratch Used(All)       669 MB |
 |                                                                             |
 |-----------------------------------------------------------------------------|
 |                                                                             |
 |        CP Time      (sec) =          3.625       Time  =  18:09:33          |
 |        Elapsed Time (sec) =         18.000       Date  =  01/26/2026        |
 |                                                                             |
 *-----------------------------------------------------------------------------*
