
 Ansys Mechanical Enterprise Academic Student      


 *------------------------------------------------------------------*
 |                                                                  |
 |   W E L C O M E   T O   T H E   A N S Y S (R)  P R O G R A M     |
 |                                                                  |
 *------------------------------------------------------------------*




 ***************************************************************
 *         ANSYS MAPDL 2025 R2          LEGAL NOTICES          *
 ***************************************************************
 *                                                             *
 * Copyright 1971-2025 Ansys, Inc.  All rights reserved.       *
 * Unauthorized use, distribution or duplication is            *
 * prohibited.                                                 *
 *                                                             *
 * Ansys is a registered trademark of Ansys, Inc. or its       *
 * subsidiaries in the United States or other countries.       *
 * See the Ansys, Inc. online documentation or the Ansys, Inc. *
 * documentation CD or online help for the complete Legal      *
 * Notice.                                                     *
 *                                                             *
 ***************************************************************
 *                                                             *
 * THIS ANSYS SOFTWARE PRODUCT AND PROGRAM DOCUMENTATION       *
 * INCLUDE TRADE SECRETS AND CONFIDENTIAL AND PROPRIETARY      *
 * PRODUCTS OF ANSYS, INC., ITS SUBSIDIARIES, OR LICENSORS.    *
 * The software products and documentation are furnished by    *
 * Ansys, Inc. or its subsidiaries under a software license    *
 * agreement that contains provisions concerning               *
 * non-disclosure, copying, length and nature of use,          *
 * compliance with exporting laws, warranties, disclaimers,    *
 * limitations of liability, and remedies, and other           *
 * provisions.  The software products and documentation may be *
 * used, disclosed, transferred, or copied only in accordance  *
 * with the terms and conditions of that software license      *
 * agreement.                                                  *
 *                                                             *
 * Ansys, Inc. is a UL registered                              *
 * ISO 9001:2015 company.                                      *
 *                                                             *
 ***************************************************************
 *                                                             *
 * This product is subject to U.S. laws governing export and   *
 * re-export.                                                  *
 *                                                             *
 * For U.S. Government users, except as specifically granted   *
 * by the Ansys, Inc. software license agreement, the use,     *
 * duplication, or disclosure by the United States Government  *
 * is subject to restrictions stated in the Ansys, Inc.        *
 * software license agreement and FAR 12.212 (for non-DOD      *
 * licenses).                                                  *
 *                                                             *
 ***************************************************************

 2025 R2 
     
 Point Releases and Patches installed:   
     
 Discovery 2025 R2   
 Core WB Files 2025 R2   
 optiSLang 2025 R2   
 CFX (includes CFD-Post) 2025 R2 
 Chemkin 2025 R2 
 EnSight 2025 R2 
 FENSAP-ICE 2025 R2  
 Fluent (includes CFD-Post) 2025 R2  
 Polyflow (includes CFD-Post) 2025 R2
 Forte (includes EnSight) 2025 R2
 Rocky 2025 R2   
 TurboGrid 2025 R2   
 ACIS Geometry Interface 2025 R2 
 AutoCAD Geometry Interface 2025 R2  
 Catia, Version 4 Geometry Interface 2025 R2 
 Catia, Version 5 Geometry Interface 2025 R2 
 Catia, Version 6 Geometry Interface 2025 R2 
 Creo Elements/Direct Modeling Geometry Interface 2025 R2
 Creo Parametric Geometry Interface 2025 R2  
 Inventor Geometry Interface 2025 R2 
 JTOpen Geometry Interface 2025 R2   
 NX Geometry Interface 2025 R2   
 Parasolid Geometry Interface  2025 R2   
 Solid Edge Geometry Interface 2025 R2   
 SOLIDWORKS Geometry Interface 2025 R2   
 Speos 2025 R2   
 SpaceClaim 2025 R2  
 Speos RPC 2025 R2   
 Zemax OpticStudio 2025 R2   
 Dynamic Reporting 2025 R2   
 Aqwa 2025 R2
 Autodyn 2025 R2 
 Material Calibration App 2025 R2
 Mechanical Products 2025 R2 
 Motion 2025 R2  
 Academic Student 2025 R2


          *****  MAPDL COMMAND LINE ARGUMENTS  *****
  BATCH MODE REQUESTED (-b)    = NOLIST
  INPUT FILE COPY MODE (-c)    = COPY
  DISTRIBUTED MEMORY PARALLEL REQUESTED
       4 PARALLEL PROCESSES REQUESTED WITH SINGLE THREAD PER PROCESS
    TOTAL OF     4 CORES REQUESTED
  INPUT FILE NAME              = C:\Users\admin\Desktop\LIDIX\ansys\_ProjectScratch\Scr3102\dummy.dat
  OUTPUT FILE NAME             = C:\Users\admin\Desktop\LIDIX\ansys\_ProjectScratch\Scr3102\solve.out
  START-UP FILE MODE           = NOREAD
  STOP FILE MODE               = NOREAD

 RELEASE= 2025 R2              BUILD= 25.2      UP20250519   VERSION=WINDOWS x64 
 CURRENT JOBNAME=file0  21:07:14  DEC 18, 2025 CP=      0.094


 PARAMETER _DS_PROGRESS =     999.0000000    

 /INPUT FILE= ds.dat  LINE=       0



 *** NOTE ***                            CP =       0.234   TIME= 21:07:14
 The /CONFIG,NOELDB command is not valid in a distributed memory         
 parallel solution.  Command is ignored.                                 

 *GET  _WALLSTRT  FROM  ACTI  ITEM=TIME WALL  VALUE=  21.1205556    

 TITLE= 
 uk_ad_pojedynczy_ceramika--Harmonic Response (C5)                             

  ACT Extensions:
      LSDYNA, 2025.2
      5f463412-bd3e-484b-87e7-cbc0a665e474, wbex
 /COM,     ANSYSMotion, 2025.2
      20180725-3f81-49eb-9f31-41364844c769, wbex
  

 SET PARAMETER DIMENSIONS ON  _WB_PROJECTSCRATCH_DIR
  TYPE=STRI  DIMENSIONS=      248        1        1

 PARAMETER _WB_PROJECTSCRATCH_DIR(1) = C:\Users\admin\Desktop\LIDIX\ansys\_ProjectScratch\Scr3102\
 --- Data in consistent MKS units. See Solving Units in the help system for more

 MKS UNITS SPECIFIED FOR INTERNAL    
  LENGTH        (l)  = METER (M)
  MASS          (M)  = KILOGRAM (KG)
  TIME          (t)  = SECOND (SEC)
  TEMPERATURE   (T)  = CELSIUS (C)
  TOFFSET            = 273.0
  CHARGE        (Q)  = COULOMB
  FORCE         (f)  = NEWTON (N) (KG-M/SEC2)
  HEAT               = JOULE (N-M)

  PRESSURE           = PASCAL (NEWTON/M**2)
  ENERGY        (W)  = JOULE (N-M)
  POWER         (P)  = WATT (N-M/SEC)
  CURRENT       (i)  = AMPERE (COULOMBS/SEC)
  CAPACITANCE   (C)  = FARAD
  INDUCTANCE    (L)  = HENRY
  MAGNETIC FLUX      = WEBER
  RESISTANCE    (R)  = OHM
  ELECTRIC POTENTIAL = VOLT

 INPUT  UNITS ARE ALSO SET TO MKS 

 *** MAPDL - ENGINEERING ANALYSIS SYSTEM  RELEASE 2025 R2          25.2     ***
 Ansys Mechanical Enterprise Academic Student      
 01055371  VERSION=WINDOWS x64   21:07:14  DEC 18, 2025 CP=      0.266

 uk_ad_pojedynczy_ceramika--Harmonic Response (C5)                             



          ***** MAPDL ANALYSIS DEFINITION (PREP7) *****
 *********** Send User Defined Coordinate System(s) ***********
 *********** Nodes for the whole assembly ***********
 *********** Elements for Body 1 'piezo' ***********
 *********** Elements for Body 2 'belka' ***********
 *********** Elements for Body 3 'masa' ***********
 *********** Set Reference Temperature ***********
 *********** Send Materials ***********
 *********** Create Contact "Contact Region" ***********
             Real Constant Set For Above Contact Is 5 & 4
 *********** Create Contact "Contact Region 2" ***********
             Real Constant Set For Above Contact Is 7 & 6
 *********** Fixed Supports ***********
 *********** Define Force Using Surface Effect Elements ***********


 ***** ROUTINE COMPLETED *****  CP =         0.328


 --- Number of total nodes = 3070
 --- Number of contact elements = 554
 --- Number of spring elements = 0
 --- Number of bearing elements = 0
 --- Number of solid elements = 425
 --- Number of condensed parts = 0
 --- Number of total elements = 979

 *GET  _WALLBSOL  FROM  ACTI  ITEM=TIME WALL  VALUE=  21.1205556    
 *********** Performing Modal Solve ***********

 *****  MAPDL SOLUTION ROUTINE  *****


 PERFORM A MODAL ANALYSIS
  THIS WILL BE A NEW ANALYSIS


 MODE ANALYSIS MULTIPLE LOAD STEP IS ON

 THERMAL STRAINS ARE NOT INCLUDED IN THE LOAD VECTOR.


 EXPAND ALL EXTRACTED MODES
  CALCULATE ELEMENT RESULTS AND NODAL DOF SOLUTION
  CALCULATE STRESSES IN ANY DOWNSTREAM MODE SUPERPOSITION EXPANSION PASS

 ERASE THE CURRENT DATABASE OUTPUT CONTROL TABLE.


 WRITE ALL  ITEMS TO THE DATABASE WITH A FREQUENCY OF NONE
   FOR ALL APPLICABLE ENTITIES

 WRITE NSOL ITEMS TO THE DATABASE WITH A FREQUENCY OF ALL 
   FOR ALL APPLICABLE ENTITIES

 WRITE EANG ITEMS TO THE DATABASE WITH A FREQUENCY OF ALL 
   FOR ALL APPLICABLE ENTITIES

 WRITE VENG ITEMS TO THE DATABASE WITH A FREQUENCY OF ALL 
   FOR ALL APPLICABLE ENTITIES

 WRITE STRS ITEMS TO THE DATABASE WITH A FREQUENCY OF ALL 
   FOR ALL APPLICABLE ENTITIES

 WRITE EPEL ITEMS TO THE DATABASE WITH A FREQUENCY OF ALL 
   FOR ALL APPLICABLE ENTITIES

 WRITE RSOL ITEMS TO THE DATABASE WITH A FREQUENCY OF ALL 
   FOR ALL APPLICABLE ENTITIES

 WRITE CONT ITEMS TO THE DATABASE WITH A FREQUENCY OF ALL 
   FOR ALL APPLICABLE ENTITIES


 USE SYM. BLOCK LANCZOS MODE EXTRACTION METHOD
  EXTRACT   200 MODES
  EXTRACT FREQUENCIES IN THE RANGE   0.0000     TO   50.000    
  NORMALIZE THE MODE SHAPES TO THE MASS MATRIX

 DELETE ALL SPECIFIED NODAL LOADS FROM NODE         1 TO      3070 BY       1

 NUMBER OF NODAL LOADS DELETED=       0

 ACEL=    0.0000      0.0000      0.0000    
 *********** Setting and Solving Each Load Step ***********

 SELECT       FOR ITEM=TYPE COMPONENT=    
  IN RANGE         8 TO          8 STEP          1

         60  ELEMENTS (OF        979  DEFINED) SELECTED BY  ESEL  COMMAND.

 SELECT      ALL NODES HAVING ANY ELEMENT IN ELEMENT SET.

        215 NODES (OF       3070  DEFINED) SELECTED FROM
       60 SELECTED ELEMENTS BY NSLE COMMAND.

 SPECIFIED SURFACE LOAD PRES FOR ALL SELECTED ELEMENTS  LKEY =  2   KVAL = 1
     VALUES =     1.0000         1.0000         1.0000         1.0000    

 ALL SELECT   FOR ITEM=NODE COMPONENT=    
  IN RANGE         1 TO       3070 STEP          1

       3070  NODES (OF       3070  DEFINED) SELECTED BY NSEL  COMMAND.

 ALL SELECT   FOR ITEM=ELEM COMPONENT=    
  IN RANGE         1 TO       1795 STEP          1

        979  ELEMENTS (OF        979  DEFINED) SELECTED BY  ESEL  COMMAND.

 *** NOTE ***                            CP =       0.391   TIME= 21:07:14
 The automatic domain decomposition logic has selected the MESH domain   
 decomposition method with 4 processes per solution.                     

 *****  MAPDL SOLVE    COMMAND  *****

 *** WARNING ***                         CP =       0.391   TIME= 21:07:14
 Element shape checking is currently inactive.  Issue SHPP,ON or         
 SHPP,WARN to reactivate, if desired.                                    

 *** NOTE ***                            CP =       0.453   TIME= 21:07:14
 The model data was checked and warning messages were found.             
  Please review output or errors file (                                  
 C:\Users\admin\Desktop\LIDIX\ansys\_ProjectScratch\Scr3102\file0.err )  
 for these warning messages.                                             

 *** SELECTION OF ELEMENT TECHNOLOGIES FOR APPLICABLE ELEMENTS ***
      --- GIVE SUGGESTIONS AND RESET THE KEY OPTIONS ---

 ELEMENT TYPE         1 IS SOLID186. KEYOPT(2)=0 IS SUGGESTED AND HAS BEEN RESET.
  KEYOPT(1-12)=    0    0    0    0    0    0    0    0    0    0    0    0

 ELEMENT TYPE         2 IS SOLID186. KEYOPT(2)=0 IS SUGGESTED AND HAS BEEN RESET.
  KEYOPT(1-12)=    0    0    0    0    0    0    0    0    0    0    0    0

 ELEMENT TYPE         3 IS SOLID186. KEYOPT(2)=0 IS SUGGESTED AND HAS BEEN RESET.
  KEYOPT(1-12)=    0    0    0    0    0    0    0    0    0    0    0    0



 *** MAPDL - ENGINEERING ANALYSIS SYSTEM  RELEASE 2025 R2          25.2     ***
 Ansys Mechanical Enterprise Academic Student      
 01055371  VERSION=WINDOWS x64   21:07:14  DEC 18, 2025 CP=      0.453

 uk_ad_pojedynczy_ceramika--Harmonic Response (C5)                             



                       S O L U T I O N   O P T I O N S

   PROBLEM DIMENSIONALITY. . . . . . . . . . . . .3-D                  
   DEGREES OF FREEDOM. . . . . . UX   UY   UZ  
   ANALYSIS TYPE . . . . . . . . . . . . . . . . .MODAL                
      EXTRACTION METHOD. . . . . . . . . . . . . .BLOCK LANCZOS
   OFFSET TEMPERATURE FROM ABSOLUTE ZERO . . . . .  273.15    
   THERMAL EXPANSION . . . . . . . . . . . . . . .OFF
   NUMBER OF MODES TO EXTRACT. . . . . . . . . . .   200
   MODAL EXTRACTION RANGE. . . . . . . . . . . . .  0.0000     TO   50.000    
   GLOBALLY ASSEMBLED MATRIX . . . . . . . . . . .SYMMETRIC  
   NUMBER OF MODES TO EXPAND . . . . . . . . . . .ALL
   ELEMENT RESULTS CALCULATION . . . . . . . . . .ON 

 *** WARNING ***                         CP =       0.453   TIME= 21:07:14
 Material number 8 (used by element 1736) should normally have at least  
 one MP or one TB type command associated with it.  Output of energy by  
 material may not be available.                                          

 *** NOTE ***                            CP =       0.453   TIME= 21:07:14
 The step data was checked and warning messages were found.              
  Please review output or errors file (                                  
 C:\Users\admin\Desktop\LIDIX\ansys\_ProjectScratch\Scr3102\file0.err )  
 for these warning messages.                                             

 *** NOTE ***                            CP =       0.453   TIME= 21:07:14
 The conditions for direct assembly have been met.  No .emat or .erot    
 files will be produced.                                                 

 *** NOTE ***                            CP =       0.516   TIME= 21:07:14
 Symmetric Deformable- deformable contact pair identified by real        
 constant set 4 and contact element type 4 has been set up.  The         
 companion pair has real constant set ID 5.  Both pairs should have the  
 same behavior.                                                          
 MAPDL will keep the current pair and deactivate its companion pair,     
 resulting in asymmetric contact.                                        
 Linear contact is defined
 Contact algorithm: Augmented Lagrange method
 Contact detection at: Gauss integration point
 Contact stiffness factor FKN                  10.000    
 The resulting initial contact stiffness      0.12100E+17
 Default penetration tolerance factor FTOLN   0.10000    
 The resulting penetration tolerance          0.20000E-03
 Default opening contact stiffness OPSF will be used.
 Default tangent stiffness factor FKT          1.0000    
 Use constant contact stiffness
 Default Max. friction stress TAUMAX          0.10000E+21
 Average contact surface length               0.32088E-02
 Average contact pair depth                   0.20000E-02
 Average target surface length                0.51316E-02
 Default pinball region factor PINB           0.25000    
 The resulting pinball region                 0.50000E-03
 Initial penetration/gap is excluded.
 Bonded contact (always) is defined.

 *** NOTE ***                            CP =       0.516   TIME= 21:07:14
 Max.  Initial penetration 4.33680869E-19 was detected between contact   
 element 1337 and target element 1515.                                   
 ****************************************
  

 *** NOTE ***                            CP =       0.516   TIME= 21:07:14
 Symmetric Deformable- deformable contact pair identified by real        
 constant set 5 and contact element type 4 has been set up.  The         
 companion pair has real constant set ID 4.  Both pairs should have the  
 same behavior.                                                          
 MAPDL will deactivate the current pair and keep its companion pair,     
 resulting in asymmetric contact.                                        
 Linear contact is defined
 Contact algorithm: Augmented Lagrange method
 Contact detection at: Gauss integration point
 Contact stiffness factor FKN                  10.000    
 The resulting initial contact stiffness      0.12100E+17
 Default penetration tolerance factor FTOLN   0.10000    
 The resulting penetration tolerance          0.15201E-03
 Default opening contact stiffness OPSF will be used.
 Default tangent stiffness factor FKT          1.0000    
 Use constant contact stiffness
 Default Max. friction stress TAUMAX          0.10000E+21
 Average contact surface length               0.50671E-02
 Average contact pair depth                   0.15201E-02
 Average target surface length                0.32984E-02
 Default pinball region factor PINB           0.25000    
 The resulting pinball region                 0.38003E-03
 Initial penetration/gap is excluded.
 Bonded contact (always) is defined.

 *** NOTE ***                            CP =       0.516   TIME= 21:07:14
 Max.  Initial penetration 2.168404345E-19 was detected between contact  
 element 1440 and target element 1246.                                   
 ****************************************
  

 *** NOTE ***                            CP =       0.516   TIME= 21:07:14
 Symmetric Deformable- deformable contact pair identified by real        
 constant set 6 and contact element type 6 has been set up.  The         
 companion pair has real constant set ID 7.  Both pairs should have the  
 same behavior.                                                          
 MAPDL will keep the current pair and deactivate its companion pair,     
 resulting in asymmetric contact.                                        
 Linear contact is defined
 Contact algorithm: Augmented Lagrange method
 Contact detection at: Gauss integration point
 Contact stiffness factor FKN                  10.000    
 The resulting initial contact stiffness      0.24600E+17
 Default penetration tolerance factor FTOLN   0.10000    
 The resulting penetration tolerance          0.15201E-03
 Default opening contact stiffness OPSF will be used.
 Default tangent stiffness factor FKT          1.0000    
 Use constant contact stiffness
 Default Max. friction stress TAUMAX          0.10000E+21
 Average contact surface length               0.50671E-02
 Average contact pair depth                   0.15201E-02
 Average target surface length                0.31667E-02
 Default pinball region factor PINB           0.25000    
 The resulting pinball region                 0.38003E-03
 Initial penetration/gap is excluded.
 Bonded contact (always) is defined.

 *** NOTE ***                            CP =       0.516   TIME= 21:07:14
 Max.  Initial penetration 2.168404345E-19 was detected between contact  
 element 1592 and target element 1734.                                   
 ****************************************
  

 *** NOTE ***                            CP =       0.516   TIME= 21:07:14
 Symmetric Deformable- deformable contact pair identified by real        
 constant set 7 and contact element type 6 has been set up.  The         
 companion pair has real constant set ID 6.  Both pairs should have the  
 same behavior.                                                          
 MAPDL will deactivate the current pair and keep its companion pair,     
 resulting in asymmetric contact.                                        
 Linear contact is defined
 Contact algorithm: Augmented Lagrange method
 Contact detection at: Gauss integration point
 Contact stiffness factor FKN                  10.000    
 The resulting initial contact stiffness      0.24600E+17
 Default penetration tolerance factor FTOLN   0.10000    
 The resulting penetration tolerance          0.33333E-03
 Default opening contact stiffness OPSF will be used.
 Default tangent stiffness factor FKT          1.0000    
 Use constant contact stiffness
 Default Max. friction stress TAUMAX          0.10000E+21
 Average contact surface length               0.30867E-02
 Average contact pair depth                   0.33333E-02
 Average target surface length                0.51316E-02
 Default pinball region factor PINB           0.25000    
 The resulting pinball region                 0.83333E-03
 Initial penetration/gap is excluded.
 Bonded contact (always) is defined.

 *** NOTE ***                            CP =       0.516   TIME= 21:07:14
 Max.  Initial penetration 4.33680869E-19 was detected between contact   
 element 1621 and target element 1588.                                   
 ****************************************
  

 *** WARNING ***                         CP =       0.516   TIME= 21:07:14
 Maximum contact stiffness 2.46E+16 is too big which can cause an        
 accuracy problem, you may scale the force units in the model.           
  
  

  
  
     D I S T R I B U T E D   D O M A I N   D E C O M P O S E R
  
  ...Number of elements: 979
  ...Number of nodes:    3070
  ...Decompose to 4 CPU domains
  ...Element load balance ratio =     1.317


                      L O A D   S T E P   O P T I O N S

   LOAD STEP NUMBER. . . . . . . . . . . . . . . .     1
   THERMAL STRAINS INCLUDED IN THE LOAD VECTOR . .    NO
   PRINT OUTPUT CONTROLS . . . . . . . . . . . . .NO PRINTOUT
   DATABASE OUTPUT CONTROLS
      ITEM     FREQUENCY   COMPONENT
       ALL       NONE               
      NSOL        ALL               
      EANG        ALL               
      VENG        ALL               
      STRS        ALL               
      EPEL        ALL               
      RSOL        ALL               
      CONT        ALL               



                         ***********  PRECISE MASS SUMMARY  ***********

   TOTAL RIGID BODY MASS MATRIX ABOUT ORIGIN
               Translational mass               |   Coupled translational/rotational mass
        0.16249        0.0000        0.0000     |     0.0000       0.13010E-01  -0.73988E-03
         0.0000       0.16249        0.0000     |   -0.13010E-01    0.0000       0.32500E-02
         0.0000        0.0000       0.16249     |    0.73988E-03  -0.32500E-02    0.0000    
     ------------------------------------------ | ------------------------------------------
                                                |         Rotational mass (inertia)
                                                |    0.11428E-02  -0.14798E-04  -0.26021E-03
                                                |   -0.14798E-04   0.12227E-02  -0.66400E-04
                                                |   -0.26021E-03  -0.66400E-04   0.90384E-04

   TOTAL MASS = 0.16249    
     The mass principal axes coincide with the global Cartesian axes

   CENTER OF MASS (X,Y,Z)=   0.20001E-01   0.45534E-02   0.80066E-01

   TOTAL INERTIA ABOUT CENTER OF MASS
        0.97744E-04   0.48728E-09   0.45721E-08
        0.48728E-09   0.11610E-03  -0.71608E-05
        0.45721E-08  -0.71608E-05   0.22011E-04

   PRINCIPAL INERTIAS =   0.97744E-04   0.11664E-03   0.21469E-04
   ORIENTATION VECTORS OF THE INERTIA PRINCIPAL AXES IN GLOBAL CARTESIAN
     ( 1.000,-0.000, 0.000) ( 0.000, 0.997,-0.075) (-0.000, 0.075, 0.997) 


  *** MASS SUMMARY BY ELEMENT TYPE ***

  TYPE      MASS
     1  0.155909E-01
     2  0.314000E-01
     3  0.115500    

 Range of element maximum matrix coefficients in global coordinates
 Maximum = 1.111888268E+11 at element 1593.                              
 Minimum = 158698463 at element 91.                                      

   *** ELEMENT MATRIX FORMULATION TIMES
     TYPE    NUMBER   ENAME      TOTAL CP  AVE CP

        1        93  SOLID186      0.016   0.000168
        2       152  SOLID186      0.062   0.000411
        3       180  SOLID186      0.016   0.000087
        4       163  CONTA174      0.016   0.000096
        5       163  TARGE170      0.000   0.000000
        6        84  CONTA174      0.000   0.000000
        7        84  TARGE170      0.000   0.000000
        8        60  SURF154       0.000   0.000000
 Time at end of element matrix formulation CP = 0.875.                   

  BLOCK LANCZOS CALCULATION OF UP TO   200 EIGENVECTORS.
  NUMBER OF EQUATIONS              =         9081
  MAXIMUM WAVEFRONT                =          162
  MAXIMUM MODES STORED             =          200
  MINIMUM EIGENVALUE               =  0.00000E+00
  MAXIMUM EIGENVALUE               =  0.50000E+02



  Memory allocated on only this MPI rank (rank     0)
  -------------------------------------------------------------------
  Equation solver memory allocated                     =    13.324 MB
  Equation solver memory required for in-core mode     =    12.701 MB
  Equation solver memory required for out-of-core mode =     5.845 MB
  Total (solver and non-solver) memory allocated       =   443.769 MB


  Total memory summed across all MPI ranks on this machines
  -------------------------------------------------------------------
  Equation solver memory allocated                     =    46.453 MB
  Equation solver memory required for in-core mode     =    44.286 MB
  Equation solver memory required for out-of-core mode =    20.345 MB
  Total (solver and non-solver) memory allocated       =   895.188 MB

 *** NOTE ***                            CP =       1.406   TIME= 21:07:15
 The Distributed Sparse Matrix Solver used by the Block Lanczos          
 eigensolver is currently running in the in-core memory mode.  This      
 memory mode uses the most amount of memory in order to avoid using the  
 hard drive as much as possible, which most often results in the         
 fastest solution time.  This mode is recommended if enough physical     
 memory is present to accommodate all of the solver data.                

  Process memory required for in-core LANCZOS Workspace             =     26.211929 MB
  Process memory required for out-of-core LANCZOS Workspace         =     2.140335 MB

  Total   memory required for in-core LANCZOS Workspace             =     75.546616 MB
  Total   memory required for out-of-core LANCZOS Workspace         =     8.203995 MB

  Lanczos Memory Mode : INCORE


  >> Shift # 1 :                                     : 1 Eigenvalues Converged


 *** WARNING ***                         CP =       1.469   TIME= 21:07:15
 Fewer modes than the requested number of modes ( 200 ) were computed.   
 The range specified (FREQB= 0, FREQE= 50) contains only 1 modes.        

 *** MAPDL - ENGINEERING ANALYSIS SYSTEM  RELEASE 2025 R2          25.2     ***
 Ansys Mechanical Enterprise Academic Student      
 01055371  VERSION=WINDOWS x64   21:07:15  DEC 18, 2025 CP=      1.469

 uk_ad_pojedynczy_ceramika--Harmonic Response (C5)                             



 *** FREQUENCIES FROM BLOCK LANCZOS ITERATION ***

  MODE    FREQUENCY (HERTZ)      



   FREQUENCY RANGE REQUESTED=   0.00000       50.0000    
    1     28.59665039145    


 *** MAPDL BINARY FILE STATISTICS
  BUFFER SIZE USED= 16384
        0.188 MB WRITTEN ON ELEMENT SAVED DATA FILE: file0.esav
        3.188 MB WRITTEN ON ASSEMBLED MATRIX FILE: file0.full
        0.062 MB WRITTEN ON MODAL MATRIX FILE: file0.mode
        0.438 MB WRITTEN ON RESULTS FILE: file0.rst
 **********************
 *************** Write FE CONNECTORS *********

 WRITE OUT CONSTRAINT EQUATIONS TO FILE= file.ce                                                                                                                                                                                                                                                             

 *****  MAPDL FINI     COMMAND  *****

 *** WARNING ***                         CP =       1.516   TIME= 21:07:15
 Material number 8 (used by element 1736) should normally have at least  
 one MP or one TB type command associated with it.  Output of energy by  
 material may not be available.                                          

 *** NOTE ***                            CP =       1.516   TIME= 21:07:15
 The step data was checked and warning messages were found.              
  Please review output or errors file (                                  
 C:\Users\admin\Desktop\LIDIX\ansys\_ProjectScratch\Scr3102\file0.err )  
 for these warning messages.                                             

 *** MAPDL - ENGINEERING ANALYSIS SYSTEM  RELEASE 2025 R2          25.2     ***
 Ansys Mechanical Enterprise Academic Student      
 01055371  VERSION=WINDOWS x64   21:07:15  DEC 18, 2025 CP=      1.703

 uk_ad_pojedynczy_ceramika--Harmonic Response (C5)                             




   *** ELEMENT RESULT CALCULATION TIMES
     TYPE    NUMBER   ENAME      TOTAL CP  AVE CP

        1        93  SOLID186      0.000   0.000000
        2       152  SOLID186      0.031   0.000206
        3       180  SOLID186      0.016   0.000087
        4       163  CONTA174      0.000   0.000000
        6        84  CONTA174      0.000   0.000000
        8        60  SURF154       0.000   0.000000

   *** NODAL LOAD CALCULATION TIMES
     TYPE    NUMBER   ENAME      TOTAL CP  AVE CP

        1        93  SOLID186      0.000   0.000000
        2       152  SOLID186      0.016   0.000103
        3       180  SOLID186      0.000   0.000000
        4       163  CONTA174      0.000   0.000000
        6        84  CONTA174      0.000   0.000000
        8        60  SURF154       0.000   0.000000

 *** MAPDL - ENGINEERING ANALYSIS SYSTEM  RELEASE 2025 R2          25.2     ***
 Ansys Mechanical Enterprise Academic Student      
 01055371  VERSION=WINDOWS x64   21:07:15  DEC 18, 2025 CP=      1.766

 uk_ad_pojedynczy_ceramika--Harmonic Response (C5)                             





          ***** PARTICIPATION FACTOR CALCULATION *****  X  DIRECTION
                                                                                  CUMULATIVE     RATIO EFF.MASS
  MODE   FREQUENCY       PERIOD      PARTIC.FACTOR     RATIO    EFFECTIVE MASS   MASS FRACTION   TO TOTAL MASS
     1     28.5967       0.34969E-01  -0.78842E-04    1.000000    0.621611E-08     1.00000        0.382551E-07
 -----------------------------------------------------------------------------------------------------------------
   sum                                                            0.621611E-08                    0.382551E-07
 -----------------------------------------------------------------------------------------------------------------



          ***** PARTICIPATION FACTOR CALCULATION *****  Y  DIRECTION
                                                                                  CUMULATIVE     RATIO EFF.MASS
  MODE   FREQUENCY       PERIOD      PARTIC.FACTOR     RATIO    EFFECTIVE MASS   MASS FRACTION   TO TOTAL MASS
     1     28.5967       0.34969E-01   0.37767        1.000000    0.142636         1.00000        0.877812    
 -----------------------------------------------------------------------------------------------------------------
   sum                                                            0.142636                        0.877812    
 -----------------------------------------------------------------------------------------------------------------



          ***** PARTICIPATION FACTOR CALCULATION *****  Z  DIRECTION
                                                                                  CUMULATIVE     RATIO EFF.MASS
  MODE   FREQUENCY       PERIOD      PARTIC.FACTOR     RATIO    EFFECTIVE MASS   MASS FRACTION   TO TOTAL MASS
     1     28.5967       0.34969E-01  -0.25491E-01    1.000000    0.649775E-03     1.00000        0.399884E-02
 -----------------------------------------------------------------------------------------------------------------
   sum                                                            0.649775E-03                    0.399884E-02
 -----------------------------------------------------------------------------------------------------------------



          ***** PARTICIPATION FACTOR CALCULATION *****ROTX DIRECTION
                                                                                  CUMULATIVE     RATIO EFF.MASS
  MODE   FREQUENCY       PERIOD      PARTIC.FACTOR     RATIO    EFFECTIVE MASS   MASS FRACTION   TO TOTAL MASS
     1     28.5967       0.34969E-01  -0.33744E-01    1.000000    0.113866E-02     1.00000        0.996416    
 -----------------------------------------------------------------------------------------------------------------
   sum                                                            0.113866E-02                    0.996416    
 -----------------------------------------------------------------------------------------------------------------



          ***** PARTICIPATION FACTOR CALCULATION *****ROTY DIRECTION
                                                                                  CUMULATIVE     RATIO EFF.MASS
  MODE   FREQUENCY       PERIOD      PARTIC.FACTOR     RATIO    EFFECTIVE MASS   MASS FRACTION   TO TOTAL MASS
     1     28.5967       0.34969E-01   0.50257E-03    1.000000    0.252580E-06     1.00000        0.206568E-03
 -----------------------------------------------------------------------------------------------------------------
   sum                                                            0.252580E-06                    0.206568E-03
 -----------------------------------------------------------------------------------------------------------------



          ***** PARTICIPATION FACTOR CALCULATION *****ROTZ DIRECTION
                                                                                  CUMULATIVE     RATIO EFF.MASS
  MODE   FREQUENCY       PERIOD      PARTIC.FACTOR     RATIO    EFFECTIVE MASS   MASS FRACTION   TO TOTAL MASS
     1     28.5967       0.34969E-01   0.75560E-02    1.000000    0.570937E-04     1.00000        0.631680    
 -----------------------------------------------------------------------------------------------------------------
   sum                                                            0.570937E-04                    0.631680    
 -----------------------------------------------------------------------------------------------------------------





 *** NOTE ***                            CP =       1.766   TIME= 21:07:15
 The modes requested are mass normalized (Nrmkey on MODOPT).  However,   
 the modal masses and kinetic energies below are calculated with unit    
 normalized modes.                                                       

        ***** MODAL MASSES, KINETIC ENERGIES, AND TRANSLATIONAL EFFECTIVE MASSES SUMMARY *****

                                                                         EFFECTIVE MASS
  MODE  FREQUENCY   MODAL MASS     KENE      |      X-DIR      RATIO%   Y-DIR      RATIO%   Z-DIR      RATIO% 
     1   28.60      0.1067       1722.       |    0.6216E-08    0.00  0.1426       87.78  0.6498E-03    0.40
 --------------------------------------------------------------------------------------------------------------
   sum                                       |    0.6216E-08    0.00  0.1426       87.78  0.6498E-03    0.40
 --------------------------------------------------------------------------------------------------------------


 *** MAPDL BINARY FILE STATISTICS
  BUFFER SIZE USED= 16384
        0.188 MB WRITTEN ON ELEMENT SAVED DATA FILE: file0.esav
        3.188 MB WRITTEN ON ASSEMBLED MATRIX FILE: file0.full
        0.062 MB WRITTEN ON MODAL MATRIX FILE: file0.mode
        0.562 MB WRITTEN ON RESULTS FILE: file0.rst

 FINISH SOLUTION PROCESSING

 RESULTS WRITTEN TO FILE: file.mode
    TOTAL SIZE =        0.125 MB

 RESULTS WRITTEN TO FILE: file0.mode
    TOTAL SIZE =        0.125 MB


 ***** ROUTINE COMPLETED *****  CP =         1.922



 *GET  _WALLASOL  FROM  ACTI  ITEM=TIME WALL  VALUE=  21.1208333    
 *********** Performing MSUP Harmonic Solve ***********

 *****  MAPDL SOLUTION ROUTINE  *****


 PERFORM A HARMONIC ANALYSIS
  THIS WILL BE A NEW ANALYSIS

 *** NOTE ***                            CP =       1.953   TIME= 21:07:15
 Some analysis options have been reset to their defaults.  Please verify 
 current settings or respecify as required.                              


 PERFORM A MODE SUPERPOSITION HARMONIC RESPONSE ANALYSIS
  USE ALL MODES FROM THE MODAL ANALYSIS TO CALCULATE THE RESPONSE
  WRITE MODAL COORDINATES TO THE FILE JOBNAME.MCF

 THERMAL STRAINS ARE NOT INCLUDED IN THE LOAD VECTOR.

 PRINT COMPLEX DISPLACEMENTS AS AMPLITUDE AND PHASE ANGLE (IN DEGREES)
  USE UNIFORM SPACING OF FREQUENCY SOLUTIONS
  DO NOT PRINT MODE CONTRIBUTIONS AT EACH FREQUENCY

 STEP BOUNDARY CONDITION KEY= 1

 HARMONIC FREQUENCY RANGE - END=  25.000      BEGIN=  0.0000    

 USE   100 SUBSTEP(S) THIS LOAD STEP FOR ALL  DEGREES OF FREEDOM

 DELETE ALL SPECIFIED NODAL LOADS FROM NODE         1 TO      3070 BY       1

 NUMBER OF NODAL LOADS DELETED=       0

 DELETE SURFACE LOAD PRES ON SURFACE DEFINED BY ALL SELECTED NODES

 NUMBER OF PRES SURFACE LOADS DELETED=       0

 DELETE SPECIFIED SURFACE LOAD PRES FOR ALL SELECTED ELEMENTS- ALL LKEY

 NUMBER OF PRES SURFACE LOADS DELETED=      60

 ACEL=    0.0000      0.0000      0.0000    

 THE SCALE FACTOR OF THE .MODE FILE LOAD VECTOR IN THE POSITION OF      1 IS   0.0000    
 *********** Scaling Each Load Step for MSUP Solve ***********

 THE SCALE FACTOR OF THE .MODE FILE LOAD VECTOR IN THE POSITION OF      1 IS SET ACCORDING TO TABLE PARAMETER _LOADVARI104Y                                                                                                                                                                                                                                                   

 *** WARNING ***                         CP =       1.953   TIME= 21:07:15
 To avoid duplication when using the LVSCALE command, delete all loads   
 unless already deleted.                                                 

 *GET  ANSINTER_  FROM  ACTI  ITEM=INT        VALUE=  0.00000000    

 *IF  ANSINTER_  ( =   0.00000     )  NE  
      0  ( =   0.00000     )  THEN    

 *ENDIF

 *****  MAPDL SOLVE    COMMAND  *****

 *** WARNING ***                         CP =       2.078   TIME= 21:07:15
 Element shape checking is currently inactive.  Issue SHPP,ON or         
 SHPP,WARN to reactivate, if desired.                                    

 *** NOTE ***                            CP =       2.078   TIME= 21:07:15
 The model data was checked and warning messages were found.             
  Please review output or errors file (                                  
 C:\Users\admin\Desktop\LIDIX\ansys\_ProjectScratch\Scr3102\file0.err )  
 for these warning messages.                                             

 *** SELECTION OF ELEMENT TECHNOLOGIES FOR APPLICABLE ELEMENTS ***
      --- GIVE SUGGESTIONS AND RESET THE KEY OPTIONS ---

 ELEMENT TYPE         1 IS SOLID186. KEYOPT(2) IS ALREADY SET AS SUGGESTED AND NO
 RESETTING IS NEEDED.

 ELEMENT TYPE         2 IS SOLID186. KEYOPT(2) IS ALREADY SET AS SUGGESTED AND NO
 RESETTING IS NEEDED.

 ELEMENT TYPE         3 IS SOLID186. KEYOPT(2) IS ALREADY SET AS SUGGESTED AND NO
 RESETTING IS NEEDED.



 *** MAPDL - ENGINEERING ANALYSIS SYSTEM  RELEASE 2025 R2          25.2     ***
 Ansys Mechanical Enterprise Academic Student      
 01055371  VERSION=WINDOWS x64   21:07:15  DEC 18, 2025 CP=      2.078

 uk_ad_pojedynczy_ceramika--Harmonic Response (C5)                             



                       S O L U T I O N   O P T I O N S

   PROBLEM DIMENSIONALITY. . . . . . . . . . . . .3-D                  
   DEGREES OF FREEDOM. . . . . . UX   UY   UZ  
   ANALYSIS TYPE . . . . . . . . . . . . . . . . .HARMONIC             
      SOLUTION METHOD. . . . . . . . . . . . . . .MODE SUPERPOSITION
   OFFSET TEMPERATURE FROM ABSOLUTE ZERO . . . . .  273.15    
   THERMAL EXPANSION . . . . . . . . . . . . . . .OFF
   NUMBER OF MODES USED FOR MODE SUPERPOSITION . .ALL
   WRITE MODAL COORDINATES TO JOBNAME.MCF. . . . .YES
   COMPLEX DISPLACEMENT PRINT OPTION . . . . . . .AMPLITUDE AND PHASE ANGLE
   GLOBALLY ASSEMBLED MATRIX . . . . . . . . . . .SYMMETRIC  

 *** WARNING ***                         CP =       2.078   TIME= 21:07:15
 Material number 8 (used by element 1736) should normally have at least  
 one MP or one TB type command associated with it.  Output of energy by  
 material may not be available.                                          

 *** NOTE ***                            CP =       2.078   TIME= 21:07:15
 The step data was checked and warning messages were found.              
  Please review output or errors file (                                  
 C:\Users\admin\Desktop\LIDIX\ansys\_ProjectScratch\Scr3102\file0.err )  
 for these warning messages.                                             

 *** NOTE ***                            CP =       2.078   TIME= 21:07:15
 The conditions for direct assembly have been met.  No .emat or .erot    
 files will be produced.                                                 

 *** NOTE ***                            CP =       2.141   TIME= 21:07:15
 Symmetric Deformable- deformable contact pair identified by real        
 constant set 4 and contact element type 4 has been set up.  The         
 companion pair has real constant set ID 5.  Both pairs should have the  
 same behavior.                                                          
 MAPDL will keep the current pair and deactivate its companion pair,     
 resulting in asymmetric contact.                                        
 Linear contact is defined
 Contact algorithm: Augmented Lagrange method
 Contact detection at: Gauss integration point
 Contact stiffness factor FKN                  10.000    
 The resulting initial contact stiffness      0.12100E+17
 Default penetration tolerance factor FTOLN   0.10000    
 The resulting penetration tolerance          0.20000E-03
 Default opening contact stiffness OPSF will be used.
 Default tangent stiffness factor FKT          1.0000    
 Use constant contact stiffness
 Default Max. friction stress TAUMAX          0.10000E+21
 Average contact surface length               0.32088E-02
 Average contact pair depth                   0.20000E-02
 Average target surface length                0.51316E-02
 Default pinball region factor PINB           0.25000    
 The resulting pinball region                 0.50000E-03
 Initial penetration/gap is excluded.
 Bonded contact (always) is defined.

 *** NOTE ***                            CP =       2.141   TIME= 21:07:15
 Max.  Initial penetration 4.33680869E-19 was detected between contact   
 element 1337 and target element 1515.                                   
 ****************************************
  

 *** NOTE ***                            CP =       2.141   TIME= 21:07:15
 Symmetric Deformable- deformable contact pair identified by real        
 constant set 5 and contact element type 4 has been set up.  The         
 companion pair has real constant set ID 4.  Both pairs should have the  
 same behavior.                                                          
 MAPDL will deactivate the current pair and keep its companion pair,     
 resulting in asymmetric contact.                                        
 Linear contact is defined
 Contact algorithm: Augmented Lagrange method
 Contact detection at: Gauss integration point
 Contact stiffness factor FKN                  10.000    
 The resulting initial contact stiffness      0.12100E+17
 Default penetration tolerance factor FTOLN   0.10000    
 The resulting penetration tolerance          0.15201E-03
 Default opening contact stiffness OPSF will be used.
 Default tangent stiffness factor FKT          1.0000    
 Use constant contact stiffness
 Default Max. friction stress TAUMAX          0.10000E+21
 Average contact surface length               0.50671E-02
 Average contact pair depth                   0.15201E-02
 Average target surface length                0.32984E-02
 Default pinball region factor PINB           0.25000    
 The resulting pinball region                 0.38003E-03
 Initial penetration/gap is excluded.
 Bonded contact (always) is defined.

 *** NOTE ***                            CP =       2.141   TIME= 21:07:15
 Max.  Initial penetration 2.168404345E-19 was detected between contact  
 element 1440 and target element 1246.                                   
 ****************************************
  

 *** NOTE ***                            CP =       2.141   TIME= 21:07:15
 Symmetric Deformable- deformable contact pair identified by real        
 constant set 6 and contact element type 6 has been set up.  The         
 companion pair has real constant set ID 7.  Both pairs should have the  
 same behavior.                                                          
 MAPDL will keep the current pair and deactivate its companion pair,     
 resulting in asymmetric contact.                                        
 Linear contact is defined
 Contact algorithm: Augmented Lagrange method
 Contact detection at: Gauss integration point
 Contact stiffness factor FKN                  10.000    
 The resulting initial contact stiffness      0.24600E+17
 Default penetration tolerance factor FTOLN   0.10000    
 The resulting penetration tolerance          0.15201E-03
 Default opening contact stiffness OPSF will be used.
 Default tangent stiffness factor FKT          1.0000    
 Use constant contact stiffness
 Default Max. friction stress TAUMAX          0.10000E+21
 Average contact surface length               0.50671E-02
 Average contact pair depth                   0.15201E-02
 Average target surface length                0.31667E-02
 Default pinball region factor PINB           0.25000    
 The resulting pinball region                 0.38003E-03
 Initial penetration/gap is excluded.
 Bonded contact (always) is defined.

 *** NOTE ***                            CP =       2.141   TIME= 21:07:15
 Max.  Initial penetration 2.168404345E-19 was detected between contact  
 element 1592 and target element 1734.                                   
 ****************************************
  

 *** NOTE ***                            CP =       2.141   TIME= 21:07:15
 Symmetric Deformable- deformable contact pair identified by real        
 constant set 7 and contact element type 6 has been set up.  The         
 companion pair has real constant set ID 6.  Both pairs should have the  
 same behavior.                                                          
 MAPDL will deactivate the current pair and keep its companion pair,     
 resulting in asymmetric contact.                                        
 Linear contact is defined
 Contact algorithm: Augmented Lagrange method
 Contact detection at: Gauss integration point
 Contact stiffness factor FKN                  10.000    
 The resulting initial contact stiffness      0.24600E+17
 Default penetration tolerance factor FTOLN   0.10000    
 The resulting penetration tolerance          0.33333E-03
 Default opening contact stiffness OPSF will be used.
 Default tangent stiffness factor FKT          1.0000    
 Use constant contact stiffness
 Default Max. friction stress TAUMAX          0.10000E+21
 Average contact surface length               0.30867E-02
 Average contact pair depth                   0.33333E-02
 Average target surface length                0.51316E-02
 Default pinball region factor PINB           0.25000    
 The resulting pinball region                 0.83333E-03
 Initial penetration/gap is excluded.
 Bonded contact (always) is defined.

 *** NOTE ***                            CP =       2.141   TIME= 21:07:15
 Max.  Initial penetration 4.33680869E-19 was detected between contact   
 element 1621 and target element 1588.                                   
 ****************************************
  

 *** WARNING ***                         CP =       2.141   TIME= 21:07:15
 Maximum contact stiffness 2.46E+16 is too big which can cause an        
 accuracy problem, you may scale the force units in the model.           
  
  

                      L O A D   S T E P   O P T I O N S

   LOAD STEP NUMBER. . . . . . . . . . . . . . . .     1
   FREQUENCY RANGE . . . . . . . . . . . . . . . .  0.0000     TO   25.000    
   NUMBER OF SUBSTEPS. . . . . . . . . . . . . . .   100
   STEP CHANGE BOUNDARY CONDITIONS . . . . . . . .   YES
   SCALE FACTOR OF LOAD VECTOR      1 . . . . . . . ._LOADVARI104Y                                                                                                                                                                                                                                                   
   REDUCED DISPLACEMENT PRINTOUT FREQUENCY . . . .     0
   REDUCED DISPLACEMENT FILE WRITE FREQUENCY . . .     1


 *** NOTE ***                            CP =       2.328   TIME= 21:07:15
 The calculation of element results was not performed during the         
 preceding modal analysis.  For more efficient calculation of element    
 results in the expansion pass of this harmonic solution, it is          
 recommended to first expand the modal solution (MXPAND,,,,YES) and      
 then rerun this harmonic solution.                                      
 Time at start of mode superposition harmonic analysis CP= 2.328125.     


 FREQUENCIES USED FOR HARMONIC RESPONSE

     1   28.5967    
 Time at start of frequencies CP= 2.328125.                              


 *** MAPDL BINARY FILE STATISTICS
  BUFFER SIZE USED= 16384
        0.062 MB WRITTEN ON REDUCED COMPLEX DISPLACEMENT FILE: file0.rfrq

 FINISH SOLUTION PROCESSING


 ***** ROUTINE COMPLETED *****  CP =         2.578



 *GET  _WALLASOL  FROM  ACTI  ITEM=TIME WALL  VALUE=  21.1208333    

 *****  MAPDL SOLUTION ROUTINE  *****


 PERFORM AN EXPANSION PASS


 USE 0 (REAL) AND 90 (IMAGINARY) DEGREES FOR PHASE ANGLES FOR EXPANSION PASS

 ERASE THE CURRENT DATABASE OUTPUT CONTROL TABLE.


 WRITE ALL  ITEMS TO THE DATABASE WITH A FREQUENCY OF NONE
   FOR ALL APPLICABLE ENTITIES

 WRITE NSOL ITEMS TO THE DATABASE WITH A FREQUENCY OF ALL 
   FOR ALL APPLICABLE ENTITIES

 WRITE EANG ITEMS TO THE DATABASE WITH A FREQUENCY OF ALL 
   FOR ALL APPLICABLE ENTITIES

 WRITE VENG ITEMS TO THE DATABASE WITH A FREQUENCY OF ALL 
   FOR ALL APPLICABLE ENTITIES

 WRITE STRS ITEMS TO THE DATABASE WITH A FREQUENCY OF ALL 
   FOR ALL APPLICABLE ENTITIES

 WRITE EPEL ITEMS TO THE DATABASE WITH A FREQUENCY OF ALL 
   FOR ALL APPLICABLE ENTITIES

 WRITE RSOL ITEMS TO THE DATABASE WITH A FREQUENCY OF ALL 
   FOR ALL APPLICABLE ENTITIES

 WRITE CONT ITEMS TO THE DATABASE WITH A FREQUENCY OF ALL 
   FOR ALL APPLICABLE ENTITIES


 EXPAND ALL SOLUTIONS
  CALCULATE ELEMENT RESULTS AS WELL AS THE NODAL DOF SOLUTION

 *GET  ANSINTER_  FROM  ACTI  ITEM=INT        VALUE=  0.00000000    

 *IF  ANSINTER_  ( =   0.00000     )  NE  
      0  ( =   0.00000     )  THEN    

 *ENDIF

 *****  MAPDL SOLVE    COMMAND  *****

 *** SELECTION OF ELEMENT TECHNOLOGIES FOR APPLICABLE ELEMENTS ***
      --- GIVE SUGGESTIONS AND RESET THE KEY OPTIONS ---

 ELEMENT TYPE         1 IS SOLID186. KEYOPT(2) IS ALREADY SET AS SUGGESTED AND NO
 RESETTING IS NEEDED.

 ELEMENT TYPE         2 IS SOLID186. KEYOPT(2) IS ALREADY SET AS SUGGESTED AND NO
 RESETTING IS NEEDED.

 ELEMENT TYPE         3 IS SOLID186. KEYOPT(2) IS ALREADY SET AS SUGGESTED AND NO
 RESETTING IS NEEDED.



 *** MAPDL - ENGINEERING ANALYSIS SYSTEM  RELEASE 2025 R2          25.2     ***
 Ansys Mechanical Enterprise Academic Student      
 01055371  VERSION=WINDOWS x64   21:07:15  DEC 18, 2025 CP=      2.703

 uk_ad_pojedynczy_ceramika--Harmonic Response (C5)                             



                       S O L U T I O N   O P T I O N S

   PROBLEM DIMENSIONALITY. . . . . . . . . . . . .3-D                  
   DEGREES OF FREEDOM. . . . . . UX   UY   UZ  
   ANALYSIS TYPE . . . . . . . . . . . . . . . . .HARMONIC             
      SOLUTION METHOD. . . . . . . . . . . . . . .MODE SUPERPOSITION
      EXPANSION PASS . . . . . . . . . . . . . . .ON
   OFFSET TEMPERATURE FROM ABSOLUTE ZERO . . . . .  273.15    
   THERMAL EXPANSION . . . . . . . . . . . . . . .OFF

 *** NOTE ***                            CP =       2.703   TIME= 21:07:15
 The conditions for direct assembly have been met.  No .emat or .erot    
 files will be produced.                                                 

 *** NOTE ***                            CP =       2.797   TIME= 21:07:15
 Symmetric Deformable- deformable contact pair identified by real        
 constant set 4 and contact element type 4 has been set up.  The         
 companion pair has real constant set ID 5.  Both pairs should have the  
 same behavior.                                                          
 MAPDL will keep the current pair and deactivate its companion pair,     
 resulting in asymmetric contact.                                        
 Linear contact is defined
 Contact algorithm: Augmented Lagrange method
 Contact detection at: Gauss integration point
 Contact stiffness factor FKN                  10.000    
 The resulting initial contact stiffness      0.12100E+17
 Default penetration tolerance factor FTOLN   0.10000    
 The resulting penetration tolerance          0.20000E-03
 Default opening contact stiffness OPSF will be used.
 Default tangent stiffness factor FKT          1.0000    
 Use constant contact stiffness
 Default Max. friction stress TAUMAX          0.10000E+21
 Average contact surface length               0.32088E-02
 Average contact pair depth                   0.20000E-02
 Average target surface length                0.51316E-02
 Default pinball region factor PINB           0.25000    
 The resulting pinball region                 0.50000E-03
 Initial penetration/gap is excluded.
 Bonded contact (always) is defined.

 *** NOTE ***                            CP =       2.797   TIME= 21:07:15
 Max.  Initial penetration 4.33680869E-19 was detected between contact   
 element 1337 and target element 1515.                                   
 ****************************************
  

 *** NOTE ***                            CP =       2.797   TIME= 21:07:15
 Symmetric Deformable- deformable contact pair identified by real        
 constant set 5 and contact element type 4 has been set up.  The         
 companion pair has real constant set ID 4.  Both pairs should have the  
 same behavior.                                                          
 MAPDL will deactivate the current pair and keep its companion pair,     
 resulting in asymmetric contact.                                        
 Linear contact is defined
 Contact algorithm: Augmented Lagrange method
 Contact detection at: Gauss integration point
 Contact stiffness factor FKN                  10.000    
 The resulting initial contact stiffness      0.12100E+17
 Default penetration tolerance factor FTOLN   0.10000    
 The resulting penetration tolerance          0.15201E-03
 Default opening contact stiffness OPSF will be used.
 Default tangent stiffness factor FKT          1.0000    
 Use constant contact stiffness
 Default Max. friction stress TAUMAX          0.10000E+21
 Average contact surface length               0.50671E-02
 Average contact pair depth                   0.15201E-02
 Average target surface length                0.32984E-02
 Default pinball region factor PINB           0.25000    
 The resulting pinball region                 0.38003E-03
 Initial penetration/gap is excluded.
 Bonded contact (always) is defined.

 *** NOTE ***                            CP =       2.812   TIME= 21:07:15
 Max.  Initial penetration 2.168404345E-19 was detected between contact  
 element 1440 and target element 1246.                                   
 ****************************************
  

 *** NOTE ***                            CP =       2.812   TIME= 21:07:15
 Symmetric Deformable- deformable contact pair identified by real        
 constant set 6 and contact element type 6 has been set up.  The         
 companion pair has real constant set ID 7.  Both pairs should have the  
 same behavior.                                                          
 MAPDL will keep the current pair and deactivate its companion pair,     
 resulting in asymmetric contact.                                        
 Linear contact is defined
 Contact algorithm: Augmented Lagrange method
 Contact detection at: Gauss integration point
 Contact stiffness factor FKN                  10.000    
 The resulting initial contact stiffness      0.24600E+17
 Default penetration tolerance factor FTOLN   0.10000    
 The resulting penetration tolerance          0.15201E-03
 Default opening contact stiffness OPSF will be used.
 Default tangent stiffness factor FKT          1.0000    
 Use constant contact stiffness
 Default Max. friction stress TAUMAX          0.10000E+21
 Average contact surface length               0.50671E-02
 Average contact pair depth                   0.15201E-02
 Average target surface length                0.31667E-02
 Default pinball region factor PINB           0.25000    
 The resulting pinball region                 0.38003E-03
 Initial penetration/gap is excluded.
 Bonded contact (always) is defined.

 *** NOTE ***                            CP =       2.812   TIME= 21:07:15
 Max.  Initial penetration 2.168404345E-19 was detected between contact  
 element 1592 and target element 1734.                                   
 ****************************************
  

 *** NOTE ***                            CP =       2.828   TIME= 21:07:15
 Symmetric Deformable- deformable contact pair identified by real        
 constant set 7 and contact element type 6 has been set up.  The         
 companion pair has real constant set ID 6.  Both pairs should have the  
 same behavior.                                                          
 MAPDL will deactivate the current pair and keep its companion pair,     
 resulting in asymmetric contact.                                        
 Linear contact is defined
 Contact algorithm: Augmented Lagrange method
 Contact detection at: Gauss integration point
 Contact stiffness factor FKN                  10.000    
 The resulting initial contact stiffness      0.24600E+17
 Default penetration tolerance factor FTOLN   0.10000    
 The resulting penetration tolerance          0.33333E-03
 Default opening contact stiffness OPSF will be used.
 Default tangent stiffness factor FKT          1.0000    
 Use constant contact stiffness
 Default Max. friction stress TAUMAX          0.10000E+21
 Average contact surface length               0.30867E-02
 Average contact pair depth                   0.33333E-02
 Average target surface length                0.51316E-02
 Default pinball region factor PINB           0.25000    
 The resulting pinball region                 0.83333E-03
 Initial penetration/gap is excluded.
 Bonded contact (always) is defined.

 *** NOTE ***                            CP =       2.828   TIME= 21:07:15
 Max.  Initial penetration 4.33680869E-19 was detected between contact   
 element 1621 and target element 1588.                                   
 ****************************************
  

 *** WARNING ***                         CP =       2.828   TIME= 21:07:15
 Maximum contact stiffness 2.46E+16 is too big which can cause an        
 accuracy problem, you may scale the force units in the model.           
  
  

                      L O A D   S T E P   O P T I O N S

   LOAD STEP NUMBER. . . . . . . . . . . . . . . .     1
   NUMBER OF SOLUTIONS TO BE EXPANDED. . . . . . .   ALL
   ELEMENT RESULTS CALCULATION . . . . . . . . . .    ON
   EXPAND BOTH REAL AND IMAGINARY SOLUTIONS. . . .   YES
   PRINT OUTPUT CONTROLS . . . . . . . . . . . . .NO PRINTOUT
   DATABASE OUTPUT CONTROLS
      ITEM     FREQUENCY   COMPONENT
       ALL       NONE               
      NSOL        ALL               
      EANG        ALL               
      VENG        ALL               
      STRS        ALL               
      EPEL        ALL               
      RSOL        ALL               
      CONT        ALL               


   *** ELEMENT RESULT CALCULATION TIMES
     TYPE    NUMBER   ENAME      TOTAL CP  AVE CP

        1        93  SOLID186      0.000   0.000000
        2       152  SOLID186      0.062   0.000411
        3       180  SOLID186      0.000   0.000000
        4       163  CONTA174      0.000   0.000000
        6        84  CONTA174      0.000   0.000000
        8        60  SURF154       0.000   0.000000

   *** NODAL LOAD CALCULATION TIMES
     TYPE    NUMBER   ENAME      TOTAL CP  AVE CP

        1        93  SOLID186      0.000   0.000000
        2       152  SOLID186      0.000   0.000000
        3       180  SOLID186      0.000   0.000000
        4       163  CONTA174      0.000   0.000000
        6        84  CONTA174      0.000   0.000000
        8        60  SURF154       0.000   0.000000


 *** MAPDL BINARY FILE STATISTICS
  BUFFER SIZE USED= 16384
       12.375 MB WRITTEN ON RESULTS FILE: file0.rst
 *************** Write FE CONNECTORS *********

 WRITE OUT CONSTRAINT EQUATIONS TO FILE= file.ce                                                                                                                                                                                                                                                             

 FINISH SOLUTION PROCESSING


 ***** ROUTINE COMPLETED *****  CP =         6.391



 *** MAPDL - ENGINEERING ANALYSIS SYSTEM  RELEASE 2025 R2          25.2     ***
 Ansys Mechanical Enterprise Academic Student      
 01055371  VERSION=WINDOWS x64   21:07:18  DEC 18, 2025 CP=      6.391

 uk_ad_pojedynczy_ceramika--Harmonic Response (C5)                             



          ***** MAPDL RESULTS INTERPRETATION (POST1) *****

 *** NOTE ***                            CP =       6.391   TIME= 21:07:18
 Reading results into the database (SET command) will update the current 
 displacement and force boundary conditions in the database with the     
 values from the results file for that load set.  Note that any          
 subsequent solutions will use these values unless action is taken to    
 either SAVE the current values or not overwrite them (/EXIT,NOSAVE).    

 Set Encoding of XML File to:ISO-8859-1

 Set Output of XML File to:
     PARM,     ,     ,     ,     ,     ,     ,     ,     ,     ,     ,     ,
         ,     ,     ,     ,     ,     ,     ,

 DATABASE WRITTEN ON FILE  parm.xml                                                                                                                                                                                                                                                            

 EXIT THE MAPDL POST1 DATABASE PROCESSOR


 ***** ROUTINE COMPLETED *****  CP =         6.391



 PRINTOUT RESUMED BY /GOP

 *GET  _WALLDONE  FROM  ACTI  ITEM=TIME WALL  VALUE=  21.1216667    

 PARAMETER _PREPTIME =     0.000000000    

 PARAMETER _SOLVTIME =     1.000000000    

 PARAMETER _POSTTIME =     3.000000000    

 PARAMETER _TOTALTIM =     4.000000000    

 *GET  _DLBRATIO  FROM  ACTI  ITEM=SOLU DLBR  VALUE=  1.31746032    

 *GET  _COMBTIME  FROM  ACTI  ITEM=SOLU COMB  VALUE= 0.261689400    

 *GET  _SSMODE   FROM  ACTI  ITEM=SOLU SSMM  VALUE=  2.00000000    

 *GET  _NDOFS    FROM  ACTI  ITEM=SOLU NDOF  VALUE=  9081.00000    

 /FCLEAN COMMAND REMOVING ALL LOCAL FILES
 --- Total number of nodes = 3070
 --- Total number of elements = 979
 --- Element load balance ratio = 1.31746032
 --- Time to combine distributed files = 0.2616894
 --- Sparse memory mode = 2
 --- Number of DOF = 9081

 EXIT MAPDL WITHOUT SAVING DATABASE


 NUMBER OF WARNING MESSAGES ENCOUNTERED=         10
 NUMBER OF ERROR   MESSAGES ENCOUNTERED=          0

+--------------------- M A P D L   S T A T I S T I C S ------------------------+

Release: 2025 R2            Build: 25.2       Update: UP20250519   Platform: WINDOWS x64 
Date Run: 12/18/2025   Time: 21:07     Process ID: 25944
Operating System: Windows 11  (Build: 26200)

Processor Model: AMD Ryzen 9 5900X 12-Core Processor

Compiler: Intel(R) Fortran Compiler Classic Version 2021.9  (Build: 20230302)
          Intel(R) C/C++ Compiler Classic Version 2021.9  (Build: 20230302)
          AOCL-BLAS 5.0.1 Build 20250320

Number of machines requested            :    1
Total number of cores available         :   24
Number of physical cores available      :   12
Number of processes requested           :    4
Number of threads per process requested :    1
Total number of cores requested         :    4 (Distributed Memory Parallel)               
MPI Type: INTELMPI
MPI Version: Intel(R) MPI Library 2021.14 for Windows* OS


GPU Acceleration: Not Requested

Job Name: file0
Input File: dummy.dat

  Core                Machine Name   Working Directory
 -----------------------------------------------------
     0             DESKTOP-V0OVKMM   C:\Users\admin\Desktop\LIDIX\ansys\_ProjectScratch\Scr3102
     1             DESKTOP-V0OVKMM   C:\Users\admin\Desktop\LIDIX\ansys\_ProjectScratch\Scr3102
     2             DESKTOP-V0OVKMM   C:\Users\admin\Desktop\LIDIX\ansys\_ProjectScratch\Scr3102
     3             DESKTOP-V0OVKMM   C:\Users\admin\Desktop\LIDIX\ansys\_ProjectScratch\Scr3102
 
Latency time from master to core     1 =    5.290 microseconds
Latency time from master to core     2 =    4.993 microseconds
Latency time from master to core     3 =    5.009 microseconds
 
Communication speed from master to core     1 = 16025.96 MB/sec
Communication speed from master to core     2 =  8089.06 MB/sec
Communication speed from master to core     3 =  7552.01 MB/sec

Total CPU time for main thread                    :        4.2 seconds
Total CPU time summed for all threads             :        7.1 seconds

Elapsed time spent obtaining a license            :        0.4 seconds
Elapsed time spent pre-processing model (/PREP7)  :        0.0 seconds
Elapsed time spent solution - preprocessing       :        0.2 seconds
Elapsed time spent computing solution             :        3.1 seconds
Elapsed time spent solution - postprocessing      :        0.3 seconds
Elapsed time spent post-processing model (/POST1) :        0.0 seconds
 
Equation solver computational rate                :       58.8 Gflops

Sum of disk space used on all processes           :       95.9 MB

Sum of memory used on all processes               :      226.0 MB
Sum of memory allocated on all processes          :     2880.0 MB
Physical memory available                         :         64 GB
Total amount of I/O written to disk               :        0.2 GB
Total amount of I/O read from disk                :        0.6 GB

+------------------ E N D   M A P D L   S T A T I S T I C S -------------------+


 *-----------------------------------------------------------------------------*
 |                                                                             |
 |                               RUN COMPLETED                                 |
 |                                                                             |
 |-----------------------------------------------------------------------------|
 |                                                                             |
 |  Ansys MAPDL 2025 R2         Build 25.2         UP20250519    WINDOWS x64   |
 |                                                                             |
 |-----------------------------------------------------------------------------|
 |                                                                             |
 |  Database Requested(-db)     1024 MB     Scratch Memory Requested   1024 MB |
 |  Max Database Used(Master)      2 MB     Max Scratch Used(Master)     58 MB |
 |  Max Database Used(Workers)     1 MB     Max Scratch Used(Workers)    64 MB |
 |  Sum Database Used(All)         5 MB     Sum Scratch Used(All)       221 MB |
 |                                                                             |
 |-----------------------------------------------------------------------------|
 |                                                                             |
 |        CP Time      (sec) =          7.109       Time  =  21:07:33          |
 |        Elapsed Time (sec) =         20.000       Date  =  12/18/2025        |
 |                                                                             |
 *-----------------------------------------------------------------------------*
