
 Ansys Mechanical Enterprise Academic Student      


 *------------------------------------------------------------------*
 |                                                                  |
 |   W E L C O M E   T O   T H E   A N S Y S (R)  P R O G R A M     |
 |                                                                  |
 *------------------------------------------------------------------*




 ***************************************************************
 *         ANSYS MAPDL 2025 R2          LEGAL NOTICES          *
 ***************************************************************
 *                                                             *
 * Copyright 1971-2025 Ansys, Inc.  All rights reserved.       *
 * Unauthorized use, distribution or duplication is            *
 * prohibited.                                                 *
 *                                                             *
 * Ansys is a registered trademark of Ansys, Inc. or its       *
 * subsidiaries in the United States or other countries.       *
 * See the Ansys, Inc. online documentation or the Ansys, Inc. *
 * documentation CD or online help for the complete Legal      *
 * Notice.                                                     *
 *                                                             *
 ***************************************************************
 *                                                             *
 * THIS ANSYS SOFTWARE PRODUCT AND PROGRAM DOCUMENTATION       *
 * INCLUDE TRADE SECRETS AND CONFIDENTIAL AND PROPRIETARY      *
 * PRODUCTS OF ANSYS, INC., ITS SUBSIDIARIES, OR LICENSORS.    *
 * The software products and documentation are furnished by    *
 * Ansys, Inc. or its subsidiaries under a software license    *
 * agreement that contains provisions concerning               *
 * non-disclosure, copying, length and nature of use,          *
 * compliance with exporting laws, warranties, disclaimers,    *
 * limitations of liability, and remedies, and other           *
 * provisions.  The software products and documentation may be *
 * used, disclosed, transferred, or copied only in accordance  *
 * with the terms and conditions of that software license      *
 * agreement.                                                  *
 *                                                             *
 * Ansys, Inc. is a UL registered                              *
 * ISO 9001:2015 company.                                      *
 *                                                             *
 ***************************************************************
 *                                                             *
 * This product is subject to U.S. laws governing export and   *
 * re-export.                                                  *
 *                                                             *
 * For U.S. Government users, except as specifically granted   *
 * by the Ansys, Inc. software license agreement, the use,     *
 * duplication, or disclosure by the United States Government  *
 * is subject to restrictions stated in the Ansys, Inc.        *
 * software license agreement and FAR 12.212 (for non-DOD      *
 * licenses).                                                  *
 *                                                             *
 ***************************************************************

 2025 R2 
     
 Point Releases and Patches installed:   
     
 Discovery 2025 R2   
 Core WB Files 2025 R2   
 optiSLang 2025 R2   
 CFX (includes CFD-Post) 2025 R2 
 Chemkin 2025 R2 
 EnSight 2025 R2 
 FENSAP-ICE 2025 R2  
 Fluent (includes CFD-Post) 2025 R2  
 Polyflow (includes CFD-Post) 2025 R2
 Forte (includes EnSight) 2025 R2
 Rocky 2025 R2   
 TurboGrid 2025 R2   
 ACIS Geometry Interface 2025 R2 
 AutoCAD Geometry Interface 2025 R2  
 Catia, Version 4 Geometry Interface 2025 R2 
 Catia, Version 5 Geometry Interface 2025 R2 
 Catia, Version 6 Geometry Interface 2025 R2 
 Creo Elements/Direct Modeling Geometry Interface 2025 R2
 Creo Parametric Geometry Interface 2025 R2  
 Inventor Geometry Interface 2025 R2 
 JTOpen Geometry Interface 2025 R2   
 NX Geometry Interface 2025 R2   
 Parasolid Geometry Interface  2025 R2   
 Solid Edge Geometry Interface 2025 R2   
 SOLIDWORKS Geometry Interface 2025 R2   
 Speos 2025 R2   
 SpaceClaim 2025 R2  
 Speos RPC 2025 R2   
 Zemax OpticStudio 2025 R2   
 Dynamic Reporting 2025 R2   
 Aqwa 2025 R2
 Autodyn 2025 R2 
 Material Calibration App 2025 R2
 Mechanical Products 2025 R2 
 Motion 2025 R2  
 Academic Student 2025 R2


          *****  MAPDL COMMAND LINE ARGUMENTS  *****
  BATCH MODE REQUESTED (-b)    = NOLIST
  INPUT FILE COPY MODE (-c)    = COPY
  DISTRIBUTED MEMORY PARALLEL REQUESTED
       4 PARALLEL PROCESSES REQUESTED WITH SINGLE THREAD PER PROCESS
    TOTAL OF     4 CORES REQUESTED
  INPUT FILE NAME              = C:\Users\admin\Desktop\LIDIX\ansys\_ProjectScratch\Scr024A\dummy.dat
  OUTPUT FILE NAME             = C:\Users\admin\Desktop\LIDIX\ansys\_ProjectScratch\Scr024A\solve.out
  START-UP FILE MODE           = NOREAD
  STOP FILE MODE               = NOREAD

 RELEASE= 2025 R2              BUILD= 25.2      UP20250519   VERSION=WINDOWS x64 
 CURRENT JOBNAME=file0  17:40:38  DEC 18, 2025 CP=      0.031


 PARAMETER _DS_PROGRESS =     999.0000000    

 /INPUT FILE= ds.dat  LINE=       0



 *** NOTE ***                            CP =       0.141   TIME= 17:40:38
 The /CONFIG,NOELDB command is not valid in a distributed memory         
 parallel solution.  Command is ignored.                                 

 *GET  _WALLSTRT  FROM  ACTI  ITEM=TIME WALL  VALUE=  17.6772222    

 TITLE= 
 uk_ad_bimorficzny_polimer__1--Coupled Field Harmonic (D5)                     

  ACT Extensions:
      LSDYNA, 2025.2
      5f463412-bd3e-484b-87e7-cbc0a665e474, wbex
 /COM,     ANSYSMotion, 2025.2
      20180725-3f81-49eb-9f31-41364844c769, wbex
  

 SET PARAMETER DIMENSIONS ON  _WB_PROJECTSCRATCH_DIR
  TYPE=STRI  DIMENSIONS=      248        1        1

 PARAMETER _WB_PROJECTSCRATCH_DIR(1) = C:\Users\admin\Desktop\LIDIX\ansys\_ProjectScratch\Scr024A\
 --- Data in consistent MKS units. See Solving Units in the help system for more

 MKS UNITS SPECIFIED FOR INTERNAL    
  LENGTH        (l)  = METER (M)
  MASS          (M)  = KILOGRAM (KG)
  TIME          (t)  = SECOND (SEC)
  TEMPERATURE   (T)  = CELSIUS (C)
  TOFFSET            = 273.0
  CHARGE        (Q)  = COULOMB
  FORCE         (f)  = NEWTON (N) (KG-M/SEC2)
  HEAT               = JOULE (N-M)

  PRESSURE           = PASCAL (NEWTON/M**2)
  ENERGY        (W)  = JOULE (N-M)
  POWER         (P)  = WATT (N-M/SEC)
  CURRENT       (i)  = AMPERE (COULOMBS/SEC)
  CAPACITANCE   (C)  = FARAD
  INDUCTANCE    (L)  = HENRY
  MAGNETIC FLUX      = WEBER
  RESISTANCE    (R)  = OHM
  ELECTRIC POTENTIAL = VOLT

 INPUT  UNITS ARE ALSO SET TO MKS 

 *** MAPDL - ENGINEERING ANALYSIS SYSTEM  RELEASE 2025 R2          25.2     ***
 Ansys Mechanical Enterprise Academic Student      
 01055371  VERSION=WINDOWS x64   17:40:38  DEC 18, 2025 CP=      0.172

 uk_ad_bimorficzny_polimer__1--Coupled Field Harmonic (D5)                     



          ***** MAPDL ANALYSIS DEFINITION (PREP7) *****
 *********** Send User Defined Coordinate System(s) ***********
 *********** Nodes for the whole assembly ***********
 *********** Elements for Body 1 'piezo' ***********
 *********** Elements for Body 2 'masa' ***********
 *********** Elements for Body 3 'piezo' ***********
 *********** Elements for Body 4 'belka' ***********
 *********** Set Reference Temperature ***********
 *********** Send Materials ***********
 *********** Create Contact "Contact Region" ***********
             Real Constant Set For Above Contact Is 6 & 5
 *********** Create Contact "Contact Region 2" ***********
             Real Constant Set For Above Contact Is 8 & 7
 *********** Create Contact "Contact Region 3" ***********
             Real Constant Set For Above Contact Is 10 & 9
 *********** Send Named Selection as Element Component ***********
 *********** Send Named Selection as Element Component ***********
 *********** Fixed Supports ***********
 *********** Define Force Using Surface Effect Elements ***********


 ***** ROUTINE COMPLETED *****  CP =         0.234


 --- Number of total nodes = 3905
 --- Number of contact elements = 906
 --- Number of spring elements = 0
 --- Number of bearing elements = 0
 --- Number of solid elements = 531
 --- Number of condensed parts = 0
 --- Number of total elements = 1437

 *GET  _WALLBSOL  FROM  ACTI  ITEM=TIME WALL  VALUE=  17.6772222    

 *****  MAPDL SOLUTION ROUTINE  *****


 PERFORM A HARMONIC ANALYSIS
  THIS WILL BE A NEW ANALYSIS


 PERFORM A FULL HARMONIC RESPONSE ANALYSIS

 THERMAL STRAINS ARE NOT INCLUDED IN THE LOAD VECTOR.

 STEP BOUNDARY CONDITION KEY= 1

 HARMONIC FREQUENCY RANGE - END=  28.000      BEGIN=  0.0000    

 USE    25 SUBSTEP(S) THIS LOAD STEP FOR ALL  DEGREES OF FREEDOM

 ERASE THE CURRENT DATABASE OUTPUT CONTROL TABLE.


 WRITE ALL  ITEMS TO THE DATABASE WITH A FREQUENCY OF NONE
   FOR ALL APPLICABLE ENTITIES

 WRITE NSOL ITEMS TO THE DATABASE WITH A FREQUENCY OF ALL 
   FOR ALL APPLICABLE ENTITIES

 WRITE EANG ITEMS TO THE DATABASE WITH A FREQUENCY OF ALL 
   FOR ALL APPLICABLE ENTITIES

 WRITE ETMP ITEMS TO THE DATABASE WITH A FREQUENCY OF ALL 
   FOR ALL APPLICABLE ENTITIES

 WRITE VENG ITEMS TO THE DATABASE WITH A FREQUENCY OF ALL 
   FOR ALL APPLICABLE ENTITIES

 WRITE STRS ITEMS TO THE DATABASE WITH A FREQUENCY OF ALL 
   FOR ALL APPLICABLE ENTITIES

 WRITE EPEL ITEMS TO THE DATABASE WITH A FREQUENCY OF ALL 
   FOR ALL APPLICABLE ENTITIES

 WRITE RSOL ITEMS TO THE DATABASE WITH A FREQUENCY OF ALL 
   FOR ALL APPLICABLE ENTITIES

 WRITE CONT ITEMS TO THE DATABASE WITH A FREQUENCY OF ALL 
   FOR ALL APPLICABLE ENTITIES

 WRITE MISC ITEMS TO THE DATABASE WITH A FREQUENCY OF ALL 
   FOR ALL APPLICABLE ENTITIES

 WRITE FFLU ITEMS TO THE DATABASE WITH A FREQUENCY OF ALL 
   FOR ALL APPLICABLE ENTITIES

 WRITE FGRA ITEMS TO THE DATABASE WITH A FREQUENCY OF ALL 
   FOR ALL APPLICABLE ENTITIES

 WRITE FMAG ITEMS TO THE DATABASE WITH A FREQUENCY OF ALL 
   FOR ALL APPLICABLE ENTITIES

 WRITE EHEA ITEMS TO THE DATABASE WITH A FREQUENCY OF ALL 
   FOR ALL APPLICABLE ENTITIES

 PRINT COMPLEX DISPLACEMENTS AS REAL AND IMAGINARY COMPONENTS
  CALCULATE AND PRINT AVERAGE, AMPLITUDE AND PEAK OF STIFFNESS AND KINETIC ENERGIES

 *GET  ANSINTER_  FROM  ACTI  ITEM=INT        VALUE=  0.00000000    

 *IF  ANSINTER_  ( =   0.00000     )  NE  
      0  ( =   0.00000     )  THEN    

 *ENDIF

 *** NOTE ***                            CP =       0.297   TIME= 17:40:38
 The automatic domain decomposition logic has selected the FREQ domain   
 decomposition method with 1 processes per frequency solution.           

 *****  MAPDL SOLVE    COMMAND  *****



   D I S T R I B U T E D   D O M A I N   D E C O M P O S E R

 ...Number of frequency solutions:  25
 ...Decompose to 4 frequency domains (with 1 processes per domain)


 *** WARNING ***                         CP =       0.547   TIME= 17:40:38
 Element shape checking is currently inactive.  Issue SHPP,ON or         
 SHPP,WARN to reactivate, if desired.                                    

 *** NOTE ***                            CP =       0.547   TIME= 17:40:38
 The model data was checked and warning messages were found.             
  Please review output or errors file (                                  
 C:\Users\admin\Desktop\LIDIX\ansys\_ProjectScratch\Scr024A\file0.err )  
 for these warning messages.                                             

 *** MAPDL - ENGINEERING ANALYSIS SYSTEM  RELEASE 2025 R2          25.2     ***
 Ansys Mechanical Enterprise Academic Student      
 01055371  VERSION=WINDOWS x64   17:40:38  DEC 18, 2025 CP=      0.547

 uk_ad_bimorficzny_polimer__1--Coupled Field Harmonic (D5)                     



                       S O L U T I O N   O P T I O N S

   PROBLEM DIMENSIONALITY. . . . . . . . . . . . .3-D                  
   DEGREES OF FREEDOM. . . . . . UX   UY   UZ   VOLT
   ANALYSIS TYPE . . . . . . . . . . . . . . . . .HARMONIC             
      SOLUTION METHOD. . . . . . . . . . . . . . .AUTO
   OFFSET TEMPERATURE FROM ABSOLUTE ZERO . . . . .  273.15    
   THERMAL EXPANSION . . . . . . . . . . . . . . .OFF
   COMPLEX DISPLACEMENT PRINT OPTION . . . . . . .REAL AND IMAGINARY       
   GLOBALLY ASSEMBLED MATRIX . . . . . . . . . . .SYMMETRIC  

 *** WARNING ***                         CP =       0.547   TIME= 17:40:38
 Element 109 (SOLID226) references undefined PERX or DPER for material   
 2.                                                                      

 *** WARNING ***                         CP =       0.547   TIME= 17:40:38
 Element 380 (SOLID226) references undefined PERX or DPER for material   
 4.                                                                      

 *** WARNING ***                         CP =       0.547   TIME= 17:40:38
 Material number 11 (used by element 2444) should normally have at least 
 one MP or one TB type command associated with it.  Output of energy by  
 material may not be available.                                          

 *** NOTE ***                            CP =       0.547   TIME= 17:40:38
 The structural-electrostatic analysis with KEYOPT(1) = 1001 of element  
 SOLID226 will be piezoelectric.                                         

 *** NOTE ***                            CP =       0.547   TIME= 17:40:38
 The structural-electrostatic analysis with KEYOPT(1) = 1001 of element  
 SOLID226 will be piezoelectric.                                         

 *** NOTE ***                            CP =       0.547   TIME= 17:40:38
 The structural-electrostatic analysis with KEYOPT(1) = 1001 of element  
 SOLID226 will be piezoelectric.                                         

 *** NOTE ***                            CP =       0.547   TIME= 17:40:38
 The structural-electrostatic analysis with KEYOPT(1) = 1001 of element  
 SOLID226 will be piezoelectric.                                         

 *** NOTE ***                            CP =       0.547   TIME= 17:40:38
 The step data was checked and warning messages were found.              
  Please review output or errors file (                                  
 C:\Users\admin\Desktop\LIDIX\ansys\_ProjectScratch\Scr024A\file0.err )  
 for these warning messages.                                             

 *** NOTE ***                            CP =       0.547   TIME= 17:40:38
 The conditions for direct assembly have been met.  No .emat or .erot    
 files will be produced.                                                 

 *** NOTE ***                            CP =       0.734   TIME= 17:40:38
 Symmetric Deformable- deformable contact pair identified by real        
 constant set 5 and contact element type 5 has been set up.  The         
 companion pair has real constant set ID 6.  Both pairs should have the  
 same behavior.                                                          
 MAPDL will keep the current pair and deactivate its companion pair,     
 resulting in asymmetric contact.                                        
 Piezoelectric contact is activated.
 Linear contact is defined
 Contact algorithm: Augmented Lagrange method
 Contact detection at: Gauss integration point
 Contact stiffness factor FKN                  10.000    
 The resulting initial contact stiffness      0.20000E+15
 Default penetration tolerance factor FTOLN   0.10000    
 The resulting penetration tolerance          0.20000E-03
 Default opening contact stiffness OPSF will be used.
 Default tangent stiffness factor FKT          1.0000    
 Use constant contact stiffness
 Default Max. friction stress TAUMAX          0.10000E+21
 Average contact surface length               0.31808E-02
 Average contact pair depth                   0.20000E-02
 Average target surface length                0.51316E-02
 Default pinball region factor PINB           0.25000    
 The resulting pinball region                 0.50000E-03
 Initial penetration/gap is excluded.
 Bonded contact (always) is defined.
 Electric contact capacitance coef. ECC      0.92497E-05

 *** NOTE ***                            CP =       0.734   TIME= 17:40:38
 Max.  Initial penetration 0 was detected between contact element 1706   
 and target element 1909.                                                
 ****************************************
  

 *** WARNING ***                         CP =       0.734   TIME= 17:40:38
 Element shape checking is currently inactive.  Issue SHPP,ON or         
 SHPP,WARN to reactivate, if desired.                                    

 *** WARNING ***                         CP =       0.734   TIME= 17:40:38
 Element shape checking is currently inactive.  Issue SHPP,ON or         
 SHPP,WARN to reactivate, if desired.                                    

 *** WARNING ***                         CP =       0.734   TIME= 17:40:38
 Element shape checking is currently inactive.  Issue SHPP,ON or         
 SHPP,WARN to reactivate, if desired.                                    

 *** WARNING ***                         CP =       0.734   TIME= 17:40:38
 Element 109 (SOLID226) references undefined PERX or DPER for material   
 2.                                                                      

 *** NOTE ***                            CP =       0.734   TIME= 17:40:38
 Symmetric Deformable- deformable contact pair identified by real        
 constant set 6 and contact element type 5 has been set up.  The         
 companion pair has real constant set ID 5.  Both pairs should have the  
 same behavior.                                                          
 MAPDL will deactivate the current pair and keep its companion pair,     
 resulting in asymmetric contact.                                        
 Piezoelectric contact is activated.
 Linear contact is defined
 Contact algorithm: Augmented Lagrange method
 Contact detection at: Gauss integration point
 Contact stiffness factor FKN                  10.000    
 The resulting initial contact stiffness      0.20000E+15
 Default penetration tolerance factor FTOLN   0.10000    
 The resulting penetration tolerance          0.15596E-03
 Default opening contact stiffness OPSF will be used.
 Default tangent stiffness factor FKT          1.0000    
 Use constant contact stiffness
 Default Max. friction stress TAUMAX          0.10000E+21
 Average contact surface length               0.51986E-02
 Average contact pair depth                   0.15596E-02
 Average target surface length                0.30157E-02
 Default pinball region factor PINB           0.25000    
 The resulting pinball region                 0.38990E-03
 Initial penetration/gap is excluded.
 Bonded contact (always) is defined.
 Electric contact capacitance coef. ECC      0.92497E-05

 *** NOTE ***                            CP =       0.734   TIME= 17:40:38
 Max.  Initial penetration 0 was detected between contact element 1815   
 and target element 1677.                                                
 ****************************************
  

 *** WARNING ***                         CP =       0.734   TIME= 17:40:38
 Element 380 (SOLID226) references undefined PERX or DPER for material   
 4.                                                                      

 *** WARNING ***                         CP =       0.734   TIME= 17:40:38
 Element 109 (SOLID226) references undefined PERX or DPER for material   
 2.                                                                      

 *** WARNING ***                         CP =       0.734   TIME= 17:40:38
 Element 109 (SOLID226) references undefined PERX or DPER for material   
 2.                                                                      

 *** WARNING ***                         CP =       0.734   TIME= 17:40:38
 Element 380 (SOLID226) references undefined PERX or DPER for material   
 4.                                                                      

 *** NOTE ***                            CP =       0.734   TIME= 17:40:38
 Symmetric Deformable- deformable contact pair identified by real        
 constant set 7 and contact element type 7 has been set up.  The         
 companion pair has real constant set ID 8.  Both pairs should have the  
 same behavior.                                                          
 MAPDL will keep the current pair and deactivate its companion pair,     
 resulting in asymmetric contact.                                        
 Piezoelectric contact is activated.
 Linear contact is defined
 Contact algorithm: Augmented Lagrange method
 Contact detection at: Gauss integration point
 Contact stiffness factor FKN                  10.000    
 The resulting initial contact stiffness      0.24600E+17
 Default penetration tolerance factor FTOLN   0.10000    
 The resulting penetration tolerance          0.33333E-03
 Default opening contact stiffness OPSF will be used.
 Default tangent stiffness factor FKT          1.0000    
 Use constant contact stiffness
 Default Max. friction stress TAUMAX          0.10000E+21
 Average contact surface length               0.30867E-02
 Average contact pair depth                   0.33333E-02
 Average target surface length                0.51316E-02
 Default pinball region factor PINB           0.25000    
 The resulting pinball region                 0.83333E-03
 Initial penetration/gap is excluded.
 Bonded contact (always) is defined.
 Electric contact capacitance coef. ECC      0.92497E-05

 *** NOTE ***                            CP =       0.734   TIME= 17:40:38
 Max.  Initial penetration 4.33680869E-19 was detected between contact   
 element 2014 and target element 2098.                                   
 ****************************************
  

 *** WARNING ***                         CP =       0.734   TIME= 17:40:38
 Element 380 (SOLID226) references undefined PERX or DPER for material   
 4.                                                                      

 *** WARNING ***                         CP =       0.734   TIME= 17:40:38
 Material number 11 (used by element 2444) should normally have at least 
 one MP or one TB type command associated with it.  Output of energy by  
 material may not be available.                                          

 *** NOTE ***                            CP =       0.734   TIME= 17:40:38
 Symmetric Deformable- deformable contact pair identified by real        
 constant set 8 and contact element type 7 has been set up.  The         
 companion pair has real constant set ID 7.  Both pairs should have the  
 same behavior.                                                          
 MAPDL will deactivate the current pair and keep its companion pair,     
 resulting in asymmetric contact.                                        
 Piezoelectric contact is activated.
 Linear contact is defined
 Contact algorithm: Augmented Lagrange method
 Contact detection at: Gauss integration point
 Contact stiffness factor FKN                  10.000    
 The resulting initial contact stiffness      0.24600E+17
 Default penetration tolerance factor FTOLN   0.10000    
 The resulting penetration tolerance          0.15201E-03
 Default opening contact stiffness OPSF will be used.
 Default tangent stiffness factor FKT          1.0000    
 Use constant contact stiffness
 Default Max. friction stress TAUMAX          0.10000E+21
 Average contact surface length               0.50671E-02
 Average contact pair depth                   0.15201E-02
 Average target surface length                0.31667E-02
 Default pinball region factor PINB           0.25000    
 The resulting pinball region                 0.38003E-03
 Initial penetration/gap is excluded.
 Bonded contact (always) is defined.
 Electric contact capacitance coef. ECC      0.92497E-05

 *** NOTE ***                            CP =       0.734   TIME= 17:40:38
 Max.  Initial penetration 2.168404345E-19 was detected between contact  
 element 2074 and target element 1955.                                   
 ****************************************
  

 *** WARNING ***                         CP =       0.734   TIME= 17:40:38
 Maximum contact stiffness 2.46E+16 is too big which can cause an        
 accuracy problem, you may scale the force units in the model.           

 *** WARNING ***                         CP =       0.734   TIME= 17:40:38
 Material number 11 (used by element 2444) should normally have at least 
 one MP or one TB type command associated with it.  Output of energy by  
 material may not be available.                                          

 *** NOTE ***                            CP =       0.734   TIME= 17:40:38
 Symmetric Deformable- deformable contact pair identified by real        
 constant set 9 and contact element type 9 has been set up.  The         
 companion pair has real constant set ID 10.  Both pairs should have     
 the same behavior.                                                      
 MAPDL will keep the current pair and deactivate its companion pair,     
 resulting in asymmetric contact.                                        
 Piezoelectric contact is activated.
 Linear contact is defined
 Contact algorithm: Augmented Lagrange method
 Contact detection at: Gauss integration point
 Contact stiffness factor FKN                  10.000    
 The resulting initial contact stiffness      0.20000E+15
 Default penetration tolerance factor FTOLN   0.10000    
 The resulting penetration tolerance          0.20000E-03
 Default opening contact stiffness OPSF will be used.
 Default tangent stiffness factor FKT          1.0000    
 Use constant contact stiffness
 Default Max. friction stress TAUMAX          0.10000E+21
 Average contact surface length               0.35376E-02
 Average contact pair depth                   0.20000E-02
 Average target surface length                0.51316E-02
 Default pinball region factor PINB           0.25000    
 The resulting pinball region                 0.50000E-03
 Initial penetration/gap is excluded.
 Bonded contact (always) is defined.
 Electric contact capacitance coef. ECC      0.92497E-05

 *** NOTE ***                            CP =       0.734   TIME= 17:40:38
 Max.  Initial penetration 4.33680869E-19 was detected between contact   
 element 2223 and target element 2411.                                   
 ****************************************
  

 *** WARNING ***                         CP =       0.734   TIME= 17:40:38
 Maximum contact stiffness 2.46E+16 is too big which can cause an        
 accuracy problem, you may scale the force units in the model.           

 *** WARNING ***                         CP =       0.734   TIME= 17:40:38
 Material number 11 (used by element 2444) should normally have at least 
 one MP or one TB type command associated with it.  Output of energy by  
 material may not be available.                                          

 *** NOTE ***                            CP =       0.734   TIME= 17:40:38
 Symmetric Deformable- deformable contact pair identified by real        
 constant set 10 and contact element type 9 has been set up.  The        
 companion pair has real constant set ID 9.  Both pairs should have the  
 same behavior.                                                          
 MAPDL will deactivate the current pair and keep its companion pair,     
 resulting in asymmetric contact.                                        
 Piezoelectric contact is activated.
 Linear contact is defined
 Contact algorithm: Augmented Lagrange method
 Contact detection at: Gauss integration point
 Contact stiffness factor FKN                  10.000    
 The resulting initial contact stiffness      0.20000E+15
 Default penetration tolerance factor FTOLN   0.10000    
 The resulting penetration tolerance          0.15201E-03
 Default opening contact stiffness OPSF will be used.
 Default tangent stiffness factor FKT          1.0000    
 Use constant contact stiffness
 Default Max. friction stress TAUMAX          0.10000E+21
 Average contact surface length               0.50671E-02
 Average contact pair depth                   0.15201E-02
 Average target surface length                0.33753E-02
 Default pinball region factor PINB           0.25000    
 The resulting pinball region                 0.38003E-03
 Initial penetration/gap is excluded.
 Bonded contact (always) is defined.
 Electric contact capacitance coef. ECC      0.92497E-05

 *** NOTE ***                            CP =       0.734   TIME= 17:40:38
 Max.  Initial penetration 2.168404345E-19 was detected between contact  
 element 2316 and target element 2198.                                   
 ****************************************
  

 *** WARNING ***                         CP =       0.734   TIME= 17:40:38
 Maximum contact stiffness 2.46E+16 is too big which can cause an        
 accuracy problem, you may scale the force units in the model.           

 *** WARNING ***                         CP =       0.734   TIME= 17:40:38
 Maximum contact stiffness 2.46E+16 is too big which can cause an        
 accuracy problem, you may scale the force units in the model.           
  
  

                      L O A D   S T E P   O P T I O N S

   LOAD STEP NUMBER. . . . . . . . . . . . . . . .     1
   FREQUENCY RANGE . . . . . . . . . . . . . . . .  0.0000     TO   28.000    
   NUMBER OF SUBSTEPS. . . . . . . . . . . . . . .    25
   STEP CHANGE BOUNDARY CONDITIONS . . . . . . . .   YES
   PRINT OUTPUT CONTROLS . . . . . . . . . . . . .NO PRINTOUT
   DATABASE OUTPUT CONTROLS
      ITEM     FREQUENCY   COMPONENT
       ALL       NONE               
      NSOL        ALL               
      EANG        ALL               
      ETMP        ALL               
      VENG        ALL               
      STRS        ALL               
      EPEL        ALL               
      RSOL        ALL               
      CONT        ALL               
      MISC        ALL               
      FFLU        ALL               
      FGRA        ALL               
      FMAG        ALL               
      EHEA        ALL               

   AUTO SELECTION OF VT FOR FREQUENCY SWEEP. . . . NO

 *** NOTE ***                            CP =       0.969   TIME= 17:40:38
 Symmetric Deformable- deformable contact pair identified by real        
 constant set 5 and contact element type 5 has been set up.  The         
 companion pair has real constant set ID 6.  Both pairs should have the  
 same behavior.                                                          
 MAPDL will keep the current pair and deactivate its companion pair,     
 resulting in asymmetric contact.                                        
 Piezoelectric contact is activated.
 Linear contact is defined
 Contact algorithm: Augmented Lagrange method
 Contact detection at: Gauss integration point
 Contact stiffness factor FKN                  10.000    
 The resulting initial contact stiffness      0.20000E+15
 Default penetration tolerance factor FTOLN   0.10000    
 The resulting penetration tolerance          0.20000E-03
 Default opening contact stiffness OPSF will be used.
 Default tangent stiffness factor FKT          1.0000    
 Use constant contact stiffness
 Default Max. friction stress TAUMAX          0.10000E+21
 Average contact surface length               0.31808E-02
 Average contact pair depth                   0.20000E-02
 Average target surface length                0.51316E-02
 Default pinball region factor PINB           0.25000    
 The resulting pinball region                 0.50000E-03
 Initial penetration/gap is excluded.
 Bonded contact (always) is defined.
 Electric contact capacitance coef. ECC      0.92497E-05

 *** NOTE ***                            CP =       0.969   TIME= 17:40:38
 Max.  Initial penetration 0 was detected between contact element 1706   
 and target element 1909.                                                
 ****************************************
  

 *** NOTE ***                            CP =       0.969   TIME= 17:40:38
 Symmetric Deformable- deformable contact pair identified by real        
 constant set 6 and contact element type 5 has been set up.  The         
 companion pair has real constant set ID 5.  Both pairs should have the  
 same behavior.                                                          
 MAPDL will deactivate the current pair and keep its companion pair,     
 resulting in asymmetric contact.                                        
 Piezoelectric contact is activated.
 Linear contact is defined
 Contact algorithm: Augmented Lagrange method
 Contact detection at: Gauss integration point
 Contact stiffness factor FKN                  10.000    
 The resulting initial contact stiffness      0.20000E+15
 Default penetration tolerance factor FTOLN   0.10000    
 The resulting penetration tolerance          0.15596E-03
 Default opening contact stiffness OPSF will be used.
 Default tangent stiffness factor FKT          1.0000    
 Use constant contact stiffness
 Default Max. friction stress TAUMAX          0.10000E+21
 Average contact surface length               0.51986E-02
 Average contact pair depth                   0.15596E-02
 Average target surface length                0.30157E-02
 Default pinball region factor PINB           0.25000    
 The resulting pinball region                 0.38990E-03
 Initial penetration/gap is excluded.
 Bonded contact (always) is defined.
 Electric contact capacitance coef. ECC      0.92497E-05

 *** NOTE ***                            CP =       0.969   TIME= 17:40:38
 Max.  Initial penetration 0 was detected between contact element 1815   
 and target element 1677.                                                
 ****************************************
  

 *** NOTE ***                            CP =       0.969   TIME= 17:40:38
 Symmetric Deformable- deformable contact pair identified by real        
 constant set 7 and contact element type 7 has been set up.  The         
 companion pair has real constant set ID 8.  Both pairs should have the  
 same behavior.                                                          
 MAPDL will keep the current pair and deactivate its companion pair,     
 resulting in asymmetric contact.                                        
 Piezoelectric contact is activated.
 Linear contact is defined
 Contact algorithm: Augmented Lagrange method
 Contact detection at: Gauss integration point
 Contact stiffness factor FKN                  10.000    
 The resulting initial contact stiffness      0.24600E+17
 Default penetration tolerance factor FTOLN   0.10000    
 The resulting penetration tolerance          0.33333E-03
 Default opening contact stiffness OPSF will be used.
 Default tangent stiffness factor FKT          1.0000    
 Use constant contact stiffness
 Default Max. friction stress TAUMAX          0.10000E+21
 Average contact surface length               0.30867E-02
 Average contact pair depth                   0.33333E-02
 Average target surface length                0.51316E-02
 Default pinball region factor PINB           0.25000    
 The resulting pinball region                 0.83333E-03
 Initial penetration/gap is excluded.
 Bonded contact (always) is defined.
 Electric contact capacitance coef. ECC      0.92497E-05

 *** NOTE ***                            CP =       0.969   TIME= 17:40:38
 Max.  Initial penetration 4.33680869E-19 was detected between contact   
 element 2014 and target element 2098.                                   
 ****************************************
  

 *** NOTE ***                            CP =       0.969   TIME= 17:40:38
 Symmetric Deformable- deformable contact pair identified by real        
 constant set 8 and contact element type 7 has been set up.  The         
 companion pair has real constant set ID 7.  Both pairs should have the  
 same behavior.                                                          
 MAPDL will deactivate the current pair and keep its companion pair,     
 resulting in asymmetric contact.                                        
 Piezoelectric contact is activated.
 Linear contact is defined
 Contact algorithm: Augmented Lagrange method
 Contact detection at: Gauss integration point
 Contact stiffness factor FKN                  10.000    
 The resulting initial contact stiffness      0.24600E+17
 Default penetration tolerance factor FTOLN   0.10000    
 The resulting penetration tolerance          0.15201E-03
 Default opening contact stiffness OPSF will be used.
 Default tangent stiffness factor FKT          1.0000    
 Use constant contact stiffness
 Default Max. friction stress TAUMAX          0.10000E+21
 Average contact surface length               0.50671E-02
 Average contact pair depth                   0.15201E-02
 Average target surface length                0.31667E-02
 Default pinball region factor PINB           0.25000    
 The resulting pinball region                 0.38003E-03
 Initial penetration/gap is excluded.
 Bonded contact (always) is defined.
 Electric contact capacitance coef. ECC      0.92497E-05

 *** NOTE ***                            CP =       0.969   TIME= 17:40:38
 Max.  Initial penetration 2.168404345E-19 was detected between contact  
 element 2074 and target element 1955.                                   
 ****************************************
  

 *** NOTE ***                            CP =       0.969   TIME= 17:40:38
 Symmetric Deformable- deformable contact pair identified by real        
 constant set 9 and contact element type 9 has been set up.  The         
 companion pair has real constant set ID 10.  Both pairs should have     
 the same behavior.                                                      
 MAPDL will keep the current pair and deactivate its companion pair,     
 resulting in asymmetric contact.                                        
 Piezoelectric contact is activated.
 Linear contact is defined
 Contact algorithm: Augmented Lagrange method
 Contact detection at: Gauss integration point
 Contact stiffness factor FKN                  10.000    
 The resulting initial contact stiffness      0.20000E+15
 Default penetration tolerance factor FTOLN   0.10000    
 The resulting penetration tolerance          0.20000E-03
 Default opening contact stiffness OPSF will be used.
 Default tangent stiffness factor FKT          1.0000    
 Use constant contact stiffness
 Default Max. friction stress TAUMAX          0.10000E+21
 Average contact surface length               0.35376E-02
 Average contact pair depth                   0.20000E-02
 Average target surface length                0.51316E-02
 Default pinball region factor PINB           0.25000    
 The resulting pinball region                 0.50000E-03
 Initial penetration/gap is excluded.
 Bonded contact (always) is defined.
 Electric contact capacitance coef. ECC      0.92497E-05

 *** NOTE ***                            CP =       0.969   TIME= 17:40:38
 Max.  Initial penetration 4.33680869E-19 was detected between contact   
 element 2223 and target element 2411.                                   
 ****************************************
  

 *** NOTE ***                            CP =       0.969   TIME= 17:40:38
 Symmetric Deformable- deformable contact pair identified by real        
 constant set 10 and contact element type 9 has been set up.  The        
 companion pair has real constant set ID 9.  Both pairs should have the  
 same behavior.                                                          
 MAPDL will deactivate the current pair and keep its companion pair,     
 resulting in asymmetric contact.                                        
 Piezoelectric contact is activated.
 Linear contact is defined
 Contact algorithm: Augmented Lagrange method
 Contact detection at: Gauss integration point
 Contact stiffness factor FKN                  10.000    
 The resulting initial contact stiffness      0.20000E+15
 Default penetration tolerance factor FTOLN   0.10000    
 The resulting penetration tolerance          0.15201E-03
 Default opening contact stiffness OPSF will be used.
 Default tangent stiffness factor FKT          1.0000    
 Use constant contact stiffness
 Default Max. friction stress TAUMAX          0.10000E+21
 Average contact surface length               0.50671E-02
 Average contact pair depth                   0.15201E-02
 Average target surface length                0.33753E-02
 Default pinball region factor PINB           0.25000    
 The resulting pinball region                 0.38003E-03
 Initial penetration/gap is excluded.
 Bonded contact (always) is defined.
 Electric contact capacitance coef. ECC      0.92497E-05

 *** NOTE ***                            CP =       0.969   TIME= 17:40:38
 Max.  Initial penetration 2.168404345E-19 was detected between contact  
 element 2316 and target element 2198.                                   
 ****************************************
  


                         ***********  PRECISE MASS SUMMARY  ***********

   TOTAL RIGID BODY MASS MATRIX ABOUT ORIGIN
               Translational mass               |   Coupled translational/rotational mass
        0.15417        0.0000        0.0000     |     0.0000       0.12580E-01  -0.71233E-03
         0.0000       0.15417        0.0000     |   -0.12580E-01    0.0000       0.30835E-02
         0.0000        0.0000       0.15417     |    0.71233E-03  -0.30835E-02    0.0000    
     ------------------------------------------ | ------------------------------------------
                                                |         Rotational mass (inertia)
                                                |    0.11180E-02  -0.14246E-04  -0.25162E-03
                                                |   -0.14246E-04   0.11944E-02  -0.65051E-04
                                                |   -0.25162E-03  -0.65051E-04   0.86687E-04

   TOTAL MASS = 0.15417    
     The mass principal axes coincide with the global Cartesian axes

   CENTER OF MASS (X,Y,Z)=   0.20001E-01   0.46205E-02   0.81603E-01

   TOTAL INERTIA ABOUT CENTER OF MASS
        0.88099E-04   0.11833E-08   0.77227E-08
        0.11833E-08   0.10610E-03  -0.69228E-05
        0.77227E-08  -0.69228E-05   0.21720E-04

   PRINCIPAL INERTIAS =   0.88099E-04   0.10666E-03   0.21156E-04
   ORIENTATION VECTORS OF THE INERTIA PRINCIPAL AXES IN GLOBAL CARTESIAN
     ( 1.000,-0.000, 0.000) ( 0.000, 0.997,-0.081) (-0.000, 0.081, 0.997) 


  *** MASS SUMMARY BY ELEMENT TYPE ***

  TYPE      MASS
     1  0.363346E-02
     2  0.115500    
     3  0.363346E-02
     4  0.314000E-01

 Range of element maximum matrix coefficients in global coordinates
 Maximum = 1.239442479E+11 at element 2018.                              
 Minimum = 2587634.45 at element 107.                                    

   *** ELEMENT MATRIX FORMULATION TIMES
     TYPE    NUMBER   ENAME      TOTAL CP  AVE CP

        1       108  SOLID226      0.156   0.001447
        2       180  SOLID226      0.047   0.000260
        3        91  SOLID226      0.094   0.001030
        4       152  SOLID226      0.078   0.000514
        5       178  CONTA174      0.062   0.000351
        6       178  TARGE170      0.000   0.000000
        7        84  CONTA174      0.031   0.000372
        8        84  TARGE170      0.000   0.000000
        9       161  CONTA174      0.047   0.000291
       10       161  TARGE170      0.000   0.000000
       11        60  SURF154       0.000   0.000000
 Time at end of element matrix formulation CP = 1.671875.                

 SPARSE MATRIX DIRECT SOLVER.
  Number of equations =       14612,    Maximum wavefront =    440


  Memory allocated on this process
  -------------------------------------------------------------------
  Equation solver memory allocated                     =   203.337 MB
  Equation solver memory required for in-core mode     =   195.128 MB
  Equation solver memory required for out-of-core mode =    85.446 MB
  Total (solver and non-solver) memory allocated       =   717.528 MB

 *** NOTE ***                            CP =       1.750   TIME= 17:40:38
 The Sparse Matrix Solver is currently running in the in-core memory     
 mode.  This memory mode uses the most amount of memory in order to      
 avoid using the hard drive as much as possible, which most often        
 results in the fastest solution time.  This mode is recommended if      
 enough physical memory is present to accommodate all of the solver      
 data.                                                                   
 Sparse solver maximum pivot= 6.102068368E+24 at node 3196 VOLT.         
 Sparse solver minimum pivot= 2.813635406E-08 at node 958 VOLT.          
 Sparse solver minimum pivot in absolute value= 2.813635406E-08 at node  
 958 VOLT.                                                               

   *** ELEMENT RESULT CALCULATION TIMES
     TYPE    NUMBER   ENAME      TOTAL CP  AVE CP

        1       108  SOLID226      0.047   0.000434
        2       180  SOLID226      0.062   0.000347
        3        91  SOLID226      0.031   0.000343
        4       152  SOLID226      0.000   0.000000
        5       178  CONTA174      0.031   0.000176
        7        84  CONTA174      0.000   0.000000
        9       161  CONTA174      0.000   0.000000
       11        60  SURF154       0.000   0.000000

   *** NODAL LOAD CALCULATION TIMES
     TYPE    NUMBER   ENAME      TOTAL CP  AVE CP

        1       108  SOLID226      0.000   0.000000
        2       180  SOLID226      0.000   0.000000
        3        91  SOLID226      0.000   0.000000
        4       152  SOLID226      0.000   0.000000
        5       178  CONTA174      0.000   0.000000
        7        84  CONTA174      0.000   0.000000
        9       161  CONTA174      0.000   0.000000
       11        60  SURF154       0.000   0.000000
 *** LOAD STEP     1   SUBSTEP     1  COMPLETED.  FREQUENCY=   1.12000    
 *** LOAD STEP     1   SUBSTEP     2  COMPLETED.  FREQUENCY=   2.24000    
 *** LOAD STEP     1   SUBSTEP     3  COMPLETED.  FREQUENCY=   3.36000    
 *** LOAD STEP     1   SUBSTEP     4  COMPLETED.  FREQUENCY=   4.48000    
 *** LOAD STEP     1   SUBSTEP     5  COMPLETED.  FREQUENCY=   5.60000    
 *** LOAD STEP     1   SUBSTEP     6  COMPLETED.  FREQUENCY=   6.72000    
 *** LOAD STEP     1   SUBSTEP     7  COMPLETED.  FREQUENCY=   7.84000    
 *** LOAD STEP     1   SUBSTEP     8  COMPLETED.  FREQUENCY=   8.96000    
 *** LOAD STEP     1   SUBSTEP     9  COMPLETED.  FREQUENCY=   10.0800    
 *** LOAD STEP     1   SUBSTEP    10  COMPLETED.  FREQUENCY=   11.2000    
 *** LOAD STEP     1   SUBSTEP    11  COMPLETED.  FREQUENCY=   12.3200    
 *** LOAD STEP     1   SUBSTEP    12  COMPLETED.  FREQUENCY=   13.4400    
 *** LOAD STEP     1   SUBSTEP    13  COMPLETED.  FREQUENCY=   14.5600    
 *** LOAD STEP     1   SUBSTEP    14  COMPLETED.  FREQUENCY=   15.6800    
 *** LOAD STEP     1   SUBSTEP    15  COMPLETED.  FREQUENCY=   16.8000    
 *** LOAD STEP     1   SUBSTEP    16  COMPLETED.  FREQUENCY=   17.9200    
 *** LOAD STEP     1   SUBSTEP    17  COMPLETED.  FREQUENCY=   19.0400    
 *** LOAD STEP     1   SUBSTEP    18  COMPLETED.  FREQUENCY=   20.1600    
 *** LOAD STEP     1   SUBSTEP    19  COMPLETED.  FREQUENCY=   21.2800    
 *** LOAD STEP     1   SUBSTEP    20  COMPLETED.  FREQUENCY=   22.4000    
 *** LOAD STEP     1   SUBSTEP    21  COMPLETED.  FREQUENCY=   23.5200    
 *** LOAD STEP     1   SUBSTEP    22  COMPLETED.  FREQUENCY=   24.6400    
 *** LOAD STEP     1   SUBSTEP    23  COMPLETED.  FREQUENCY=   25.7600    
 *** LOAD STEP     1   SUBSTEP    24  COMPLETED.  FREQUENCY=   26.8800    
 *** LOAD STEP     1   SUBSTEP    25  COMPLETED.  FREQUENCY=   28.0000    


 *** MAPDL BINARY FILE STATISTICS
  BUFFER SIZE USED= 16384
        3.812 MB WRITTEN ON ELEMENT SAVED DATA FILE: file0.esav
       17.375 MB WRITTEN ON ASSEMBLED MATRIX FILE: file0.full
       10.562 MB WRITTEN ON RESULTS FILE: file0.rst
 *************** Write FE CONNECTORS *********

 WRITE OUT CONSTRAINT EQUATIONS TO FILE= file.ce                                                                                                                                                                                                                                                             

 FINISH SOLUTION PROCESSING


 ***** ROUTINE COMPLETED *****  CP =         8.688



 PRINTOUT RESUMED BY /GOP

 *GET  _WALLASOL  FROM  ACTI  ITEM=TIME WALL  VALUE=  17.6791667    

 *** MAPDL - ENGINEERING ANALYSIS SYSTEM  RELEASE 2025 R2          25.2     ***
 Ansys Mechanical Enterprise Academic Student      
 01055371  VERSION=WINDOWS x64   17:40:45  DEC 18, 2025 CP=      8.688

 uk_ad_bimorficzny_polimer__1--Coupled Field Harmonic (D5)                     



          ***** MAPDL RESULTS INTERPRETATION (POST1) *****

 *** NOTE ***                            CP =       8.688   TIME= 17:40:45
 Reading results into the database (SET command) will update the current 
 displacement and force boundary conditions in the database with the     
 values from the results file for that load set.  Note that any          
 subsequent solutions will use these values unless action is taken to    
 either SAVE the current values or not overwrite them (/EXIT,NOSAVE).    

 Set Encoding of XML File to:ISO-8859-1

 Set Output of XML File to:
     PARM,     ,     ,     ,     ,     ,     ,     ,     ,     ,     ,     ,
         ,     ,     ,     ,     ,     ,     ,

 DATABASE WRITTEN ON FILE  parm.xml                                                                                                                                                                                                                                                            

 EXIT THE MAPDL POST1 DATABASE PROCESSOR


 ***** ROUTINE COMPLETED *****  CP =         8.688



 PRINTOUT RESUMED BY /GOP

 *GET  _WALLDONE  FROM  ACTI  ITEM=TIME WALL  VALUE=  17.6791667    

 PARAMETER _PREPTIME =     0.000000000    

 PARAMETER _SOLVTIME =     7.000000000    

 PARAMETER _POSTTIME =     0.000000000    

 PARAMETER _TOTALTIM =     7.000000000    

 *GET  _DLBRATIO  FROM  ACTI  ITEM=SOLU DLBR  VALUE=  0.00000000    

 *GET  _COMBTIME  FROM  ACTI  ITEM=SOLU COMB  VALUE= 0.680158000E-01

 *GET  _SSMODE   FROM  ACTI  ITEM=SOLU SSMM  VALUE=  2.00000000    

 *GET  _NDOFS    FROM  ACTI  ITEM=SOLU NDOF  VALUE=  14612.0000    

 /FCLEAN COMMAND REMOVING ALL LOCAL FILES
 --- Total number of nodes = 3905
 --- Total number of elements = 1437
 --- Element load balance ratio = 0
 --- Time to combine distributed files = 6.80158E-02
 --- Sparse memory mode = 2
 --- Number of DOF = 14612

 EXIT MAPDL WITHOUT SAVING DATABASE


 NUMBER OF WARNING MESSAGES ENCOUNTERED=         20
 NUMBER OF ERROR   MESSAGES ENCOUNTERED=          0

+--------------------- M A P D L   S T A T I S T I C S ------------------------+

Release: 2025 R2            Build: 25.2       Update: UP20250519   Platform: WINDOWS x64 
Date Run: 12/18/2025   Time: 17:41     Process ID: 34280
Operating System: Windows 11  (Build: 26200)

Processor Model: AMD Ryzen 9 5900X 12-Core Processor

Compiler: Intel(R) Fortran Compiler Classic Version 2021.9  (Build: 20230302)
          Intel(R) C/C++ Compiler Classic Version 2021.9  (Build: 20230302)
          AOCL-BLAS 5.0.1 Build 20250320

Number of machines requested            :    1
Total number of cores available         :   24
Number of physical cores available      :   12
Number of processes requested           :    4
Number of threads per process requested :    1
Total number of cores requested         :    4 (Distributed Memory Parallel)               
MPI Type: INTELMPI
MPI Version: Intel(R) MPI Library 2021.14 for Windows* OS


GPU Acceleration: Not Requested

Job Name: file0
Input File: dummy.dat

  Core                Machine Name   Working Directory
 -----------------------------------------------------
     0             DESKTOP-V0OVKMM   C:\Users\admin\Desktop\LIDIX\ansys\_ProjectScratch\Scr024A
     1             DESKTOP-V0OVKMM   C:\Users\admin\Desktop\LIDIX\ansys\_ProjectScratch\Scr024A
     2             DESKTOP-V0OVKMM   C:\Users\admin\Desktop\LIDIX\ansys\_ProjectScratch\Scr024A
     3             DESKTOP-V0OVKMM   C:\Users\admin\Desktop\LIDIX\ansys\_ProjectScratch\Scr024A
 
Latency time from master to core     1 =    4.920 microseconds
Latency time from master to core     2 =    4.931 microseconds
Latency time from master to core     3 =    4.968 microseconds
 
Communication speed from master to core     1 = 18860.81 MB/sec
Communication speed from master to core     2 =  8680.37 MB/sec
Communication speed from master to core     3 =  8808.34 MB/sec

Total CPU time for main thread                    :        7.9 seconds
Total CPU time summed for all threads             :        8.8 seconds

Elapsed time spent obtaining a license            :        0.5 seconds
Elapsed time spent pre-processing model (/PREP7)  :        0.0 seconds
Elapsed time spent solution - preprocessing       :        0.1 seconds
Elapsed time spent computing solution             :        7.3 seconds
Elapsed time spent solution - postprocessing      :        0.1 seconds
Elapsed time spent post-processing model (/POST1) :        0.0 seconds
 
Equation solver used                              :            Sparse (symmetric)
Equation solver computational rate                :       11.0 Gflops

Sum of disk space used on all processes           :      153.7 MB

Sum of memory used on all processes               :      956.0 MB
Sum of memory allocated on all processes          :     3396.0 MB
Physical memory available                         :         64 GB
Total amount of I/O written to disk               :        0.3 GB
Total amount of I/O read from disk                :        0.5 GB

+------------------ E N D   M A P D L   S T A T I S T I C S -------------------+


 *-----------------------------------------------------------------------------*
 |                                                                             |
 |                               RUN COMPLETED                                 |
 |                                                                             |
 |-----------------------------------------------------------------------------|
 |                                                                             |
 |  Ansys MAPDL 2025 R2         Build 25.2         UP20250519    WINDOWS x64   |
 |                                                                             |
 |-----------------------------------------------------------------------------|
 |                                                                             |
 |  Database Requested(-db)     1024 MB     Scratch Memory Requested   1024 MB |
 |  Max Database Used(Master)      3 MB     Max Scratch Used(Master)    236 MB |
 |  Max Database Used(Workers)     3 MB     Max Scratch Used(Workers)   236 MB |
 |  Sum Database Used(All)        12 MB     Sum Scratch Used(All)       944 MB |
 |                                                                             |
 |-----------------------------------------------------------------------------|
 |                                                                             |
 |        CP Time      (sec) =          8.812       Time  =  17:41:00          |
 |        Elapsed Time (sec) =         24.000       Date  =  12/18/2025        |
 |                                                                             |
 *-----------------------------------------------------------------------------*
