
 Ansys Mechanical Enterprise Academic Student      


 *------------------------------------------------------------------*
 |                                                                  |
 |   W E L C O M E   T O   T H E   A N S Y S (R)  P R O G R A M     |
 |                                                                  |
 *------------------------------------------------------------------*




 ***************************************************************
 *         ANSYS MAPDL 2025 R2          LEGAL NOTICES          *
 ***************************************************************
 *                                                             *
 * Copyright 1971-2025 Ansys, Inc.  All rights reserved.       *
 * Unauthorized use, distribution or duplication is            *
 * prohibited.                                                 *
 *                                                             *
 * Ansys is a registered trademark of Ansys, Inc. or its       *
 * subsidiaries in the United States or other countries.       *
 * See the Ansys, Inc. online documentation or the Ansys, Inc. *
 * documentation CD or online help for the complete Legal      *
 * Notice.                                                     *
 *                                                             *
 ***************************************************************
 *                                                             *
 * THIS ANSYS SOFTWARE PRODUCT AND PROGRAM DOCUMENTATION       *
 * INCLUDE TRADE SECRETS AND CONFIDENTIAL AND PROPRIETARY      *
 * PRODUCTS OF ANSYS, INC., ITS SUBSIDIARIES, OR LICENSORS.    *
 * The software products and documentation are furnished by    *
 * Ansys, Inc. or its subsidiaries under a software license    *
 * agreement that contains provisions concerning               *
 * non-disclosure, copying, length and nature of use,          *
 * compliance with exporting laws, warranties, disclaimers,    *
 * limitations of liability, and remedies, and other           *
 * provisions.  The software products and documentation may be *
 * used, disclosed, transferred, or copied only in accordance  *
 * with the terms and conditions of that software license      *
 * agreement.                                                  *
 *                                                             *
 * Ansys, Inc. is a UL registered                              *
 * ISO 9001:2015 company.                                      *
 *                                                             *
 ***************************************************************
 *                                                             *
 * This product is subject to U.S. laws governing export and   *
 * re-export.                                                  *
 *                                                             *
 * For U.S. Government users, except as specifically granted   *
 * by the Ansys, Inc. software license agreement, the use,     *
 * duplication, or disclosure by the United States Government  *
 * is subject to restrictions stated in the Ansys, Inc.        *
 * software license agreement and FAR 12.212 (for non-DOD      *
 * licenses).                                                  *
 *                                                             *
 ***************************************************************

 2025 R2 
     
 Point Releases and Patches installed:   
     
 Discovery 2025 R2   
 Core WB Files 2025 R2   
 optiSLang 2025 R2   
 CFX (includes CFD-Post) 2025 R2 
 Chemkin 2025 R2 
 EnSight 2025 R2 
 FENSAP-ICE 2025 R2  
 Fluent (includes CFD-Post) 2025 R2  
 Polyflow (includes CFD-Post) 2025 R2
 Forte (includes EnSight) 2025 R2
 Rocky 2025 R2   
 TurboGrid 2025 R2   
 ACIS Geometry Interface 2025 R2 
 AutoCAD Geometry Interface 2025 R2  
 Catia, Version 4 Geometry Interface 2025 R2 
 Catia, Version 5 Geometry Interface 2025 R2 
 Catia, Version 6 Geometry Interface 2025 R2 
 Creo Elements/Direct Modeling Geometry Interface 2025 R2
 Creo Parametric Geometry Interface 2025 R2  
 Inventor Geometry Interface 2025 R2 
 JTOpen Geometry Interface 2025 R2   
 NX Geometry Interface 2025 R2   
 Parasolid Geometry Interface  2025 R2   
 Solid Edge Geometry Interface 2025 R2   
 SOLIDWORKS Geometry Interface 2025 R2   
 Speos 2025 R2   
 SpaceClaim 2025 R2  
 Speos RPC 2025 R2   
 Zemax OpticStudio 2025 R2   
 Dynamic Reporting 2025 R2   
 Aqwa 2025 R2
 Autodyn 2025 R2 
 Material Calibration App 2025 R2
 Mechanical Products 2025 R2 
 Motion 2025 R2  
 Academic Student 2025 R2


          *****  MAPDL COMMAND LINE ARGUMENTS  *****
  BATCH MODE REQUESTED (-b)    = NOLIST
  INPUT FILE COPY MODE (-c)    = COPY
  DISTRIBUTED MEMORY PARALLEL REQUESTED
       4 PARALLEL PROCESSES REQUESTED WITH SINGLE THREAD PER PROCESS
    TOTAL OF     4 CORES REQUESTED
  INPUT FILE NAME              = C:\Users\admin\Desktop\LIDIX\ansys\_ProjectScratch\ScrA6D8\dummy.dat
  OUTPUT FILE NAME             = C:\Users\admin\Desktop\LIDIX\ansys\_ProjectScratch\ScrA6D8\solve.out
  START-UP FILE MODE           = NOREAD
  STOP FILE MODE               = NOREAD

 RELEASE= 2025 R2              BUILD= 25.2      UP20250519   VERSION=WINDOWS x64 
 CURRENT JOBNAME=file0  17:29:16  DEC 18, 2025 CP=      0.016


 PARAMETER _DS_PROGRESS =     999.0000000    

 /INPUT FILE= ds.dat  LINE=       0



 *** NOTE ***                            CP =       0.141   TIME= 17:29:16
 The /CONFIG,NOELDB command is not valid in a distributed memory         
 parallel solution.  Command is ignored.                                 

 *GET  _WALLSTRT  FROM  ACTI  ITEM=TIME WALL  VALUE=  17.4877778    

 TITLE= 
 uk_ad_bimorficzny_polimer__1--Harmonic Response (C5)                          

  ACT Extensions:
      LSDYNA, 2025.2
      5f463412-bd3e-484b-87e7-cbc0a665e474, wbex
 /COM,     ANSYSMotion, 2025.2
      20180725-3f81-49eb-9f31-41364844c769, wbex
  

 SET PARAMETER DIMENSIONS ON  _WB_PROJECTSCRATCH_DIR
  TYPE=STRI  DIMENSIONS=      248        1        1

 PARAMETER _WB_PROJECTSCRATCH_DIR(1) = C:\Users\admin\Desktop\LIDIX\ansys\_ProjectScratch\ScrA6D8\
 --- Data in consistent MKS units. See Solving Units in the help system for more

 MKS UNITS SPECIFIED FOR INTERNAL    
  LENGTH        (l)  = METER (M)
  MASS          (M)  = KILOGRAM (KG)
  TIME          (t)  = SECOND (SEC)
  TEMPERATURE   (T)  = CELSIUS (C)
  TOFFSET            = 273.0
  CHARGE        (Q)  = COULOMB
  FORCE         (f)  = NEWTON (N) (KG-M/SEC2)
  HEAT               = JOULE (N-M)

  PRESSURE           = PASCAL (NEWTON/M**2)
  ENERGY        (W)  = JOULE (N-M)
  POWER         (P)  = WATT (N-M/SEC)
  CURRENT       (i)  = AMPERE (COULOMBS/SEC)
  CAPACITANCE   (C)  = FARAD
  INDUCTANCE    (L)  = HENRY
  MAGNETIC FLUX      = WEBER
  RESISTANCE    (R)  = OHM
  ELECTRIC POTENTIAL = VOLT

 INPUT  UNITS ARE ALSO SET TO MKS 

 *** MAPDL - ENGINEERING ANALYSIS SYSTEM  RELEASE 2025 R2          25.2     ***
 Ansys Mechanical Enterprise Academic Student      
 01055371  VERSION=WINDOWS x64   17:29:16  DEC 18, 2025 CP=      0.156

 uk_ad_bimorficzny_polimer__1--Harmonic Response (C5)                          



          ***** MAPDL ANALYSIS DEFINITION (PREP7) *****
 *********** Send User Defined Coordinate System(s) ***********
 *********** Nodes for the whole assembly ***********
 *********** Elements for Body 1 'piezo' ***********
 *********** Elements for Body 2 'masa' ***********
 *********** Elements for Body 3 'piezo' ***********
 *********** Elements for Body 4 'belka' ***********
 *********** Set Reference Temperature ***********
 *********** Send Materials ***********
 *********** Create Contact "Contact Region" ***********
             Real Constant Set For Above Contact Is 6 & 5
 *********** Create Contact "Contact Region 2" ***********
             Real Constant Set For Above Contact Is 8 & 7
 *********** Create Contact "Contact Region 3" ***********
             Real Constant Set For Above Contact Is 10 & 9
 *********** Send Named Selection as Element Component ***********
 *********** Send Named Selection as Element Component ***********
 *********** Fixed Supports ***********
 *********** Define Force Using Surface Effect Elements ***********


 ***** ROUTINE COMPLETED *****  CP =         0.250


 --- Number of total nodes = 3905
 --- Number of contact elements = 906
 --- Number of spring elements = 0
 --- Number of bearing elements = 0
 --- Number of solid elements = 531
 --- Number of condensed parts = 0
 --- Number of total elements = 1437

 *GET  _WALLBSOL  FROM  ACTI  ITEM=TIME WALL  VALUE=  17.4877778    
 *********** Performing Modal Solve ***********

 *****  MAPDL SOLUTION ROUTINE  *****


 PERFORM A MODAL ANALYSIS
  THIS WILL BE A NEW ANALYSIS


 MODE ANALYSIS MULTIPLE LOAD STEP IS ON

 THERMAL STRAINS ARE NOT INCLUDED IN THE LOAD VECTOR.


 EXPAND ALL EXTRACTED MODES
  CALCULATE ELEMENT RESULTS AND NODAL DOF SOLUTION
  CALCULATE STRESSES IN ANY DOWNSTREAM MODE SUPERPOSITION EXPANSION PASS

 ERASE THE CURRENT DATABASE OUTPUT CONTROL TABLE.


 WRITE ALL  ITEMS TO THE DATABASE WITH A FREQUENCY OF NONE
   FOR ALL APPLICABLE ENTITIES

 WRITE NSOL ITEMS TO THE DATABASE WITH A FREQUENCY OF ALL 
   FOR ALL APPLICABLE ENTITIES

 WRITE EANG ITEMS TO THE DATABASE WITH A FREQUENCY OF ALL 
   FOR ALL APPLICABLE ENTITIES

 WRITE VENG ITEMS TO THE DATABASE WITH A FREQUENCY OF ALL 
   FOR ALL APPLICABLE ENTITIES

 WRITE STRS ITEMS TO THE DATABASE WITH A FREQUENCY OF ALL 
   FOR ALL APPLICABLE ENTITIES

 WRITE EPEL ITEMS TO THE DATABASE WITH A FREQUENCY OF ALL 
   FOR ALL APPLICABLE ENTITIES

 WRITE RSOL ITEMS TO THE DATABASE WITH A FREQUENCY OF ALL 
   FOR ALL APPLICABLE ENTITIES

 WRITE CONT ITEMS TO THE DATABASE WITH A FREQUENCY OF ALL 
   FOR ALL APPLICABLE ENTITIES


 USE SYM. BLOCK LANCZOS MODE EXTRACTION METHOD
  EXTRACT   200 MODES
  EXTRACT FREQUENCIES IN THE RANGE   0.0000     TO   50.000    
  NORMALIZE THE MODE SHAPES TO THE MASS MATRIX

 DELETE ALL SPECIFIED NODAL LOADS FROM NODE         1 TO      3905 BY       1

 NUMBER OF NODAL LOADS DELETED=       0

 ACEL=    0.0000      0.0000      0.0000    
 *********** Setting and Solving Each Load Step ***********

 SELECT       FOR ITEM=TYPE COMPONENT=    
  IN RANGE        11 TO         11 STEP          1

         60  ELEMENTS (OF       1437  DEFINED) SELECTED BY  ESEL  COMMAND.

 SELECT      ALL NODES HAVING ANY ELEMENT IN ELEMENT SET.

        215 NODES (OF       3905  DEFINED) SELECTED FROM
       60 SELECTED ELEMENTS BY NSLE COMMAND.

 SPECIFIED SURFACE LOAD PRES FOR ALL SELECTED ELEMENTS  LKEY =  2   KVAL = 1
     VALUES =     1.0000         1.0000         1.0000         1.0000    

 ALL SELECT   FOR ITEM=NODE COMPONENT=    
  IN RANGE         1 TO       3905 STEP          1

       3905  NODES (OF       3905  DEFINED) SELECTED BY NSEL  COMMAND.

 ALL SELECT   FOR ITEM=ELEM COMPONENT=    
  IN RANGE         1 TO       2503 STEP          1

       1437  ELEMENTS (OF       1437  DEFINED) SELECTED BY  ESEL  COMMAND.

 *** NOTE ***                            CP =       0.281   TIME= 17:29:16
 The automatic domain decomposition logic has selected the MESH domain   
 decomposition method with 4 processes per solution.                     

 *****  MAPDL SOLVE    COMMAND  *****

 *** WARNING ***                         CP =       0.281   TIME= 17:29:16
 Element shape checking is currently inactive.  Issue SHPP,ON or         
 SHPP,WARN to reactivate, if desired.                                    

 *** NOTE ***                            CP =       0.281   TIME= 17:29:16
 The model data was checked and warning messages were found.             
  Please review output or errors file (                                  
 C:\Users\admin\Desktop\LIDIX\ansys\_ProjectScratch\ScrA6D8\file0.err )  
 for these warning messages.                                             

 *** SELECTION OF ELEMENT TECHNOLOGIES FOR APPLICABLE ELEMENTS ***
      --- GIVE SUGGESTIONS AND RESET THE KEY OPTIONS ---

 ELEMENT TYPE         1 IS SOLID186. KEYOPT(2)=0 IS SUGGESTED AND HAS BEEN RESET.
  KEYOPT(1-12)=    0    0    0    0    0    0    0    0    0    0    0    0

 ELEMENT TYPE         2 IS SOLID186. KEYOPT(2)=0 IS SUGGESTED AND HAS BEEN RESET.
  KEYOPT(1-12)=    0    0    0    0    0    0    0    0    0    0    0    0

 ELEMENT TYPE         3 IS SOLID186. KEYOPT(2)=0 IS SUGGESTED AND HAS BEEN RESET.
  KEYOPT(1-12)=    0    0    0    0    0    0    0    0    0    0    0    0

 ELEMENT TYPE         4 IS SOLID186. KEYOPT(2)=0 IS SUGGESTED AND HAS BEEN RESET.
  KEYOPT(1-12)=    0    0    0    0    0    0    0    0    0    0    0    0



 *** MAPDL - ENGINEERING ANALYSIS SYSTEM  RELEASE 2025 R2          25.2     ***
 Ansys Mechanical Enterprise Academic Student      
 01055371  VERSION=WINDOWS x64   17:29:16  DEC 18, 2025 CP=      0.281

 uk_ad_bimorficzny_polimer__1--Harmonic Response (C5)                          



                       S O L U T I O N   O P T I O N S

   PROBLEM DIMENSIONALITY. . . . . . . . . . . . .3-D                  
   DEGREES OF FREEDOM. . . . . . UX   UY   UZ  
   ANALYSIS TYPE . . . . . . . . . . . . . . . . .MODAL                
      EXTRACTION METHOD. . . . . . . . . . . . . .BLOCK LANCZOS
   OFFSET TEMPERATURE FROM ABSOLUTE ZERO . . . . .  273.15    
   THERMAL EXPANSION . . . . . . . . . . . . . . .OFF
   NUMBER OF MODES TO EXTRACT. . . . . . . . . . .   200
   MODAL EXTRACTION RANGE. . . . . . . . . . . . .  0.0000     TO   50.000    
   GLOBALLY ASSEMBLED MATRIX . . . . . . . . . . .SYMMETRIC  
   NUMBER OF MODES TO EXPAND . . . . . . . . . . .ALL
   ELEMENT RESULTS CALCULATION . . . . . . . . . .ON 

 *** WARNING ***                         CP =       0.344   TIME= 17:29:16
 Material number 11 (used by element 2444) should normally have at least 
 one MP or one TB type command associated with it.  Output of energy by  
 material may not be available.                                          

 *** NOTE ***                            CP =       0.344   TIME= 17:29:16
 The step data was checked and warning messages were found.              
  Please review output or errors file (                                  
 C:\Users\admin\Desktop\LIDIX\ansys\_ProjectScratch\ScrA6D8\file0.err )  
 for these warning messages.                                             

 *** NOTE ***                            CP =       0.344   TIME= 17:29:16
 The conditions for direct assembly have been met.  No .emat or .erot    
 files will be produced.                                                 

 *** NOTE ***                            CP =       0.500   TIME= 17:29:16
 Symmetric Deformable- deformable contact pair identified by real        
 constant set 5 and contact element type 5 has been set up.  The         
 companion pair has real constant set ID 6.  Both pairs should have the  
 same behavior.                                                          
 MAPDL will keep the current pair and deactivate its companion pair,     
 resulting in asymmetric contact.                                        
 Linear contact is defined
 Contact algorithm: Augmented Lagrange method
 Contact detection at: Gauss integration point
 Contact stiffness factor FKN                  10.000    
 The resulting initial contact stiffness      0.20000E+15
 Default penetration tolerance factor FTOLN   0.10000    
 The resulting penetration tolerance          0.20000E-03
 Default opening contact stiffness OPSF will be used.
 Default tangent stiffness factor FKT          1.0000    
 Use constant contact stiffness
 Default Max. friction stress TAUMAX          0.10000E+21
 Average contact surface length               0.31808E-02
 Average contact pair depth                   0.20000E-02
 Average target surface length                0.51316E-02
 Default pinball region factor PINB           0.25000    
 The resulting pinball region                 0.50000E-03
 Initial penetration/gap is excluded.
 Bonded contact (always) is defined.

 *** NOTE ***                            CP =       0.516   TIME= 17:29:16
 Max.  Initial penetration 0 was detected between contact element 1706   
 and target element 1909.                                                
 ****************************************
  

 *** NOTE ***                            CP =       0.516   TIME= 17:29:16
 Symmetric Deformable- deformable contact pair identified by real        
 constant set 6 and contact element type 5 has been set up.  The         
 companion pair has real constant set ID 5.  Both pairs should have the  
 same behavior.                                                          
 MAPDL will deactivate the current pair and keep its companion pair,     
 resulting in asymmetric contact.                                        
 Linear contact is defined
 Contact algorithm: Augmented Lagrange method
 Contact detection at: Gauss integration point
 Contact stiffness factor FKN                  10.000    
 The resulting initial contact stiffness      0.20000E+15
 Default penetration tolerance factor FTOLN   0.10000    
 The resulting penetration tolerance          0.15596E-03
 Default opening contact stiffness OPSF will be used.
 Default tangent stiffness factor FKT          1.0000    
 Use constant contact stiffness
 Default Max. friction stress TAUMAX          0.10000E+21
 Average contact surface length               0.51986E-02
 Average contact pair depth                   0.15596E-02
 Average target surface length                0.30157E-02
 Default pinball region factor PINB           0.25000    
 The resulting pinball region                 0.38990E-03
 Initial penetration/gap is excluded.
 Bonded contact (always) is defined.

 *** NOTE ***                            CP =       0.516   TIME= 17:29:16
 Max.  Initial penetration 0 was detected between contact element 1815   
 and target element 1677.                                                
 ****************************************
  

 *** NOTE ***                            CP =       0.516   TIME= 17:29:16
 Symmetric Deformable- deformable contact pair identified by real        
 constant set 7 and contact element type 7 has been set up.  The         
 companion pair has real constant set ID 8.  Both pairs should have the  
 same behavior.                                                          
 MAPDL will keep the current pair and deactivate its companion pair,     
 resulting in asymmetric contact.                                        
 Linear contact is defined
 Contact algorithm: Augmented Lagrange method
 Contact detection at: Gauss integration point
 Contact stiffness factor FKN                  10.000    
 The resulting initial contact stiffness      0.24600E+17
 Default penetration tolerance factor FTOLN   0.10000    
 The resulting penetration tolerance          0.33333E-03
 Default opening contact stiffness OPSF will be used.
 Default tangent stiffness factor FKT          1.0000    
 Use constant contact stiffness
 Default Max. friction stress TAUMAX          0.10000E+21
 Average contact surface length               0.30867E-02
 Average contact pair depth                   0.33333E-02
 Average target surface length                0.51316E-02
 Default pinball region factor PINB           0.25000    
 The resulting pinball region                 0.83333E-03
 Initial penetration/gap is excluded.
 Bonded contact (always) is defined.

 *** NOTE ***                            CP =       0.516   TIME= 17:29:16
 Max.  Initial penetration 4.33680869E-19 was detected between contact   
 element 2014 and target element 2098.                                   
 ****************************************
  

 *** NOTE ***                            CP =       0.516   TIME= 17:29:16
 Symmetric Deformable- deformable contact pair identified by real        
 constant set 8 and contact element type 7 has been set up.  The         
 companion pair has real constant set ID 7.  Both pairs should have the  
 same behavior.                                                          
 MAPDL will deactivate the current pair and keep its companion pair,     
 resulting in asymmetric contact.                                        
 Linear contact is defined
 Contact algorithm: Augmented Lagrange method
 Contact detection at: Gauss integration point
 Contact stiffness factor FKN                  10.000    
 The resulting initial contact stiffness      0.24600E+17
 Default penetration tolerance factor FTOLN   0.10000    
 The resulting penetration tolerance          0.15201E-03
 Default opening contact stiffness OPSF will be used.
 Default tangent stiffness factor FKT          1.0000    
 Use constant contact stiffness
 Default Max. friction stress TAUMAX          0.10000E+21
 Average contact surface length               0.50671E-02
 Average contact pair depth                   0.15201E-02
 Average target surface length                0.31667E-02
 Default pinball region factor PINB           0.25000    
 The resulting pinball region                 0.38003E-03
 Initial penetration/gap is excluded.
 Bonded contact (always) is defined.

 *** NOTE ***                            CP =       0.531   TIME= 17:29:16
 Max.  Initial penetration 2.168404345E-19 was detected between contact  
 element 2074 and target element 1955.                                   
 ****************************************
  

 *** NOTE ***                            CP =       0.531   TIME= 17:29:16
 Symmetric Deformable- deformable contact pair identified by real        
 constant set 9 and contact element type 9 has been set up.  The         
 companion pair has real constant set ID 10.  Both pairs should have     
 the same behavior.                                                      
 MAPDL will keep the current pair and deactivate its companion pair,     
 resulting in asymmetric contact.                                        
 Linear contact is defined
 Contact algorithm: Augmented Lagrange method
 Contact detection at: Gauss integration point
 Contact stiffness factor FKN                  10.000    
 The resulting initial contact stiffness      0.20000E+15
 Default penetration tolerance factor FTOLN   0.10000    
 The resulting penetration tolerance          0.20000E-03
 Default opening contact stiffness OPSF will be used.
 Default tangent stiffness factor FKT          1.0000    
 Use constant contact stiffness
 Default Max. friction stress TAUMAX          0.10000E+21
 Average contact surface length               0.35376E-02
 Average contact pair depth                   0.20000E-02
 Average target surface length                0.51316E-02
 Default pinball region factor PINB           0.25000    
 The resulting pinball region                 0.50000E-03
 Initial penetration/gap is excluded.
 Bonded contact (always) is defined.

 *** NOTE ***                            CP =       0.531   TIME= 17:29:16
 Max.  Initial penetration 4.33680869E-19 was detected between contact   
 element 2223 and target element 2411.                                   
 ****************************************
  

 *** NOTE ***                            CP =       0.531   TIME= 17:29:16
 Symmetric Deformable- deformable contact pair identified by real        
 constant set 10 and contact element type 9 has been set up.  The        
 companion pair has real constant set ID 9.  Both pairs should have the  
 same behavior.                                                          
 MAPDL will deactivate the current pair and keep its companion pair,     
 resulting in asymmetric contact.                                        
 Linear contact is defined
 Contact algorithm: Augmented Lagrange method
 Contact detection at: Gauss integration point
 Contact stiffness factor FKN                  10.000    
 The resulting initial contact stiffness      0.20000E+15
 Default penetration tolerance factor FTOLN   0.10000    
 The resulting penetration tolerance          0.15201E-03
 Default opening contact stiffness OPSF will be used.
 Default tangent stiffness factor FKT          1.0000    
 Use constant contact stiffness
 Default Max. friction stress TAUMAX          0.10000E+21
 Average contact surface length               0.50671E-02
 Average contact pair depth                   0.15201E-02
 Average target surface length                0.33753E-02
 Default pinball region factor PINB           0.25000    
 The resulting pinball region                 0.38003E-03
 Initial penetration/gap is excluded.
 Bonded contact (always) is defined.

 *** NOTE ***                            CP =       0.531   TIME= 17:29:16
 Max.  Initial penetration 2.168404345E-19 was detected between contact  
 element 2316 and target element 2198.                                   
 ****************************************
  

 *** WARNING ***                         CP =       0.531   TIME= 17:29:16
 Maximum contact stiffness 2.46E+16 is too big which can cause an        
 accuracy problem, you may scale the force units in the model.           
  
  

  
  
     D I S T R I B U T E D   D O M A I N   D E C O M P O S E R
  
  ...Number of elements: 1437
  ...Number of nodes:    3905
  ...Decompose to 4 CPU domains
  ...Element load balance ratio =     1.356


                      L O A D   S T E P   O P T I O N S

   LOAD STEP NUMBER. . . . . . . . . . . . . . . .     1
   THERMAL STRAINS INCLUDED IN THE LOAD VECTOR . .    NO
   PRINT OUTPUT CONTROLS . . . . . . . . . . . . .NO PRINTOUT
   DATABASE OUTPUT CONTROLS
      ITEM     FREQUENCY   COMPONENT
       ALL       NONE               
      NSOL        ALL               
      EANG        ALL               
      VENG        ALL               
      STRS        ALL               
      EPEL        ALL               
      RSOL        ALL               
      CONT        ALL               



                         ***********  PRECISE MASS SUMMARY  ***********

   TOTAL RIGID BODY MASS MATRIX ABOUT ORIGIN
               Translational mass               |   Coupled translational/rotational mass
        0.15417        0.0000        0.0000     |     0.0000       0.12580E-01  -0.71233E-03
         0.0000       0.15417        0.0000     |   -0.12580E-01    0.0000       0.30835E-02
         0.0000        0.0000       0.15417     |    0.71233E-03  -0.30835E-02    0.0000    
     ------------------------------------------ | ------------------------------------------
                                                |         Rotational mass (inertia)
                                                |    0.11180E-02  -0.14246E-04  -0.25162E-03
                                                |   -0.14246E-04   0.11944E-02  -0.65051E-04
                                                |   -0.25162E-03  -0.65051E-04   0.86687E-04

   TOTAL MASS = 0.15417    
     The mass principal axes coincide with the global Cartesian axes

   CENTER OF MASS (X,Y,Z)=   0.20001E-01   0.46205E-02   0.81603E-01

   TOTAL INERTIA ABOUT CENTER OF MASS
        0.88099E-04   0.11833E-08   0.77227E-08
        0.11833E-08   0.10610E-03  -0.69228E-05
        0.77227E-08  -0.69228E-05   0.21720E-04

   PRINCIPAL INERTIAS =   0.88099E-04   0.10666E-03   0.21156E-04
   ORIENTATION VECTORS OF THE INERTIA PRINCIPAL AXES IN GLOBAL CARTESIAN
     ( 1.000,-0.000, 0.000) ( 0.000, 0.997,-0.081) (-0.000, 0.081, 0.997) 


  *** MASS SUMMARY BY ELEMENT TYPE ***

  TYPE      MASS
     1  0.363346E-02
     2  0.115500    
     3  0.363346E-02
     4  0.314000E-01

 Range of element maximum matrix coefficients in global coordinates
 Maximum = 1.239442479E+11 at element 2018.                              
 Minimum = 2587634.45 at element 107.                                    

   *** ELEMENT MATRIX FORMULATION TIMES
     TYPE    NUMBER   ENAME      TOTAL CP  AVE CP

        1       108  SOLID186      0.000   0.000000
        2       180  SOLID186      0.125   0.000694
        3        91  SOLID186      0.000   0.000000
        4       152  SOLID186      0.031   0.000206
        5       178  CONTA174      0.016   0.000088
        6       178  TARGE170      0.000   0.000000
        7        84  CONTA174      0.000   0.000000
        8        84  TARGE170      0.000   0.000000
        9       161  CONTA174      0.016   0.000097
       10       161  TARGE170      0.000   0.000000
       11        60  SURF154       0.000   0.000000
 Time at end of element matrix formulation CP = 1.03125.                 

  BLOCK LANCZOS CALCULATION OF UP TO   200 EIGENVECTORS.
  NUMBER OF EQUATIONS              =        11586
  MAXIMUM WAVEFRONT                =          194
  MAXIMUM MODES STORED             =          200
  MINIMUM EIGENVALUE               =  0.00000E+00
  MAXIMUM EIGENVALUE               =  0.50000E+02



  Memory allocated on only this MPI rank (rank     0)
  -------------------------------------------------------------------
  Equation solver memory allocated                     =    18.938 MB
  Equation solver memory required for in-core mode     =    18.053 MB
  Equation solver memory required for out-of-core mode =     8.327 MB
  Total (solver and non-solver) memory allocated       =   473.418 MB


  Total memory summed across all MPI ranks on this machines
  -------------------------------------------------------------------
  Equation solver memory allocated                     =    68.287 MB
  Equation solver memory required for in-core mode     =    65.096 MB
  Equation solver memory required for out-of-core mode =    26.837 MB
  Total (solver and non-solver) memory allocated       =   957.607 MB

 *** NOTE ***                            CP =       1.500   TIME= 17:29:17
 The Distributed Sparse Matrix Solver used by the Block Lanczos          
 eigensolver is currently running in the in-core memory mode.  This      
 memory mode uses the most amount of memory in order to avoid using the  
 hard drive as much as possible, which most often results in the         
 fastest solution time.  This mode is recommended if enough physical     
 memory is present to accommodate all of the solver data.                

  Process memory required for in-core LANCZOS Workspace             =     42.044876 MB
  Process memory required for out-of-core LANCZOS Workspace         =     2.333420 MB

  Total   memory required for in-core LANCZOS Workspace             =     94.352448 MB
  Total   memory required for out-of-core LANCZOS Workspace         =     8.433319 MB

  Lanczos Memory Mode : INCORE


  >> Shift # 1 :                                     : 1 Eigenvalues Converged


 *** WARNING ***                         CP =       1.594   TIME= 17:29:17
 Fewer modes than the requested number of modes ( 200 ) were computed.   
 The range specified (FREQB= 0, FREQE= 50) contains only 1 modes.        

 *** MAPDL - ENGINEERING ANALYSIS SYSTEM  RELEASE 2025 R2          25.2     ***
 Ansys Mechanical Enterprise Academic Student      
 01055371  VERSION=WINDOWS x64   17:29:17  DEC 18, 2025 CP=      1.594

 uk_ad_bimorficzny_polimer__1--Harmonic Response (C5)                          



 *** FREQUENCIES FROM BLOCK LANCZOS ITERATION ***

  MODE    FREQUENCY (HERTZ)      



   FREQUENCY RANGE REQUESTED=   0.00000       50.0000    
    1     25.13141661600    


 *** MAPDL BINARY FILE STATISTICS
  BUFFER SIZE USED= 16384
        0.375 MB WRITTEN ON ELEMENT SAVED DATA FILE: file0.esav
        5.500 MB WRITTEN ON ASSEMBLED MATRIX FILE: file0.full
        0.125 MB WRITTEN ON MODAL MATRIX FILE: file0.mode
        0.500 MB WRITTEN ON RESULTS FILE: file0.rst
 **********************
 *************** Write FE CONNECTORS *********

 WRITE OUT CONSTRAINT EQUATIONS TO FILE= file.ce                                                                                                                                                                                                                                                             

 *****  MAPDL FINI     COMMAND  *****

 *** WARNING ***                         CP =       1.641   TIME= 17:29:17
 Material number 11 (used by element 2444) should normally have at least 
 one MP or one TB type command associated with it.  Output of energy by  
 material may not be available.                                          

 *** NOTE ***                            CP =       1.641   TIME= 17:29:17
 The step data was checked and warning messages were found.              
  Please review output or errors file (                                  
 C:\Users\admin\Desktop\LIDIX\ansys\_ProjectScratch\ScrA6D8\file0.err )  
 for these warning messages.                                             

 *** MAPDL - ENGINEERING ANALYSIS SYSTEM  RELEASE 2025 R2          25.2     ***
 Ansys Mechanical Enterprise Academic Student      
 01055371  VERSION=WINDOWS x64   17:29:17  DEC 18, 2025 CP=      1.828

 uk_ad_bimorficzny_polimer__1--Harmonic Response (C5)                          




   *** ELEMENT RESULT CALCULATION TIMES
     TYPE    NUMBER   ENAME      TOTAL CP  AVE CP

        1       108  SOLID186      0.016   0.000145
        2       180  SOLID186      0.078   0.000434
        3        91  SOLID186      0.000   0.000000
        4       152  SOLID186      0.000   0.000000
        5       178  CONTA174      0.000   0.000000
        7        84  CONTA174      0.000   0.000000
        9       161  CONTA174      0.000   0.000000
       11        60  SURF154       0.000   0.000000

   *** NODAL LOAD CALCULATION TIMES
     TYPE    NUMBER   ENAME      TOTAL CP  AVE CP

        1       108  SOLID186      0.000   0.000000
        2       180  SOLID186      0.000   0.000000
        3        91  SOLID186      0.000   0.000000
        4       152  SOLID186      0.000   0.000000
        5       178  CONTA174      0.000   0.000000
        7        84  CONTA174      0.000   0.000000
        9       161  CONTA174      0.000   0.000000
       11        60  SURF154       0.000   0.000000

 *** MAPDL - ENGINEERING ANALYSIS SYSTEM  RELEASE 2025 R2          25.2     ***
 Ansys Mechanical Enterprise Academic Student      
 01055371  VERSION=WINDOWS x64   17:29:17  DEC 18, 2025 CP=      1.953

 uk_ad_bimorficzny_polimer__1--Harmonic Response (C5)                          





          ***** PARTICIPATION FACTOR CALCULATION *****  X  DIRECTION
                                                                                  CUMULATIVE     RATIO EFF.MASS
  MODE   FREQUENCY       PERIOD      PARTIC.FACTOR     RATIO    EFFECTIVE MASS   MASS FRACTION   TO TOTAL MASS
     1     25.1314       0.39791E-01   0.15594E-05    1.000000    0.243177E-11     1.00000        0.157736E-10
 -----------------------------------------------------------------------------------------------------------------
   sum                                                            0.243177E-11                    0.157736E-10
 -----------------------------------------------------------------------------------------------------------------



          ***** PARTICIPATION FACTOR CALCULATION *****  Y  DIRECTION
                                                                                  CUMULATIVE     RATIO EFF.MASS
  MODE   FREQUENCY       PERIOD      PARTIC.FACTOR     RATIO    EFFECTIVE MASS   MASS FRACTION   TO TOTAL MASS
     1     25.1314       0.39791E-01   0.36768        1.000000    0.135191         1.00000        0.876911    
 -----------------------------------------------------------------------------------------------------------------
   sum                                                            0.135191                        0.876911    
 -----------------------------------------------------------------------------------------------------------------



          ***** PARTICIPATION FACTOR CALCULATION *****  Z  DIRECTION
                                                                                  CUMULATIVE     RATIO EFF.MASS
  MODE   FREQUENCY       PERIOD      PARTIC.FACTOR     RATIO    EFFECTIVE MASS   MASS FRACTION   TO TOTAL MASS
     1     25.1314       0.39791E-01  -0.28113E-01    1.000000    0.790345E-03     1.00000        0.512655E-02
 -----------------------------------------------------------------------------------------------------------------
   sum                                                            0.790345E-03                    0.512655E-02
 -----------------------------------------------------------------------------------------------------------------



          ***** PARTICIPATION FACTOR CALCULATION *****ROTX DIRECTION
                                                                                  CUMULATIVE     RATIO EFF.MASS
  MODE   FREQUENCY       PERIOD      PARTIC.FACTOR     RATIO    EFFECTIVE MASS   MASS FRACTION   TO TOTAL MASS
     1     25.1314       0.39791E-01  -0.33336E-01    1.000000    0.111131E-02     1.00000        0.994025    
 -----------------------------------------------------------------------------------------------------------------
   sum                                                            0.111131E-02                    0.994025    
 -----------------------------------------------------------------------------------------------------------------



          ***** PARTICIPATION FACTOR CALCULATION *****ROTY DIRECTION
                                                                                  CUMULATIVE     RATIO EFF.MASS
  MODE   FREQUENCY       PERIOD      PARTIC.FACTOR     RATIO    EFFECTIVE MASS   MASS FRACTION   TO TOTAL MASS
     1     25.1314       0.39791E-01   0.56240E-03    1.000000    0.316291E-06     1.00000        0.264816E-03
 -----------------------------------------------------------------------------------------------------------------
   sum                                                            0.316291E-06                    0.264816E-03
 -----------------------------------------------------------------------------------------------------------------



          ***** PARTICIPATION FACTOR CALCULATION *****ROTZ DIRECTION
                                                                                  CUMULATIVE     RATIO EFF.MASS
  MODE   FREQUENCY       PERIOD      PARTIC.FACTOR     RATIO    EFFECTIVE MASS   MASS FRACTION   TO TOTAL MASS
     1     25.1314       0.39791E-01   0.73538E-02    1.000000    0.540789E-04     1.00000        0.623844    
 -----------------------------------------------------------------------------------------------------------------
   sum                                                            0.540789E-04                    0.623844    
 -----------------------------------------------------------------------------------------------------------------





 *** NOTE ***                            CP =       1.953   TIME= 17:29:17
 The modes requested are mass normalized (Nrmkey on MODOPT).  However,   
 the modal masses and kinetic energies below are calculated with unit    
 normalized modes.                                                       

        ***** MODAL MASSES, KINETIC ENERGIES, AND TRANSLATIONAL EFFECTIVE MASSES SUMMARY *****

                                                                         EFFECTIVE MASS
  MODE  FREQUENCY   MODAL MASS     KENE      |      X-DIR      RATIO%   Y-DIR      RATIO%   Z-DIR      RATIO% 
     1   25.13      0.1023       1275.       |    0.2432E-11    0.00  0.1352       87.69  0.7903E-03    0.51
 --------------------------------------------------------------------------------------------------------------
   sum                                       |    0.2432E-11    0.00  0.1352       87.69  0.7903E-03    0.51
 --------------------------------------------------------------------------------------------------------------


 *** MAPDL BINARY FILE STATISTICS
  BUFFER SIZE USED= 16384
        0.375 MB WRITTEN ON ELEMENT SAVED DATA FILE: file0.esav
        5.500 MB WRITTEN ON ASSEMBLED MATRIX FILE: file0.full
        0.125 MB WRITTEN ON MODAL MATRIX FILE: file0.mode
        0.750 MB WRITTEN ON RESULTS FILE: file0.rst

 FINISH SOLUTION PROCESSING

 RESULTS WRITTEN TO FILE: file.mode
    TOTAL SIZE =        0.188 MB

 RESULTS WRITTEN TO FILE: file0.mode
    TOTAL SIZE =        0.125 MB


 ***** ROUTINE COMPLETED *****  CP =         2.141



 *GET  _WALLASOL  FROM  ACTI  ITEM=TIME WALL  VALUE=  17.4880556    
 *********** Performing MSUP Harmonic Solve ***********

 *****  MAPDL SOLUTION ROUTINE  *****


 PERFORM A HARMONIC ANALYSIS
  THIS WILL BE A NEW ANALYSIS

 *** NOTE ***                            CP =       2.141   TIME= 17:29:17
 Some analysis options have been reset to their defaults.  Please verify 
 current settings or respecify as required.                              


 PERFORM A MODE SUPERPOSITION HARMONIC RESPONSE ANALYSIS
  USE ALL MODES FROM THE MODAL ANALYSIS TO CALCULATE THE RESPONSE
  WRITE MODAL COORDINATES TO THE FILE JOBNAME.MCF

 THERMAL STRAINS ARE NOT INCLUDED IN THE LOAD VECTOR.

 PRINT COMPLEX DISPLACEMENTS AS AMPLITUDE AND PHASE ANGLE (IN DEGREES)
  USE UNIFORM SPACING OF FREQUENCY SOLUTIONS
  DO NOT PRINT MODE CONTRIBUTIONS AT EACH FREQUENCY

 STEP BOUNDARY CONDITION KEY= 1

 HARMONIC FREQUENCY RANGE - END=  25.000      BEGIN=  0.0000    

 USE   100 SUBSTEP(S) THIS LOAD STEP FOR ALL  DEGREES OF FREEDOM

 DELETE ALL SPECIFIED NODAL LOADS FROM NODE         1 TO      3905 BY       1

 NUMBER OF NODAL LOADS DELETED=       0

 DELETE SURFACE LOAD PRES ON SURFACE DEFINED BY ALL SELECTED NODES

 NUMBER OF PRES SURFACE LOADS DELETED=       0

 DELETE SPECIFIED SURFACE LOAD PRES FOR ALL SELECTED ELEMENTS- ALL LKEY

 NUMBER OF PRES SURFACE LOADS DELETED=      60

 ACEL=    0.0000      0.0000      0.0000    

 THE SCALE FACTOR OF THE .MODE FILE LOAD VECTOR IN THE POSITION OF      1 IS   0.0000    
 *********** Scaling Each Load Step for MSUP Solve ***********

 THE SCALE FACTOR OF THE .MODE FILE LOAD VECTOR IN THE POSITION OF      1 IS SET ACCORDING TO TABLE PARAMETER _LOADVARI104Y                                                                                                                                                                                                                                                   

 *** WARNING ***                         CP =       2.141   TIME= 17:29:17
 To avoid duplication when using the LVSCALE command, delete all loads   
 unless already deleted.                                                 

 *GET  ANSINTER_  FROM  ACTI  ITEM=INT        VALUE=  0.00000000    

 *IF  ANSINTER_  ( =   0.00000     )  NE  
      0  ( =   0.00000     )  THEN    

 *ENDIF

 *****  MAPDL SOLVE    COMMAND  *****

 *** WARNING ***                         CP =       2.266   TIME= 17:29:17
 Element shape checking is currently inactive.  Issue SHPP,ON or         
 SHPP,WARN to reactivate, if desired.                                    

 *** NOTE ***                            CP =       2.266   TIME= 17:29:17
 The model data was checked and warning messages were found.             
  Please review output or errors file (                                  
 C:\Users\admin\Desktop\LIDIX\ansys\_ProjectScratch\ScrA6D8\file0.err )  
 for these warning messages.                                             

 *** SELECTION OF ELEMENT TECHNOLOGIES FOR APPLICABLE ELEMENTS ***
      --- GIVE SUGGESTIONS AND RESET THE KEY OPTIONS ---

 ELEMENT TYPE         1 IS SOLID186. KEYOPT(2) IS ALREADY SET AS SUGGESTED AND NO
 RESETTING IS NEEDED.

 ELEMENT TYPE         2 IS SOLID186. KEYOPT(2) IS ALREADY SET AS SUGGESTED AND NO
 RESETTING IS NEEDED.

 ELEMENT TYPE         3 IS SOLID186. KEYOPT(2) IS ALREADY SET AS SUGGESTED AND NO
 RESETTING IS NEEDED.

 ELEMENT TYPE         4 IS SOLID186. KEYOPT(2) IS ALREADY SET AS SUGGESTED AND NO
 RESETTING IS NEEDED.



 *** MAPDL - ENGINEERING ANALYSIS SYSTEM  RELEASE 2025 R2          25.2     ***
 Ansys Mechanical Enterprise Academic Student      
 01055371  VERSION=WINDOWS x64   17:29:17  DEC 18, 2025 CP=      2.266

 uk_ad_bimorficzny_polimer__1--Harmonic Response (C5)                          



                       S O L U T I O N   O P T I O N S

   PROBLEM DIMENSIONALITY. . . . . . . . . . . . .3-D                  
   DEGREES OF FREEDOM. . . . . . UX   UY   UZ  
   ANALYSIS TYPE . . . . . . . . . . . . . . . . .HARMONIC             
      SOLUTION METHOD. . . . . . . . . . . . . . .MODE SUPERPOSITION
   OFFSET TEMPERATURE FROM ABSOLUTE ZERO . . . . .  273.15    
   THERMAL EXPANSION . . . . . . . . . . . . . . .OFF
   NUMBER OF MODES USED FOR MODE SUPERPOSITION . .ALL
   WRITE MODAL COORDINATES TO JOBNAME.MCF. . . . .YES
   COMPLEX DISPLACEMENT PRINT OPTION . . . . . . .AMPLITUDE AND PHASE ANGLE
   GLOBALLY ASSEMBLED MATRIX . . . . . . . . . . .SYMMETRIC  

 *** WARNING ***                         CP =       2.266   TIME= 17:29:17
 Material number 11 (used by element 2444) should normally have at least 
 one MP or one TB type command associated with it.  Output of energy by  
 material may not be available.                                          

 *** NOTE ***                            CP =       2.266   TIME= 17:29:17
 The step data was checked and warning messages were found.              
  Please review output or errors file (                                  
 C:\Users\admin\Desktop\LIDIX\ansys\_ProjectScratch\ScrA6D8\file0.err )  
 for these warning messages.                                             

 *** NOTE ***                            CP =       2.266   TIME= 17:29:17
 The conditions for direct assembly have been met.  No .emat or .erot    
 files will be produced.                                                 

 *** NOTE ***                            CP =       2.453   TIME= 17:29:17
 Symmetric Deformable- deformable contact pair identified by real        
 constant set 5 and contact element type 5 has been set up.  The         
 companion pair has real constant set ID 6.  Both pairs should have the  
 same behavior.                                                          
 MAPDL will keep the current pair and deactivate its companion pair,     
 resulting in asymmetric contact.                                        
 Linear contact is defined
 Contact algorithm: Augmented Lagrange method
 Contact detection at: Gauss integration point
 Contact stiffness factor FKN                  10.000    
 The resulting initial contact stiffness      0.20000E+15
 Default penetration tolerance factor FTOLN   0.10000    
 The resulting penetration tolerance          0.20000E-03
 Default opening contact stiffness OPSF will be used.
 Default tangent stiffness factor FKT          1.0000    
 Use constant contact stiffness
 Default Max. friction stress TAUMAX          0.10000E+21
 Average contact surface length               0.31808E-02
 Average contact pair depth                   0.20000E-02
 Average target surface length                0.51316E-02
 Default pinball region factor PINB           0.25000    
 The resulting pinball region                 0.50000E-03
 Initial penetration/gap is excluded.
 Bonded contact (always) is defined.

 *** NOTE ***                            CP =       2.453   TIME= 17:29:17
 Max.  Initial penetration 0 was detected between contact element 1706   
 and target element 1909.                                                
 ****************************************
  

 *** NOTE ***                            CP =       2.453   TIME= 17:29:17
 Symmetric Deformable- deformable contact pair identified by real        
 constant set 6 and contact element type 5 has been set up.  The         
 companion pair has real constant set ID 5.  Both pairs should have the  
 same behavior.                                                          
 MAPDL will deactivate the current pair and keep its companion pair,     
 resulting in asymmetric contact.                                        
 Linear contact is defined
 Contact algorithm: Augmented Lagrange method
 Contact detection at: Gauss integration point
 Contact stiffness factor FKN                  10.000    
 The resulting initial contact stiffness      0.20000E+15
 Default penetration tolerance factor FTOLN   0.10000    
 The resulting penetration tolerance          0.15596E-03
 Default opening contact stiffness OPSF will be used.
 Default tangent stiffness factor FKT          1.0000    
 Use constant contact stiffness
 Default Max. friction stress TAUMAX          0.10000E+21
 Average contact surface length               0.51986E-02
 Average contact pair depth                   0.15596E-02
 Average target surface length                0.30157E-02
 Default pinball region factor PINB           0.25000    
 The resulting pinball region                 0.38990E-03
 Initial penetration/gap is excluded.
 Bonded contact (always) is defined.

 *** NOTE ***                            CP =       2.453   TIME= 17:29:17
 Max.  Initial penetration 0 was detected between contact element 1815   
 and target element 1677.                                                
 ****************************************
  

 *** NOTE ***                            CP =       2.453   TIME= 17:29:17
 Symmetric Deformable- deformable contact pair identified by real        
 constant set 7 and contact element type 7 has been set up.  The         
 companion pair has real constant set ID 8.  Both pairs should have the  
 same behavior.                                                          
 MAPDL will keep the current pair and deactivate its companion pair,     
 resulting in asymmetric contact.                                        
 Linear contact is defined
 Contact algorithm: Augmented Lagrange method
 Contact detection at: Gauss integration point
 Contact stiffness factor FKN                  10.000    
 The resulting initial contact stiffness      0.24600E+17
 Default penetration tolerance factor FTOLN   0.10000    
 The resulting penetration tolerance          0.33333E-03
 Default opening contact stiffness OPSF will be used.
 Default tangent stiffness factor FKT          1.0000    
 Use constant contact stiffness
 Default Max. friction stress TAUMAX          0.10000E+21
 Average contact surface length               0.30867E-02
 Average contact pair depth                   0.33333E-02
 Average target surface length                0.51316E-02
 Default pinball region factor PINB           0.25000    
 The resulting pinball region                 0.83333E-03
 Initial penetration/gap is excluded.
 Bonded contact (always) is defined.

 *** NOTE ***                            CP =       2.453   TIME= 17:29:17
 Max.  Initial penetration 4.33680869E-19 was detected between contact   
 element 2014 and target element 2098.                                   
 ****************************************
  

 *** NOTE ***                            CP =       2.453   TIME= 17:29:17
 Symmetric Deformable- deformable contact pair identified by real        
 constant set 8 and contact element type 7 has been set up.  The         
 companion pair has real constant set ID 7.  Both pairs should have the  
 same behavior.                                                          
 MAPDL will deactivate the current pair and keep its companion pair,     
 resulting in asymmetric contact.                                        
 Linear contact is defined
 Contact algorithm: Augmented Lagrange method
 Contact detection at: Gauss integration point
 Contact stiffness factor FKN                  10.000    
 The resulting initial contact stiffness      0.24600E+17
 Default penetration tolerance factor FTOLN   0.10000    
 The resulting penetration tolerance          0.15201E-03
 Default opening contact stiffness OPSF will be used.
 Default tangent stiffness factor FKT          1.0000    
 Use constant contact stiffness
 Default Max. friction stress TAUMAX          0.10000E+21
 Average contact surface length               0.50671E-02
 Average contact pair depth                   0.15201E-02
 Average target surface length                0.31667E-02
 Default pinball region factor PINB           0.25000    
 The resulting pinball region                 0.38003E-03
 Initial penetration/gap is excluded.
 Bonded contact (always) is defined.

 *** NOTE ***                            CP =       2.453   TIME= 17:29:17
 Max.  Initial penetration 2.168404345E-19 was detected between contact  
 element 2074 and target element 1955.                                   
 ****************************************
  

 *** NOTE ***                            CP =       2.453   TIME= 17:29:17
 Symmetric Deformable- deformable contact pair identified by real        
 constant set 9 and contact element type 9 has been set up.  The         
 companion pair has real constant set ID 10.  Both pairs should have     
 the same behavior.                                                      
 MAPDL will keep the current pair and deactivate its companion pair,     
 resulting in asymmetric contact.                                        
 Linear contact is defined
 Contact algorithm: Augmented Lagrange method
 Contact detection at: Gauss integration point
 Contact stiffness factor FKN                  10.000    
 The resulting initial contact stiffness      0.20000E+15
 Default penetration tolerance factor FTOLN   0.10000    
 The resulting penetration tolerance          0.20000E-03
 Default opening contact stiffness OPSF will be used.
 Default tangent stiffness factor FKT          1.0000    
 Use constant contact stiffness
 Default Max. friction stress TAUMAX          0.10000E+21
 Average contact surface length               0.35376E-02
 Average contact pair depth                   0.20000E-02
 Average target surface length                0.51316E-02
 Default pinball region factor PINB           0.25000    
 The resulting pinball region                 0.50000E-03
 Initial penetration/gap is excluded.
 Bonded contact (always) is defined.

 *** NOTE ***                            CP =       2.453   TIME= 17:29:17
 Max.  Initial penetration 4.33680869E-19 was detected between contact   
 element 2223 and target element 2411.                                   
 ****************************************
  

 *** NOTE ***                            CP =       2.453   TIME= 17:29:17
 Symmetric Deformable- deformable contact pair identified by real        
 constant set 10 and contact element type 9 has been set up.  The        
 companion pair has real constant set ID 9.  Both pairs should have the  
 same behavior.                                                          
 MAPDL will deactivate the current pair and keep its companion pair,     
 resulting in asymmetric contact.                                        
 Linear contact is defined
 Contact algorithm: Augmented Lagrange method
 Contact detection at: Gauss integration point
 Contact stiffness factor FKN                  10.000    
 The resulting initial contact stiffness      0.20000E+15
 Default penetration tolerance factor FTOLN   0.10000    
 The resulting penetration tolerance          0.15201E-03
 Default opening contact stiffness OPSF will be used.
 Default tangent stiffness factor FKT          1.0000    
 Use constant contact stiffness
 Default Max. friction stress TAUMAX          0.10000E+21
 Average contact surface length               0.50671E-02
 Average contact pair depth                   0.15201E-02
 Average target surface length                0.33753E-02
 Default pinball region factor PINB           0.25000    
 The resulting pinball region                 0.38003E-03
 Initial penetration/gap is excluded.
 Bonded contact (always) is defined.

 *** NOTE ***                            CP =       2.453   TIME= 17:29:17
 Max.  Initial penetration 2.168404345E-19 was detected between contact  
 element 2316 and target element 2198.                                   
 ****************************************
  

 *** WARNING ***                         CP =       2.453   TIME= 17:29:17
 Maximum contact stiffness 2.46E+16 is too big which can cause an        
 accuracy problem, you may scale the force units in the model.           
  
  

                      L O A D   S T E P   O P T I O N S

   LOAD STEP NUMBER. . . . . . . . . . . . . . . .     1
   FREQUENCY RANGE . . . . . . . . . . . . . . . .  0.0000     TO   25.000    
   NUMBER OF SUBSTEPS. . . . . . . . . . . . . . .   100
   STEP CHANGE BOUNDARY CONDITIONS . . . . . . . .   YES
   SCALE FACTOR OF LOAD VECTOR      1 . . . . . . . ._LOADVARI104Y                                                                                                                                                                                                                                                   
   REDUCED DISPLACEMENT PRINTOUT FREQUENCY . . . .     0
   REDUCED DISPLACEMENT FILE WRITE FREQUENCY . . .     1


 *** NOTE ***                            CP =       2.641   TIME= 17:29:17
 The calculation of element results was not performed during the         
 preceding modal analysis.  For more efficient calculation of element    
 results in the expansion pass of this harmonic solution, it is          
 recommended to first expand the modal solution (MXPAND,,,,YES) and      
 then rerun this harmonic solution.                                      
 Time at start of mode superposition harmonic analysis CP= 2.640625.     


 FREQUENCIES USED FOR HARMONIC RESPONSE

     1   25.1314    
 Time at start of frequencies CP= 2.640625.                              


 *** MAPDL BINARY FILE STATISTICS
  BUFFER SIZE USED= 16384
        0.125 MB WRITTEN ON REDUCED COMPLEX DISPLACEMENT FILE: file0.rfrq

 FINISH SOLUTION PROCESSING


 ***** ROUTINE COMPLETED *****  CP =         2.891



 *GET  _WALLASOL  FROM  ACTI  ITEM=TIME WALL  VALUE=  17.4880556    

 *****  MAPDL SOLUTION ROUTINE  *****


 PERFORM AN EXPANSION PASS


 USE 0 (REAL) AND 90 (IMAGINARY) DEGREES FOR PHASE ANGLES FOR EXPANSION PASS

 ERASE THE CURRENT DATABASE OUTPUT CONTROL TABLE.


 WRITE ALL  ITEMS TO THE DATABASE WITH A FREQUENCY OF NONE
   FOR ALL APPLICABLE ENTITIES

 WRITE NSOL ITEMS TO THE DATABASE WITH A FREQUENCY OF ALL 
   FOR ALL APPLICABLE ENTITIES

 WRITE EANG ITEMS TO THE DATABASE WITH A FREQUENCY OF ALL 
   FOR ALL APPLICABLE ENTITIES

 WRITE VENG ITEMS TO THE DATABASE WITH A FREQUENCY OF ALL 
   FOR ALL APPLICABLE ENTITIES

 WRITE STRS ITEMS TO THE DATABASE WITH A FREQUENCY OF ALL 
   FOR ALL APPLICABLE ENTITIES

 WRITE EPEL ITEMS TO THE DATABASE WITH A FREQUENCY OF ALL 
   FOR ALL APPLICABLE ENTITIES

 WRITE RSOL ITEMS TO THE DATABASE WITH A FREQUENCY OF ALL 
   FOR ALL APPLICABLE ENTITIES

 WRITE CONT ITEMS TO THE DATABASE WITH A FREQUENCY OF ALL 
   FOR ALL APPLICABLE ENTITIES


 EXPAND ALL SOLUTIONS
  CALCULATE ELEMENT RESULTS AS WELL AS THE NODAL DOF SOLUTION

 *GET  ANSINTER_  FROM  ACTI  ITEM=INT        VALUE=  0.00000000    

 *IF  ANSINTER_  ( =   0.00000     )  NE  
      0  ( =   0.00000     )  THEN    

 *ENDIF

 *****  MAPDL SOLVE    COMMAND  *****

 *** SELECTION OF ELEMENT TECHNOLOGIES FOR APPLICABLE ELEMENTS ***
      --- GIVE SUGGESTIONS AND RESET THE KEY OPTIONS ---

 ELEMENT TYPE         1 IS SOLID186. KEYOPT(2) IS ALREADY SET AS SUGGESTED AND NO
 RESETTING IS NEEDED.

 ELEMENT TYPE         2 IS SOLID186. KEYOPT(2) IS ALREADY SET AS SUGGESTED AND NO
 RESETTING IS NEEDED.

 ELEMENT TYPE         3 IS SOLID186. KEYOPT(2) IS ALREADY SET AS SUGGESTED AND NO
 RESETTING IS NEEDED.

 ELEMENT TYPE         4 IS SOLID186. KEYOPT(2) IS ALREADY SET AS SUGGESTED AND NO
 RESETTING IS NEEDED.



 *** MAPDL - ENGINEERING ANALYSIS SYSTEM  RELEASE 2025 R2          25.2     ***
 Ansys Mechanical Enterprise Academic Student      
 01055371  VERSION=WINDOWS x64   17:29:17  DEC 18, 2025 CP=      3.016

 uk_ad_bimorficzny_polimer__1--Harmonic Response (C5)                          



                       S O L U T I O N   O P T I O N S

   PROBLEM DIMENSIONALITY. . . . . . . . . . . . .3-D                  
   DEGREES OF FREEDOM. . . . . . UX   UY   UZ  
   ANALYSIS TYPE . . . . . . . . . . . . . . . . .HARMONIC             
      SOLUTION METHOD. . . . . . . . . . . . . . .MODE SUPERPOSITION
      EXPANSION PASS . . . . . . . . . . . . . . .ON
   OFFSET TEMPERATURE FROM ABSOLUTE ZERO . . . . .  273.15    
   THERMAL EXPANSION . . . . . . . . . . . . . . .OFF

 *** NOTE ***                            CP =       3.016   TIME= 17:29:17
 The conditions for direct assembly have been met.  No .emat or .erot    
 files will be produced.                                                 

 *** NOTE ***                            CP =       3.203   TIME= 17:29:17
 Symmetric Deformable- deformable contact pair identified by real        
 constant set 5 and contact element type 5 has been set up.  The         
 companion pair has real constant set ID 6.  Both pairs should have the  
 same behavior.                                                          
 MAPDL will keep the current pair and deactivate its companion pair,     
 resulting in asymmetric contact.                                        
 Linear contact is defined
 Contact algorithm: Augmented Lagrange method
 Contact detection at: Gauss integration point
 Contact stiffness factor FKN                  10.000    
 The resulting initial contact stiffness      0.20000E+15
 Default penetration tolerance factor FTOLN   0.10000    
 The resulting penetration tolerance          0.20000E-03
 Default opening contact stiffness OPSF will be used.
 Default tangent stiffness factor FKT          1.0000    
 Use constant contact stiffness
 Default Max. friction stress TAUMAX          0.10000E+21
 Average contact surface length               0.31808E-02
 Average contact pair depth                   0.20000E-02
 Average target surface length                0.51316E-02
 Default pinball region factor PINB           0.25000    
 The resulting pinball region                 0.50000E-03
 Initial penetration/gap is excluded.
 Bonded contact (always) is defined.

 *** NOTE ***                            CP =       3.203   TIME= 17:29:17
 Max.  Initial penetration 0 was detected between contact element 1706   
 and target element 1909.                                                
 ****************************************
  

 *** NOTE ***                            CP =       3.203   TIME= 17:29:17
 Symmetric Deformable- deformable contact pair identified by real        
 constant set 6 and contact element type 5 has been set up.  The         
 companion pair has real constant set ID 5.  Both pairs should have the  
 same behavior.                                                          
 MAPDL will deactivate the current pair and keep its companion pair,     
 resulting in asymmetric contact.                                        
 Linear contact is defined
 Contact algorithm: Augmented Lagrange method
 Contact detection at: Gauss integration point
 Contact stiffness factor FKN                  10.000    
 The resulting initial contact stiffness      0.20000E+15
 Default penetration tolerance factor FTOLN   0.10000    
 The resulting penetration tolerance          0.15596E-03
 Default opening contact stiffness OPSF will be used.
 Default tangent stiffness factor FKT          1.0000    
 Use constant contact stiffness
 Default Max. friction stress TAUMAX          0.10000E+21
 Average contact surface length               0.51986E-02
 Average contact pair depth                   0.15596E-02
 Average target surface length                0.30157E-02
 Default pinball region factor PINB           0.25000    
 The resulting pinball region                 0.38990E-03
 Initial penetration/gap is excluded.
 Bonded contact (always) is defined.

 *** NOTE ***                            CP =       3.203   TIME= 17:29:17
 Max.  Initial penetration 0 was detected between contact element 1815   
 and target element 1677.                                                
 ****************************************
  

 *** NOTE ***                            CP =       3.203   TIME= 17:29:17
 Symmetric Deformable- deformable contact pair identified by real        
 constant set 7 and contact element type 7 has been set up.  The         
 companion pair has real constant set ID 8.  Both pairs should have the  
 same behavior.                                                          
 MAPDL will keep the current pair and deactivate its companion pair,     
 resulting in asymmetric contact.                                        
 Linear contact is defined
 Contact algorithm: Augmented Lagrange method
 Contact detection at: Gauss integration point
 Contact stiffness factor FKN                  10.000    
 The resulting initial contact stiffness      0.24600E+17
 Default penetration tolerance factor FTOLN   0.10000    
 The resulting penetration tolerance          0.33333E-03
 Default opening contact stiffness OPSF will be used.
 Default tangent stiffness factor FKT          1.0000    
 Use constant contact stiffness
 Default Max. friction stress TAUMAX          0.10000E+21
 Average contact surface length               0.30867E-02
 Average contact pair depth                   0.33333E-02
 Average target surface length                0.51316E-02
 Default pinball region factor PINB           0.25000    
 The resulting pinball region                 0.83333E-03
 Initial penetration/gap is excluded.
 Bonded contact (always) is defined.

 *** NOTE ***                            CP =       3.203   TIME= 17:29:17
 Max.  Initial penetration 4.33680869E-19 was detected between contact   
 element 2014 and target element 2098.                                   
 ****************************************
  

 *** NOTE ***                            CP =       3.203   TIME= 17:29:17
 Symmetric Deformable- deformable contact pair identified by real        
 constant set 8 and contact element type 7 has been set up.  The         
 companion pair has real constant set ID 7.  Both pairs should have the  
 same behavior.                                                          
 MAPDL will deactivate the current pair and keep its companion pair,     
 resulting in asymmetric contact.                                        
 Linear contact is defined
 Contact algorithm: Augmented Lagrange method
 Contact detection at: Gauss integration point
 Contact stiffness factor FKN                  10.000    
 The resulting initial contact stiffness      0.24600E+17
 Default penetration tolerance factor FTOLN   0.10000    
 The resulting penetration tolerance          0.15201E-03
 Default opening contact stiffness OPSF will be used.
 Default tangent stiffness factor FKT          1.0000    
 Use constant contact stiffness
 Default Max. friction stress TAUMAX          0.10000E+21
 Average contact surface length               0.50671E-02
 Average contact pair depth                   0.15201E-02
 Average target surface length                0.31667E-02
 Default pinball region factor PINB           0.25000    
 The resulting pinball region                 0.38003E-03
 Initial penetration/gap is excluded.
 Bonded contact (always) is defined.

 *** NOTE ***                            CP =       3.203   TIME= 17:29:17
 Max.  Initial penetration 2.168404345E-19 was detected between contact  
 element 2074 and target element 1955.                                   
 ****************************************
  

 *** NOTE ***                            CP =       3.203   TIME= 17:29:17
 Symmetric Deformable- deformable contact pair identified by real        
 constant set 9 and contact element type 9 has been set up.  The         
 companion pair has real constant set ID 10.  Both pairs should have     
 the same behavior.                                                      
 MAPDL will keep the current pair and deactivate its companion pair,     
 resulting in asymmetric contact.                                        
 Linear contact is defined
 Contact algorithm: Augmented Lagrange method
 Contact detection at: Gauss integration point
 Contact stiffness factor FKN                  10.000    
 The resulting initial contact stiffness      0.20000E+15
 Default penetration tolerance factor FTOLN   0.10000    
 The resulting penetration tolerance          0.20000E-03
 Default opening contact stiffness OPSF will be used.
 Default tangent stiffness factor FKT          1.0000    
 Use constant contact stiffness
 Default Max. friction stress TAUMAX          0.10000E+21
 Average contact surface length               0.35376E-02
 Average contact pair depth                   0.20000E-02
 Average target surface length                0.51316E-02
 Default pinball region factor PINB           0.25000    
 The resulting pinball region                 0.50000E-03
 Initial penetration/gap is excluded.
 Bonded contact (always) is defined.

 *** NOTE ***                            CP =       3.203   TIME= 17:29:17
 Max.  Initial penetration 4.33680869E-19 was detected between contact   
 element 2223 and target element 2411.                                   
 ****************************************
  

 *** NOTE ***                            CP =       3.203   TIME= 17:29:17
 Symmetric Deformable- deformable contact pair identified by real        
 constant set 10 and contact element type 9 has been set up.  The        
 companion pair has real constant set ID 9.  Both pairs should have the  
 same behavior.                                                          
 MAPDL will deactivate the current pair and keep its companion pair,     
 resulting in asymmetric contact.                                        
 Linear contact is defined
 Contact algorithm: Augmented Lagrange method
 Contact detection at: Gauss integration point
 Contact stiffness factor FKN                  10.000    
 The resulting initial contact stiffness      0.20000E+15
 Default penetration tolerance factor FTOLN   0.10000    
 The resulting penetration tolerance          0.15201E-03
 Default opening contact stiffness OPSF will be used.
 Default tangent stiffness factor FKT          1.0000    
 Use constant contact stiffness
 Default Max. friction stress TAUMAX          0.10000E+21
 Average contact surface length               0.50671E-02
 Average contact pair depth                   0.15201E-02
 Average target surface length                0.33753E-02
 Default pinball region factor PINB           0.25000    
 The resulting pinball region                 0.38003E-03
 Initial penetration/gap is excluded.
 Bonded contact (always) is defined.

 *** NOTE ***                            CP =       3.203   TIME= 17:29:17
 Max.  Initial penetration 2.168404345E-19 was detected between contact  
 element 2316 and target element 2198.                                   
 ****************************************
  

 *** WARNING ***                         CP =       3.203   TIME= 17:29:17
 Maximum contact stiffness 2.46E+16 is too big which can cause an        
 accuracy problem, you may scale the force units in the model.           
  
  

                      L O A D   S T E P   O P T I O N S

   LOAD STEP NUMBER. . . . . . . . . . . . . . . .     1
   NUMBER OF SOLUTIONS TO BE EXPANDED. . . . . . .   ALL
   ELEMENT RESULTS CALCULATION . . . . . . . . . .    ON
   EXPAND BOTH REAL AND IMAGINARY SOLUTIONS. . . .   YES
   PRINT OUTPUT CONTROLS . . . . . . . . . . . . .NO PRINTOUT
   DATABASE OUTPUT CONTROLS
      ITEM     FREQUENCY   COMPONENT
       ALL       NONE               
      NSOL        ALL               
      EANG        ALL               
      VENG        ALL               
      STRS        ALL               
      EPEL        ALL               
      RSOL        ALL               
      CONT        ALL               


   *** ELEMENT RESULT CALCULATION TIMES
     TYPE    NUMBER   ENAME      TOTAL CP  AVE CP

        1       108  SOLID186      0.031   0.000289
        2       180  SOLID186      0.047   0.000260
        3        91  SOLID186      0.016   0.000172
        4       152  SOLID186      0.016   0.000103
        5       178  CONTA174      0.000   0.000000
        7        84  CONTA174      0.000   0.000000
        9       161  CONTA174      0.000   0.000000
       11        60  SURF154       0.000   0.000000

   *** NODAL LOAD CALCULATION TIMES
     TYPE    NUMBER   ENAME      TOTAL CP  AVE CP

        1       108  SOLID186      0.031   0.000289
        2       180  SOLID186      0.016   0.000087
        3        91  SOLID186      0.000   0.000000
        4       152  SOLID186      0.000   0.000000
        5       178  CONTA174      0.000   0.000000
        7        84  CONTA174      0.000   0.000000
        9       161  CONTA174      0.000   0.000000
       11        60  SURF154       0.000   0.000000


 *** MAPDL BINARY FILE STATISTICS
  BUFFER SIZE USED= 16384
       21.562 MB WRITTEN ON RESULTS FILE: file0.rst
 *************** Write FE CONNECTORS *********

 WRITE OUT CONSTRAINT EQUATIONS TO FILE= file.ce                                                                                                                                                                                                                                                             

 FINISH SOLUTION PROCESSING


 ***** ROUTINE COMPLETED *****  CP =         8.906



 *** MAPDL - ENGINEERING ANALYSIS SYSTEM  RELEASE 2025 R2          25.2     ***
 Ansys Mechanical Enterprise Academic Student      
 01055371  VERSION=WINDOWS x64   17:29:22  DEC 18, 2025 CP=      8.906

 uk_ad_bimorficzny_polimer__1--Harmonic Response (C5)                          



          ***** MAPDL RESULTS INTERPRETATION (POST1) *****

 *** NOTE ***                            CP =       8.906   TIME= 17:29:22
 Reading results into the database (SET command) will update the current 
 displacement and force boundary conditions in the database with the     
 values from the results file for that load set.  Note that any          
 subsequent solutions will use these values unless action is taken to    
 either SAVE the current values or not overwrite them (/EXIT,NOSAVE).    

 Set Encoding of XML File to:ISO-8859-1

 Set Output of XML File to:
     PARM,     ,     ,     ,     ,     ,     ,     ,     ,     ,     ,     ,
         ,     ,     ,     ,     ,     ,     ,

 DATABASE WRITTEN ON FILE  parm.xml                                                                                                                                                                                                                                                            

 EXIT THE MAPDL POST1 DATABASE PROCESSOR


 ***** ROUTINE COMPLETED *****  CP =         8.906



 PRINTOUT RESUMED BY /GOP

 *GET  _WALLDONE  FROM  ACTI  ITEM=TIME WALL  VALUE=  17.4894444    

 PARAMETER _PREPTIME =     0.000000000    

 PARAMETER _SOLVTIME =     1.000000000    

 PARAMETER _POSTTIME =     5.000000000    

 PARAMETER _TOTALTIM =     6.000000000    

 *GET  _DLBRATIO  FROM  ACTI  ITEM=SOLU DLBR  VALUE=  1.35606061    

 *GET  _COMBTIME  FROM  ACTI  ITEM=SOLU COMB  VALUE= 0.388944200    

 *GET  _SSMODE   FROM  ACTI  ITEM=SOLU SSMM  VALUE=  2.00000000    

 *GET  _NDOFS    FROM  ACTI  ITEM=SOLU NDOF  VALUE=  11586.0000    

 /FCLEAN COMMAND REMOVING ALL LOCAL FILES
 --- Total number of nodes = 3905
 --- Total number of elements = 1437
 --- Element load balance ratio = 1.35606061
 --- Time to combine distributed files = 0.3889442
 --- Sparse memory mode = 2
 --- Number of DOF = 11586

 EXIT MAPDL WITHOUT SAVING DATABASE


 NUMBER OF WARNING MESSAGES ENCOUNTERED=         10
 NUMBER OF ERROR   MESSAGES ENCOUNTERED=          0

+--------------------- M A P D L   S T A T I S T I C S ------------------------+

Release: 2025 R2            Build: 25.2       Update: UP20250519   Platform: WINDOWS x64 
Date Run: 12/18/2025   Time: 17:29     Process ID: 30408
Operating System: Windows 11  (Build: 26200)

Processor Model: AMD Ryzen 9 5900X 12-Core Processor

Compiler: Intel(R) Fortran Compiler Classic Version 2021.9  (Build: 20230302)
          Intel(R) C/C++ Compiler Classic Version 2021.9  (Build: 20230302)
          AOCL-BLAS 5.0.1 Build 20250320

Number of machines requested            :    1
Total number of cores available         :   24
Number of physical cores available      :   12
Number of processes requested           :    4
Number of threads per process requested :    1
Total number of cores requested         :    4 (Distributed Memory Parallel)               
MPI Type: INTELMPI
MPI Version: Intel(R) MPI Library 2021.14 for Windows* OS


GPU Acceleration: Not Requested

Job Name: file0
Input File: dummy.dat

  Core                Machine Name   Working Directory
 -----------------------------------------------------
     0             DESKTOP-V0OVKMM   C:\Users\admin\Desktop\LIDIX\ansys\_ProjectScratch\ScrA6D8
     1             DESKTOP-V0OVKMM   C:\Users\admin\Desktop\LIDIX\ansys\_ProjectScratch\ScrA6D8
     2             DESKTOP-V0OVKMM   C:\Users\admin\Desktop\LIDIX\ansys\_ProjectScratch\ScrA6D8
     3             DESKTOP-V0OVKMM   C:\Users\admin\Desktop\LIDIX\ansys\_ProjectScratch\ScrA6D8
 
Latency time from master to core     1 =    5.646 microseconds
Latency time from master to core     2 =    5.821 microseconds
Latency time from master to core     3 =    6.100 microseconds
 
Communication speed from master to core     1 = 17000.30 MB/sec
Communication speed from master to core     2 =  7988.26 MB/sec
Communication speed from master to core     3 =  7803.58 MB/sec

Total CPU time for main thread                    :        6.5 seconds
Total CPU time summed for all threads             :        9.7 seconds

Elapsed time spent obtaining a license            :        0.4 seconds
Elapsed time spent pre-processing model (/PREP7)  :        0.0 seconds
Elapsed time spent solution - preprocessing       :        0.2 seconds
Elapsed time spent computing solution             :        5.2 seconds
Elapsed time spent solution - postprocessing      :        0.4 seconds
Elapsed time spent post-processing model (/POST1) :        0.0 seconds
 
Equation solver computational rate                :       63.0 Gflops

Sum of disk space used on all processes           :      123.7 MB

Sum of memory used on all processes               :      246.0 MB
Sum of memory allocated on all processes          :     2880.0 MB
Physical memory available                         :         64 GB
Total amount of I/O written to disk               :        0.4 GB
Total amount of I/O read from disk                :        1.0 GB

+------------------ E N D   M A P D L   S T A T I S T I C S -------------------+


 *-----------------------------------------------------------------------------*
 |                                                                             |
 |                               RUN COMPLETED                                 |
 |                                                                             |
 |-----------------------------------------------------------------------------|
 |                                                                             |
 |  Ansys MAPDL 2025 R2         Build 25.2         UP20250519    WINDOWS x64   |
 |                                                                             |
 |-----------------------------------------------------------------------------|
 |                                                                             |
 |  Database Requested(-db)     1024 MB     Scratch Memory Requested   1024 MB |
 |  Max Database Used(Master)      3 MB     Max Scratch Used(Master)     73 MB |
 |  Max Database Used(Workers)     1 MB     Max Scratch Used(Workers)    73 MB |
 |  Sum Database Used(All)         6 MB     Sum Scratch Used(All)       240 MB |
 |                                                                             |
 |-----------------------------------------------------------------------------|
 |                                                                             |
 |        CP Time      (sec) =          9.656       Time  =  17:29:37          |
 |        Elapsed Time (sec) =         22.000       Date  =  12/18/2025        |
 |                                                                             |
 *-----------------------------------------------------------------------------*
